{
    "legalDisclaimer": "Use subject to New York Fed Terms of Use for Select Rate Data.  New York Fed has no liability for your use.  Refer the following link for more details: https://www.newyorkfed.org/markets/reference-rates-terms-of-use",
    "requestParameters": {
        "indexStartDate": "2020-04-01",
        "indexEndDate": "2020-04-30",
        "riskFreeRate": "SOFR",
        "rateRoundingDecimalPoints": 6
    },
    "effectiveStartDate": "2020-04-01",
    "effectiveEndDate": "2020-04-30",
    "indexAtEffectiveStartDate": 1.04136820,
    "indexAtEffectiveEndDate": 1.04138382,
    "averageCompoundedRate": 0.018620
}