{
    "comment": " Computed time : 2020-08-22T10:40:07+00:00. Computed time is the time stamp when the calculation was completed.",
    "lastUpdatedFromSource": "2020-08-05T09:45:12+00:00",
    "legalDisclaimer": "Use subject to New York Fed Terms of Use for Select Rate Data.  New York Fed has no liability for your use.  Refer the following link for more details: https://www.newyorkfed.org/markets/reference-rates-terms-of-use",
    "requestParameters": {
        "interestPeriodStartDate": "2020-02-29",
        "interestPeriodEndDate": "2020-05-24",
        "riskFreeRate": "SOFR",
        "riskFreeRateFloor": -0.02,
        "lookBackDays": 0,
        "lockoutDays": 4,
        "calculateTillDate": "2020-05-24"
    },
    "dailyRateSummary": [
        {
            "interestPeriodDate": "2020-05-22",
            "interestPeriodDays": 3,
            "publishedRiskFreeRate": 0.04,
            "rateApplied": 0.04,
            "riskFreeRateFloorApplied": false
        }
    ]
}