{
    "comment": " Computed time : 2021-04-26T12:10:11+00:00. Computed time is the time stamp when the calculation was completed.",
    "lastUpdatedFromSource": "2021-04-23T13:39:41+00:00",
    "legalDisclaimer": "Use subject to New York Fed Terms of Use for Select Rate Data.  New York Fed has no liability for your use.  Refer the following link for more details: https://www.newyorkfed.org/markets/reference-rates-terms-of-use",
    "interestCalculatorCriteria": {
        "initialPrincipalBalance": "100000",
        "interestPeriodStartDate": "2019-10-10",
        "interestPeriodEndDate": "2020-04-11",
        "riskFreeRate": "ESTR",
        "lookBackDays": "10",
        "lockoutDays": "0",
        "observationPeriodShift": "false",
        "spread": "0.523",
        "spreadAdjustment": "0.1",
        "dayCountConvention": "ACT/360",
        "rateRoundingDecimalPoints": "2",
        "principalAmountChanges": [
            {
                "date": "2019-10-18",
                "principalAmountChange": "-100000"
            },
            {
                "date": "2019-11-19",
                "principalAmountChange": "1000000"
            }
        ],
        "showDailyDetails": "false"
    },
    "currencyCode": "EUR",
    "interestSummary": [
        {
            "interestPeriodDate": "2020-04-09",
            "interestPeriodDays": 185,
            "principalBalance": 1000000.00,
            "publishedRiskFreeRate": 0.01,
            "rateApplied": 0.01,
            "riskFreeRateFloorApplied": false,
            "simpleAverageRate": "1.50",
            "allInRate": "2.12",
            "cummulativeInterestAmount": 8586.00
        }
    ]
}