{
  "message": "Bad Request",
  "_links": {
    "self": {
      "href": "/corporate/lending/alternative-reference-rates/v1/daily-compounding/rates?riskFreeRate=SOFR&rateRoundingDecimalPoints=2&lookBackDays=3&interestPeriodStartDate=2020-05-01&calculateTillDate=2020-05-15",
      "templated": false
    }
  },
  "_embedded": {
    "errors": [
      {
        "message": "Required QueryValue [interestPeriodEndDate] not specified",
        "path": "/interestPeriodEndDate"
      }
    ]
  }
}