{ 
    "initialPrincipalBalance":10000000.0,
    "interestPeriodStartDate":"2020-04-20",
    "interestPeriodEndDate":"2020-05-23",
    "riskFreeRate":"SOFR",
    "riskFreeRateFloor":0.04,
    "spread":1.95,
    "spreadAdjustment":-0.4445,
    "lookBackDays": 5,
    "lockoutDays": 0,
    "showDailyDetails": true,
    "rateRoundingDecimalPoints":10,
    "calculateTillDate":"2020-05-15",
    "paymentRounding":"UP",
    "observationPeriodShift": true,
    "principalAmountChanges":[{"date":"2020-05-16","principalAmountChange":150000},{"date":"2020-05-22","principalAmountChange":-10150000},{"date":"2020-05-23","principalAmountChange":1500000}]
 }