{
  "message": "Bad Request",
  "_links": {
    "self": {
      "href": "/corporate/lending/alternative-reference-rates/v1/simple-average/rates?riskFreeRate=SOFR&rateRoundingDecimalPoints=2",
      "templated": false
    }
  },
  "_embedded": {
    "errors": [
      {
        "message": "Required QueryValue [interestPeriodStartDate] not specified",
        "path": "/interestPeriodStartDate"
      }
    ]
  }
}