{
    "comment": " Computed time : 2021-08-16T11:25:40+00:00. Computed time is the time stamp when the calculation was completed.",
    "lastUpdatedFromSource": "2021-08-12T06:55:16+00:00",
    "legalDisclaimer": "Use subject to New York Fed Terms of Use for Select Rate Data.  New York Fed has no liability for your use.  Refer the following link for more details: https://www.newyorkfed.org/markets/reference-rates-terms-of-use",
    "requestParameters": {
        "indexStartDate": "2020-04-09",
        "indexEndDate": "2020-04-19",
        "riskFreeRate": "SOFR",
        "rateRoundingDecimalPoints": 5
    },
    "effectiveStartDate": "2020-04-09",
    "effectiveEndDate": "2020-04-19",
    "indexAtEffectiveStartDate": 1.04137051,
    "indexAtEffectiveEndDate": 1.04137745,
    "averageCompoundedRate": 0.02400
}