{
    "comment": " Computed time : 2020-08-20 T 11:46:09 GMT +0000. Computed time is the time stamp when the calculation was completed.",
    "lastUpdatedFromSource": "2020-08-05 T 09:45:12 GMT +0000",
    "legalDisclaimer": "Use subject to New York Fed Terms of Use for Select Rate Data.  New York Fed has no liability for your use.  Refer the following link for more details: https://www.newyorkfed.org/markets/reference-rates-terms-of-use",
    "requestParameters": {
        "interestPeriodStartDate": "2020-04-27",
        "interestPeriodEndDate": "2020-05-30",
        "riskFreeRate": "ESTR",
        "lookBackDays": 4,
        "lockoutDays": 8,
        "rateRoundingDecimalPoints": 6,
        "showDailyDetails": true,
        "calculateTillDate": "2020-05-21"
    },
    "dailyRateSummary": [
        {
            "interestPeriodDate": "2020-05-29",
            "interestPeriodDays": 34,
            "publishedRiskFreeRate": 0.04,
            "rateApplied": 0.04,
            "riskFreeRateFloorApplied": false,
            "averageCompoundedRate": 0.038824
        },
        {
            "interestPeriodDate": "2020-05-28",
            "interestPeriodDays": 32,
            "publishedRiskFreeRate": 0.04,
            "rateApplied": 0.04,
            "riskFreeRateFloorApplied": false,
            "averageCompoundedRate": 0.038751
        },
        {
            "interestPeriodDate": "2020-05-27",
            "interestPeriodDays": 31,
            "publishedRiskFreeRate": 0.04,
            "rateApplied": 0.04,
            "riskFreeRateFloorApplied": false,
            "averageCompoundedRate": 0.038710
        },
        {
            "interestPeriodDate": "2020-05-26",
            "interestPeriodDays": 30,
            "publishedRiskFreeRate": 0.04,
            "rateApplied": 0.04,
            "riskFreeRateFloorApplied": false,
            "averageCompoundedRate": 0.038667
        },
        {
            "interestPeriodDate": "2020-05-22",
            "interestPeriodDays": 29,
            "publishedRiskFreeRate": 0.04,
            "rateApplied": 0.04,
            "riskFreeRateFloorApplied": false,
            "averageCompoundedRate": 0.038621
        },
        {
            "interestPeriodDate": "2020-05-21",
            "interestPeriodDays": 25,
            "publishedRiskFreeRate": 0.04,
            "rateApplied": 0.04,
            "riskFreeRateFloorApplied": false,
            "averageCompoundedRate": 0.038400
        },
        {
            "interestPeriodDate": "2020-05-20",
            "interestPeriodDays": 24,
            "publishedRiskFreeRate": 0.04,
            "rateApplied": 0.04,
            "riskFreeRateFloorApplied": false,
            "averageCompoundedRate": 0.038334
        },
        {
            "interestPeriodDate": "2020-05-19",
            "interestPeriodDays": 23,
            "publishedRiskFreeRate": 0.04,
            "rateApplied": 0.04,
            "riskFreeRateFloorApplied": false,
            "averageCompoundedRate": 0.038261
        },
        {
            "interestPeriodDate": "2020-05-18",
            "interestPeriodDays": 22,
            "publishedRiskFreeRate": 0.06,
            "rateApplied": 0.06,
            "riskFreeRateFloorApplied": false,
            "averageCompoundedRate": 0.038182
        },
        {
            "interestPeriodDate": "2020-05-15",
            "interestPeriodDays": 21,
            "publishedRiskFreeRate": 0.06,
            "rateApplied": 0.06,
            "riskFreeRateFloorApplied": false,
            "averageCompoundedRate": 0.037143
        },
        {
            "interestPeriodDate": "2020-05-14",
            "interestPeriodDays": 18,
            "publishedRiskFreeRate": 0.06,
            "rateApplied": 0.06,
            "riskFreeRateFloorApplied": false,
            "averageCompoundedRate": 0.033334
        },
        {
            "interestPeriodDate": "2020-05-13",
            "interestPeriodDays": 17,
            "publishedRiskFreeRate": 0.05,
            "rateApplied": 0.05,
            "riskFreeRateFloorApplied": false,
            "averageCompoundedRate": 0.031765
        },
        {
            "interestPeriodDate": "2020-05-12",
            "interestPeriodDays": 16,
            "publishedRiskFreeRate": 0.05,
            "rateApplied": 0.05,
            "riskFreeRateFloorApplied": false,
            "averageCompoundedRate": 0.030625
        },
        {
            "interestPeriodDate": "2020-05-11",
            "interestPeriodDays": 15,
            "publishedRiskFreeRate": 0.05,
            "rateApplied": 0.05,
            "riskFreeRateFloorApplied": false,
            "averageCompoundedRate": 0.029333
        },
        {
            "interestPeriodDate": "2020-05-08",
            "interestPeriodDays": 14,
            "publishedRiskFreeRate": 0.05,
            "rateApplied": 0.05,
            "riskFreeRateFloorApplied": false,
            "averageCompoundedRate": 0.027857
        },
        {
            "interestPeriodDate": "2020-05-07",
            "interestPeriodDays": 11,
            "publishedRiskFreeRate": 0.03,
            "rateApplied": 0.03,
            "riskFreeRateFloorApplied": false,
            "averageCompoundedRate": 0.021818
        },
        {
            "interestPeriodDate": "2020-05-06",
            "interestPeriodDays": 10,
            "publishedRiskFreeRate": 0.04,
            "rateApplied": 0.04,
            "riskFreeRateFloorApplied": false,
            "averageCompoundedRate": 0.021000
        },
        {
            "interestPeriodDate": "2020-05-05",
            "interestPeriodDays": 9,
            "publishedRiskFreeRate": 0.01,
            "rateApplied": 0.01,
            "riskFreeRateFloorApplied": false,
            "averageCompoundedRate": 0.018889
        },
        {
            "interestPeriodDate": "2020-05-04",
            "interestPeriodDays": 8,
            "publishedRiskFreeRate": 0.01,
            "rateApplied": 0.01,
            "riskFreeRateFloorApplied": false,
            "averageCompoundedRate": 0.020000
        },
        {
            "interestPeriodDate": "2020-05-01",
            "interestPeriodDays": 7,
            "publishedRiskFreeRate": 0.03,
            "rateApplied": 0.03,
            "riskFreeRateFloorApplied": false,
            "averageCompoundedRate": 0.021429
        },
        {
            "interestPeriodDate": "2020-04-30",
            "interestPeriodDays": 4,
            "publishedRiskFreeRate": 0.03,
            "rateApplied": 0.03,
            "riskFreeRateFloorApplied": false,
            "averageCompoundedRate": 0.015000
        },
        {
            "interestPeriodDate": "2020-04-29",
            "interestPeriodDays": 3,
            "publishedRiskFreeRate": 0.01,
            "rateApplied": 0.01,
            "riskFreeRateFloorApplied": false,
            "averageCompoundedRate": 0.010000
        },
        {
            "interestPeriodDate": "2020-04-28",
            "interestPeriodDays": 2,
            "publishedRiskFreeRate": 0.01,
            "rateApplied": 0.01,
            "riskFreeRateFloorApplied": false,
            "averageCompoundedRate": 0.010000
        },
        {
            "interestPeriodDate": "2020-04-27",
            "interestPeriodDays": 1,
            "publishedRiskFreeRate": 0.01,
            "rateApplied": 0.01,
            "riskFreeRateFloorApplied": false,
            "averageCompoundedRate": 0.010000
        }
    ]
}