{
    "comment": " Computed time : 2021-05-20T07:05:30+00:00. Computed time is the time stamp when the calculation was completed.",
    "legalDisclaimer": "The TONAR benchmark is used subject to the terms of the UK Open Government License v.3.0 (https://www.nationalarchives.gov.uk/doc/open-government-licence/version/3/) and the Bank of England’s disclaimer for TONAR (set out below)*. The “TONAR” mark is used with the consent of the Bank of England (the benchmark administrator of TONAR), and the use of such mark does not imply or express any approval or endorsement by the Bank of England. “Bank of England” and “TONAR” are registered trade marks of the Bank of England. The Bank of England has no liability for your use of the calculator service herein.\n*Bank of England’s disclaimer for TONAR: TONAR is copyright the Bank of England. The trade marks “Bank of England” and “TONAR” are registered trade marks of the Bank of England. All Rights Reserved. The TONAR benchmark includes the proprietary information of the Bank of England and the data comprising the benchmark may not be copied or distributed except as specifically authorised. The TONAR benchmark is not intended to be relied upon as authoritative or taken in substitution for the exercise of judgement. The TONAR benchmark is not, and should not be construed as, an offer, bid or solicitation in relation to any financial instrument. The Bank of England does not guarantee, and expressly disclaims any liability for, and makes no representations or warranties whether express or implied, as to the currency, accuracy, timeliness, completeness or fitness for any particular purpose of the TONAR benchmark. The Bank of England accepts no liability whatsoever for any loss (including, but not limited to any direct, indirect or consequential loss, whether or not such loss is foreseeable and whether or not the Bank of England has been appraised of the use to which the TONAR benchmark will be put) howsoever arising from the use, the timeliness of delivery or the failure of delivery of the TONAR benchmark.",
    "requestParameters": {
        "interestPeriodStartDate": "2020-03-02",
        "interestPeriodEndDate": "2020-05-31",
        "riskFreeRate": "TONAR",
        "lookBackDays": 10,
        "lockoutDays": 0,
        "observationPeriodShift": true,
        "dayCountConvention": "ACT/365",
        "rateRoundingDecimalPoints": 9,
        "legacyRiskFreeRateFloor": -0.04895,
        "spreadAdjustment": -0.008,
        "showDailyDetails": true,
        "calculateTillDate": "2020-05-28"
    },
    "dailyRateSummary": [
        {
            "interestPeriodDate": "2020-05-29",
            "interestPeriodDays": 3,
            "observationPeriodDate": "2020-05-14",
            "observationPeriodDays": 1,
            "publishedRiskFreeRate": -0.0672,
            "rateApplied": -0.04095,
            "riskFreeRateFloorApplied": false,
            "derivedRiskFreeRateFloor": -0.04095,
            "derivedRiskFreeRateFloorApplied": true,
            "compoundingFactor": -3.585420973908,
            "dailyCompoundedRate": 0.146822989
        },
        {
            "interestPeriodDate": "2020-05-28",
            "interestPeriodDays": 1,
            "observationPeriodDate": "2020-05-13",
            "observationPeriodDays": 1,
            "publishedRiskFreeRate": -0.0684,
            "rateApplied": -0.04095,
            "riskFreeRateFloorApplied": false,
            "derivedRiskFreeRateFloor": -0.04095,
            "derivedRiskFreeRateFloorApplied": true,
            "compoundingFactor": 1.081962120641,
            "dailyCompoundedRate": -0.044306349
        },
        {
            "interestPeriodDate": "2020-05-27",
            "interestPeriodDays": 1,
            "observationPeriodDate": "2020-05-12",
            "observationPeriodDays": 1,
            "publishedRiskFreeRate": -0.232,
            "rateApplied": -0.04095,
            "riskFreeRateFloorApplied": false,
            "derivedRiskFreeRateFloor": -0.04095,
            "derivedRiskFreeRateFloorApplied": true,
            "compoundingFactor": 1.083877975958,
            "dailyCompoundedRate": -0.044384803
        },
        {
            "interestPeriodDate": "2020-05-26",
            "interestPeriodDays": 1,
            "observationPeriodDate": "2020-05-11",
            "observationPeriodDays": 1,
            "publishedRiskFreeRate": 0.11,
            "rateApplied": 0.11,
            "riskFreeRateFloorApplied": false,
            "derivedRiskFreeRateFloor": -0.04095,
            "derivedRiskFreeRateFloorApplied": false,
            "compoundingFactor": 0.985185825203,
            "dailyCompoundedRate": 0.108370441
        },
        {
            "interestPeriodDate": "2020-05-22",
            "interestPeriodDays": 4,
            "observationPeriodDate": "2020-05-07",
            "observationPeriodDays": 4,
            "publishedRiskFreeRate": 0,
            "rateApplied": 0,
            "riskFreeRateFloorApplied": false,
            "derivedRiskFreeRateFloor": -0.04095,
            "derivedRiskFreeRateFloorApplied": false,
            "compoundingFactor": 0.709058537143,
            "dailyCompoundedRate": -0.003175541
        },
        {
            "interestPeriodDate": "2020-05-21",
            "interestPeriodDays": 1,
            "observationPeriodDate": "2020-05-06",
            "observationPeriodDays": 1,
            "publishedRiskFreeRate": 0.0111,
            "rateApplied": 0.0111,
            "riskFreeRateFloorApplied": false,
            "derivedRiskFreeRateFloor": -0.04095,
            "derivedRiskFreeRateFloorApplied": false,
            "compoundingFactor": 0.709058537143,
            "dailyCompoundedRate": 0.007870550
        },
        {
            "interestPeriodDate": "2020-05-20",
            "interestPeriodDays": 1,
            "observationPeriodDate": "2020-05-05",
            "observationPeriodDays": 1,
            "publishedRiskFreeRate": 0,
            "rateApplied": 0,
            "riskFreeRateFloorApplied": false,
            "derivedRiskFreeRateFloor": -0.04095,
            "derivedRiskFreeRateFloorApplied": false,
            "compoundingFactor": 0.959689346990,
            "dailyCompoundedRate": -0.003461300
        },
        {
            "interestPeriodDate": "2020-05-19",
            "interestPeriodDays": 1,
            "observationPeriodDate": "2020-05-04",
            "observationPeriodDays": 1,
            "publishedRiskFreeRate": 0.0659,
            "rateApplied": 0.0659,
            "riskFreeRateFloorApplied": false,
            "derivedRiskFreeRateFloor": -0.04095,
            "derivedRiskFreeRateFloorApplied": false,
            "compoundingFactor": 0.959689346990,
            "dailyCompoundedRate": 0.063243528
        },
        {
            "interestPeriodDate": "2020-05-18",
            "interestPeriodDays": 1,
            "observationPeriodDate": "2020-05-01",
            "observationPeriodDays": 3,
            "publishedRiskFreeRate": 0.0658,
            "rateApplied": 0.0658,
            "riskFreeRateFloorApplied": false,
            "derivedRiskFreeRateFloor": -0.04095,
            "derivedRiskFreeRateFloorApplied": false,
            "compoundingFactor": -5.780215487116,
            "dailyCompoundedRate": -0.380338179
        },
        {
            "interestPeriodDate": "2020-05-15",
            "interestPeriodDays": 3,
            "observationPeriodDate": "2020-04-30",
            "observationPeriodDays": 1,
            "publishedRiskFreeRate": 0.0666,
            "rateApplied": 0.0666,
            "riskFreeRateFloorApplied": false,
            "derivedRiskFreeRateFloor": -0.04095,
            "derivedRiskFreeRateFloorApplied": false,
            "compoundingFactor": 3.168058643730,
            "dailyCompoundedRate": 0.210992706
        },
        {
            "interestPeriodDate": "2020-05-14",
            "interestPeriodDays": 1,
            "observationPeriodDate": "2020-04-29",
            "observationPeriodDays": 1,
            "publishedRiskFreeRate": 0.0673,
            "rateApplied": 0.0673,
            "riskFreeRateFloorApplied": false,
            "derivedRiskFreeRateFloor": -0.04095,
            "derivedRiskFreeRateFloorApplied": false,
            "compoundingFactor": 0.955107202697,
            "dailyCompoundedRate": 0.064278715
        },
        {
            "interestPeriodDate": "2020-05-13",
            "interestPeriodDays": 1,
            "observationPeriodDate": "2020-04-28",
            "observationPeriodDays": 1,
            "publishedRiskFreeRate": 0.0665,
            "rateApplied": 0.0665,
            "riskFreeRateFloorApplied": false,
            "derivedRiskFreeRateFloor": -0.04095,
            "derivedRiskFreeRateFloorApplied": false,
            "compoundingFactor": 0.953092709898,
            "dailyCompoundedRate": 0.063380665
        },
        {
            "interestPeriodDate": "2020-05-12",
            "interestPeriodDays": 1,
            "observationPeriodDate": "2020-04-27",
            "observationPeriodDays": 1,
            "publishedRiskFreeRate": 0.0652,
            "rateApplied": 0.0652,
            "riskFreeRateFloorApplied": false,
            "derivedRiskFreeRateFloor": -0.04095,
            "derivedRiskFreeRateFloorApplied": false,
            "compoundingFactor": 0.950475642522,
            "dailyCompoundedRate": 0.061971012
        },
        {
            "interestPeriodDate": "2020-05-11",
            "interestPeriodDays": 1,
            "observationPeriodDate": "2020-04-24",
            "observationPeriodDays": 3,
            "publishedRiskFreeRate": 0.0662,
            "rateApplied": 0.0662,
            "riskFreeRateFloorApplied": false,
            "derivedRiskFreeRateFloor": -0.04095,
            "derivedRiskFreeRateFloorApplied": false,
            "compoundingFactor": -6.443659232051,
            "dailyCompoundedRate": -0.426570241
        },
        {
            "interestPeriodDate": "2020-05-07",
            "interestPeriodDays": 4,
            "observationPeriodDate": "2020-04-23",
            "observationPeriodDays": 1,
            "publishedRiskFreeRate": 0.0673,
            "rateApplied": 0.0673,
            "riskFreeRateFloorApplied": false,
            "derivedRiskFreeRateFloor": -0.04095,
            "derivedRiskFreeRateFloorApplied": false,
            "compoundingFactor": 3.676647195381,
            "dailyCompoundedRate": 0.247438356
        },
        {
            "interestPeriodDate": "2020-05-06",
            "interestPeriodDays": 1,
            "observationPeriodDate": "2020-04-22",
            "observationPeriodDays": 1,
            "publishedRiskFreeRate": 0.0683,
            "rateApplied": 0.0683,
            "riskFreeRateFloorApplied": false,
            "derivedRiskFreeRateFloor": -0.04095,
            "derivedRiskFreeRateFloorApplied": false,
            "compoundingFactor": 1.000560683236,
            "dailyCompoundedRate": 0.068338295
        },
        {
            "interestPeriodDate": "2020-05-05",
            "interestPeriodDays": 1,
            "observationPeriodDate": "2020-04-21",
            "observationPeriodDays": 1,
            "publishedRiskFreeRate": 0.0672,
            "rateApplied": 0.0672,
            "riskFreeRateFloorApplied": false,
            "derivedRiskFreeRateFloor": -0.04095,
            "derivedRiskFreeRateFloorApplied": false,
            "compoundingFactor": 1.000558841112,
            "dailyCompoundedRate": 0.067237554
        },
        {
            "interestPeriodDate": "2020-05-04",
            "interestPeriodDays": 1,
            "observationPeriodDate": "2020-04-20",
            "observationPeriodDays": 1,
            "publishedRiskFreeRate": 0.0661,
            "rateApplied": 0.0661,
            "riskFreeRateFloorApplied": false,
            "derivedRiskFreeRateFloor": -0.04095,
            "derivedRiskFreeRateFloorApplied": false,
            "compoundingFactor": 1.000557029144,
            "dailyCompoundedRate": 0.066136820
        },
        {
            "interestPeriodDate": "2020-05-01",
            "interestPeriodDays": 3,
            "observationPeriodDate": "2020-04-17",
            "observationPeriodDays": 3,
            "publishedRiskFreeRate": 0.0643,
            "rateApplied": 0.0643,
            "riskFreeRateFloorApplied": false,
            "derivedRiskFreeRateFloor": -0.04095,
            "derivedRiskFreeRateFloorApplied": false,
            "compoundingFactor": 1.000551741297,
            "dailyCompoundedRate": 0.064335477
        },
        {
            "interestPeriodDate": "2020-04-30",
            "interestPeriodDays": 1,
            "observationPeriodDate": "2020-04-16",
            "observationPeriodDays": 1,
            "publishedRiskFreeRate": 0.0632,
            "rateApplied": 0.0632,
            "riskFreeRateFloorApplied": false,
            "derivedRiskFreeRateFloor": -0.04095,
            "derivedRiskFreeRateFloorApplied": false,
            "compoundingFactor": 1.000550008837,
            "dailyCompoundedRate": 0.063234761
        },
        {
            "interestPeriodDate": "2020-04-29",
            "interestPeriodDays": 1,
            "observationPeriodDate": "2020-04-15",
            "observationPeriodDays": 1,
            "publishedRiskFreeRate": 0.0634,
            "rateApplied": 0.0634,
            "riskFreeRateFloorApplied": false,
            "derivedRiskFreeRateFloor": -0.04095,
            "derivedRiskFreeRateFloorApplied": false,
            "compoundingFactor": 1.000548270899,
            "dailyCompoundedRate": 0.063434760
        },
        {
            "interestPeriodDate": "2020-04-28",
            "interestPeriodDays": 1,
            "observationPeriodDate": "2020-04-14",
            "observationPeriodDays": 1,
            "publishedRiskFreeRate": 0.0635,
            "rateApplied": 0.0635,
            "riskFreeRateFloorApplied": false,
            "derivedRiskFreeRateFloor": -0.04095,
            "derivedRiskFreeRateFloorApplied": false,
            "compoundingFactor": 1.000546530222,
            "dailyCompoundedRate": 0.063534705
        },
        {
            "interestPeriodDate": "2020-04-27",
            "interestPeriodDays": 1,
            "observationPeriodDate": "2020-04-09",
            "observationPeriodDays": 5,
            "publishedRiskFreeRate": 0.066,
            "rateApplied": 0.066,
            "riskFreeRateFloorApplied": false,
            "derivedRiskFreeRateFloor": -0.04095,
            "derivedRiskFreeRateFloorApplied": false,
            "compoundingFactor": 4.193445805279,
            "dailyCompoundedRate": -1.178913071
        },
        {
            "interestPeriodDate": "2020-04-24",
            "interestPeriodDays": 3,
            "observationPeriodDate": "2020-04-08",
            "observationPeriodDays": 1,
            "publishedRiskFreeRate": 0.0641,
            "rateApplied": 0.0641,
            "riskFreeRateFloorApplied": false,
            "derivedRiskFreeRateFloor": -0.04095,
            "derivedRiskFreeRateFloorApplied": false,
            "compoundingFactor": 4.193445805279,
            "dailyCompoundedRate": 0.268799876
        },
        {
            "interestPeriodDate": "2020-04-23",
            "interestPeriodDays": 1,
            "observationPeriodDate": "2020-04-07",
            "observationPeriodDays": 1,
            "publishedRiskFreeRate": 0.0661,
            "rateApplied": 0.0661,
            "riskFreeRateFloorApplied": false,
            "derivedRiskFreeRateFloor": -0.04095,
            "derivedRiskFreeRateFloorApplied": false,
            "compoundingFactor": 0.808535558512,
            "dailyCompoundedRate": 0.053444200
        },
        {
            "interestPeriodDate": "2020-04-22",
            "interestPeriodDays": 1,
            "observationPeriodDate": "2020-04-06",
            "observationPeriodDays": 1,
            "publishedRiskFreeRate": 0.0657,
            "rateApplied": 0.0657,
            "riskFreeRateFloorApplied": false,
            "derivedRiskFreeRateFloor": -0.04095,
            "derivedRiskFreeRateFloorApplied": false,
            "compoundingFactor": 0.799231730925,
            "dailyCompoundedRate": 0.052509525
        },
        {
            "interestPeriodDate": "2020-04-21",
            "interestPeriodDays": 1,
            "observationPeriodDate": "2020-04-03",
            "observationPeriodDays": 3,
            "publishedRiskFreeRate": 0.064,
            "rateApplied": 0.064,
            "riskFreeRateFloorApplied": false,
            "derivedRiskFreeRateFloor": -0.04095,
            "derivedRiskFreeRateFloorApplied": false,
            "compoundingFactor": 0.520401579017,
            "dailyCompoundedRate": -0.687337164
        },
        {
            "interestPeriodDate": "2020-04-20",
            "interestPeriodDays": 1,
            "observationPeriodDate": "2020-04-02",
            "observationPeriodDays": 1,
            "publishedRiskFreeRate": 0.0653,
            "rateApplied": 0.0653,
            "riskFreeRateFloorApplied": false,
            "derivedRiskFreeRateFloor": -0.04095,
            "derivedRiskFreeRateFloorApplied": false,
            "compoundingFactor": 0.520401579017,
            "dailyCompoundedRate": 0.033982223
        },
        {
            "interestPeriodDate": "2020-04-17",
            "interestPeriodDays": 3,
            "observationPeriodDate": "2020-04-01",
            "observationPeriodDays": 1,
            "publishedRiskFreeRate": 0.0712,
            "rateApplied": 0.0712,
            "riskFreeRateFloorApplied": false,
            "derivedRiskFreeRateFloor": -0.04095,
            "derivedRiskFreeRateFloorApplied": false,
            "compoundingFactor": 4.245706994806,
            "dailyCompoundedRate": 0.302294338
        },
        {
            "interestPeriodDate": "2020-04-16",
            "interestPeriodDays": 1,
            "observationPeriodDate": "2020-03-31",
            "observationPeriodDays": 1,
            "publishedRiskFreeRate": 0.0729,
            "rateApplied": 0.0729,
            "riskFreeRateFloorApplied": false,
            "derivedRiskFreeRateFloor": -0.04095,
            "derivedRiskFreeRateFloorApplied": false,
            "compoundingFactor": 0.770192749608,
            "dailyCompoundedRate": 0.056147051
        },
        {
            "interestPeriodDate": "2020-04-15",
            "interestPeriodDays": 1,
            "observationPeriodDate": "2020-03-30",
            "observationPeriodDays": 1,
            "publishedRiskFreeRate": 0.0714,
            "rateApplied": 0.0714,
            "riskFreeRateFloorApplied": false,
            "derivedRiskFreeRateFloor": -0.04095,
            "derivedRiskFreeRateFloorApplied": false,
            "compoundingFactor": 0.753152508872,
            "dailyCompoundedRate": 0.053775089
        },
        {
            "interestPeriodDate": "2020-04-14",
            "interestPeriodDays": 1,
            "observationPeriodDate": "2020-03-27",
            "observationPeriodDays": 3,
            "publishedRiskFreeRate": 0.071,
            "rateApplied": 0.071,
            "riskFreeRateFloorApplied": false,
            "derivedRiskFreeRateFloor": -0.04095,
            "derivedRiskFreeRateFloorApplied": false,
            "compoundingFactor": 5.472098059169,
            "dailyCompoundedRate": -0.806193922
        },
        {
            "interestPeriodDate": "2020-04-09",
            "interestPeriodDays": 5,
            "observationPeriodDate": "2020-03-26",
            "observationPeriodDays": 1,
            "publishedRiskFreeRate": 0.0729,
            "rateApplied": 0.0729,
            "riskFreeRateFloorApplied": false,
            "derivedRiskFreeRateFloor": -0.04095,
            "derivedRiskFreeRateFloorApplied": false,
            "compoundingFactor": 5.472098059169,
            "dailyCompoundedRate": 0.398915949
        },
        {
            "interestPeriodDate": "2020-04-08",
            "interestPeriodDays": 1,
            "observationPeriodDate": "2020-03-25",
            "observationPeriodDays": 1,
            "publishedRiskFreeRate": 0.075,
            "rateApplied": 0.075,
            "riskFreeRateFloorApplied": false,
            "derivedRiskFreeRateFloor": -0.04095,
            "derivedRiskFreeRateFloorApplied": false,
            "compoundingFactor": 1.000509261331,
            "dailyCompoundedRate": 0.075038195
        },
        {
            "interestPeriodDate": "2020-04-07",
            "interestPeriodDays": 1,
            "observationPeriodDate": "2020-03-24",
            "observationPeriodDays": 1,
            "publishedRiskFreeRate": 0.0736,
            "rateApplied": 0.0736,
            "riskFreeRateFloorApplied": false,
            "derivedRiskFreeRateFloor": -0.04095,
            "derivedRiskFreeRateFloorApplied": false,
            "compoundingFactor": 1.000507243870,
            "dailyCompoundedRate": 0.073637333
        },
        {
            "interestPeriodDate": "2020-04-06",
            "interestPeriodDays": 1,
            "observationPeriodDate": "2020-03-23",
            "observationPeriodDays": 1,
            "publishedRiskFreeRate": 0.0723,
            "rateApplied": 0.0723,
            "riskFreeRateFloorApplied": false,
            "derivedRiskFreeRateFloor": -0.04095,
            "derivedRiskFreeRateFloorApplied": false,
            "compoundingFactor": 1.000505262047,
            "dailyCompoundedRate": 0.072336530
        },
        {
            "interestPeriodDate": "2020-04-03",
            "interestPeriodDays": 3,
            "observationPeriodDate": "2020-03-20",
            "observationPeriodDays": 3,
            "publishedRiskFreeRate": 0.0706,
            "rateApplied": 0.0706,
            "riskFreeRateFloorApplied": false,
            "derivedRiskFreeRateFloor": -0.04095,
            "derivedRiskFreeRateFloorApplied": false,
            "compoundingFactor": 1.000499456409,
            "dailyCompoundedRate": 0.070635262
        },
        {
            "interestPeriodDate": "2020-04-02",
            "interestPeriodDays": 1,
            "observationPeriodDate": "2020-03-19",
            "observationPeriodDays": 1,
            "publishedRiskFreeRate": 0.2134,
            "rateApplied": 0.2134,
            "riskFreeRateFloorApplied": false,
            "derivedRiskFreeRateFloor": -0.04095,
            "derivedRiskFreeRateFloorApplied": false,
            "compoundingFactor": 1.000493606948,
            "dailyCompoundedRate": 0.213505336
        },
        {
            "interestPeriodDate": "2020-04-01",
            "interestPeriodDays": 1,
            "observationPeriodDate": "2020-03-18",
            "observationPeriodDays": 1,
            "publishedRiskFreeRate": 0.2148,
            "rateApplied": 0.2148,
            "riskFreeRateFloorApplied": false,
            "derivedRiskFreeRateFloor": -0.04095,
            "derivedRiskFreeRateFloorApplied": false,
            "compoundingFactor": 1.000487719146,
            "dailyCompoundedRate": 0.214904762
        },
        {
            "interestPeriodDate": "2020-03-31",
            "interestPeriodDays": 1,
            "observationPeriodDate": "2020-03-17",
            "observationPeriodDays": 1,
            "publishedRiskFreeRate": 0.2135,
            "rateApplied": 0.2135,
            "riskFreeRateFloorApplied": false,
            "derivedRiskFreeRateFloor": -0.04095,
            "derivedRiskFreeRateFloorApplied": false,
            "compoundingFactor": 1.000481867013,
            "dailyCompoundedRate": 0.213602879
        },
        {
            "interestPeriodDate": "2020-03-30",
            "interestPeriodDays": 1,
            "observationPeriodDate": "2020-03-16",
            "observationPeriodDays": 1,
            "publishedRiskFreeRate": 0.2096,
            "rateApplied": 0.2096,
            "riskFreeRateFloorApplied": false,
            "derivedRiskFreeRateFloor": -0.04095,
            "derivedRiskFreeRateFloorApplied": false,
            "compoundingFactor": 1.000476121813,
            "dailyCompoundedRate": 0.209699795
        },
        {
            "interestPeriodDate": "2020-03-27",
            "interestPeriodDays": 3,
            "observationPeriodDate": "2020-03-13",
            "observationPeriodDays": 3,
            "publishedRiskFreeRate": 0.2093,
            "rateApplied": 0.2093,
            "riskFreeRateFloorApplied": false,
            "derivedRiskFreeRateFloor": -0.04095,
            "derivedRiskFreeRateFloorApplied": false,
            "compoundingFactor": 1.000458911179,
            "dailyCompoundedRate": 0.209396050
        },
        {
            "interestPeriodDate": "2020-03-26",
            "interestPeriodDays": 1,
            "observationPeriodDate": "2020-03-12",
            "observationPeriodDays": 1,
            "publishedRiskFreeRate": 0.2093,
            "rateApplied": 0.2093,
            "riskFreeRateFloorApplied": false,
            "derivedRiskFreeRateFloor": -0.04095,
            "derivedRiskFreeRateFloorApplied": false,
            "compoundingFactor": 1.000453174333,
            "dailyCompoundedRate": 0.209394849
        },
        {
            "interestPeriodDate": "2020-03-25",
            "interestPeriodDays": 1,
            "observationPeriodDate": "2020-03-11",
            "observationPeriodDays": 1,
            "publishedRiskFreeRate": 0.2092,
            "rateApplied": 0.2092,
            "riskFreeRateFloorApplied": false,
            "derivedRiskFreeRateFloor": -0.04095,
            "derivedRiskFreeRateFloorApplied": false,
            "compoundingFactor": 1.000447440262,
            "dailyCompoundedRate": 0.209293605
        },
        {
            "interestPeriodDate": "2020-03-24",
            "interestPeriodDays": 1,
            "observationPeriodDate": "2020-03-10",
            "observationPeriodDays": 1,
            "publishedRiskFreeRate": 0.7091,
            "rateApplied": 0.7091,
            "riskFreeRateFloorApplied": false,
            "derivedRiskFreeRateFloor": -0.04095,
            "derivedRiskFreeRateFloorApplied": false,
            "compoundingFactor": 1.000428004550,
            "dailyCompoundedRate": 0.709403498
        },
        {
            "interestPeriodDate": "2020-03-23",
            "interestPeriodDays": 1,
            "observationPeriodDate": "2020-03-09",
            "observationPeriodDays": 1,
            "publishedRiskFreeRate": 0.7091,
            "rateApplied": 0.7091,
            "riskFreeRateFloorApplied": false,
            "derivedRiskFreeRateFloor": -0.04095,
            "derivedRiskFreeRateFloorApplied": false,
            "compoundingFactor": 1.000408569215,
            "dailyCompoundedRate": 0.709389716
        },
        {
            "interestPeriodDate": "2020-03-20",
            "interestPeriodDays": 3,
            "observationPeriodDate": "2020-03-06",
            "observationPeriodDays": 3,
            "publishedRiskFreeRate": 0.7087,
            "rateApplied": 0.7087,
            "riskFreeRateFloorApplied": false,
            "derivedRiskFreeRateFloor": -0.04095,
            "derivedRiskFreeRateFloorApplied": false,
            "compoundingFactor": 1.000350299495,
            "dailyCompoundedRate": 0.708948257
        },
        {
            "interestPeriodDate": "2020-03-19",
            "interestPeriodDays": 1,
            "observationPeriodDate": "2020-03-05",
            "observationPeriodDays": 1,
            "publishedRiskFreeRate": 0.7089,
            "rateApplied": 0.7089,
            "riskFreeRateFloorApplied": false,
            "derivedRiskFreeRateFloor": -0.04095,
            "derivedRiskFreeRateFloorApplied": false,
            "compoundingFactor": 1.000330871151,
            "dailyCompoundedRate": 0.709134555
        },
        {
            "interestPeriodDate": "2020-03-18",
            "interestPeriodDays": 1,
            "observationPeriodDate": "2020-03-04",
            "observationPeriodDays": 1,
            "publishedRiskFreeRate": 0.71,
            "rateApplied": 0.71,
            "riskFreeRateFloorApplied": false,
            "derivedRiskFreeRateFloor": -0.04095,
            "derivedRiskFreeRateFloorApplied": false,
            "compoundingFactor": 1.000311413039,
            "dailyCompoundedRate": 0.710221103
        },
        {
            "interestPeriodDate": "2020-03-17",
            "interestPeriodDays": 1,
            "observationPeriodDate": "2020-03-03",
            "observationPeriodDays": 1,
            "publishedRiskFreeRate": 0.7098,
            "rateApplied": 0.7098,
            "riskFreeRateFloorApplied": false,
            "derivedRiskFreeRateFloor": -0.04095,
            "derivedRiskFreeRateFloorApplied": false,
            "compoundingFactor": 1.000291960786,
            "dailyCompoundedRate": 0.710007234
        },
        {
            "interestPeriodDate": "2020-03-16",
            "interestPeriodDays": 1,
            "observationPeriodDate": "2020-03-02",
            "observationPeriodDays": 1,
            "publishedRiskFreeRate": 0.7089,
            "rateApplied": 0.7089,
            "riskFreeRateFloorApplied": false,
            "derivedRiskFreeRateFloor": -0.04095,
            "derivedRiskFreeRateFloorApplied": false,
            "compoundingFactor": 1.000272533575,
            "dailyCompoundedRate": 0.709093199
        },
        {
            "interestPeriodDate": "2020-03-13",
            "interestPeriodDays": 3,
            "observationPeriodDate": "2020-02-28",
            "observationPeriodDays": 3,
            "publishedRiskFreeRate": 0.7098,
            "rateApplied": 0.7098,
            "riskFreeRateFloorApplied": false,
            "derivedRiskFreeRateFloor": -0.04095,
            "derivedRiskFreeRateFloorApplied": false,
            "compoundingFactor": 1.000214181354,
            "dailyCompoundedRate": 0.709952026
        },
        {
            "interestPeriodDate": "2020-03-12",
            "interestPeriodDays": 1,
            "observationPeriodDate": "2020-02-27",
            "observationPeriodDays": 1,
            "publishedRiskFreeRate": 0.7106,
            "rateApplied": 0.7106,
            "riskFreeRateFloorApplied": false,
            "derivedRiskFreeRateFloor": -0.04095,
            "derivedRiskFreeRateFloorApplied": false,
            "compoundingFactor": 1.000194709070,
            "dailyCompoundedRate": 0.710738360
        },
        {
            "interestPeriodDate": "2020-03-11",
            "interestPeriodDays": 1,
            "observationPeriodDate": "2020-02-26",
            "observationPeriodDays": 1,
            "publishedRiskFreeRate": 0.7114,
            "rateApplied": 0.7114,
            "riskFreeRateFloorApplied": false,
            "derivedRiskFreeRateFloor": -0.04095,
            "derivedRiskFreeRateFloorApplied": false,
            "compoundingFactor": 1.000175215244,
            "dailyCompoundedRate": 0.711524648
        },
        {
            "interestPeriodDate": "2020-03-10",
            "interestPeriodDays": 1,
            "observationPeriodDate": "2020-02-25",
            "observationPeriodDays": 1,
            "publishedRiskFreeRate": 0.7109,
            "rateApplied": 0.7109,
            "riskFreeRateFloorApplied": false,
            "derivedRiskFreeRateFloor": -0.04095,
            "derivedRiskFreeRateFloorApplied": false,
            "compoundingFactor": 1.000155735498,
            "dailyCompoundedRate": 0.711010712
        },
        {
            "interestPeriodDate": "2020-03-09",
            "interestPeriodDays": 1,
            "observationPeriodDate": "2020-02-24",
            "observationPeriodDays": 1,
            "publishedRiskFreeRate": 0.7105,
            "rateApplied": 0.7105,
            "riskFreeRateFloorApplied": false,
            "derivedRiskFreeRateFloor": -0.04095,
            "derivedRiskFreeRateFloorApplied": false,
            "compoundingFactor": 1.000136267092,
            "dailyCompoundedRate": 0.710596818
        },
        {
            "interestPeriodDate": "2020-03-06",
            "interestPeriodDays": 3,
            "observationPeriodDate": "2020-02-21",
            "observationPeriodDays": 3,
            "publishedRiskFreeRate": 0.7112,
            "rateApplied": 0.7112,
            "riskFreeRateFloorApplied": false,
            "derivedRiskFreeRateFloor": -0.04095,
            "derivedRiskFreeRateFloorApplied": false,
            "compoundingFactor": 1.000077807750,
            "dailyCompoundedRate": 0.711255337
        },
        {
            "interestPeriodDate": "2020-03-05",
            "interestPeriodDays": 1,
            "observationPeriodDate": "2020-02-20",
            "observationPeriodDays": 1,
            "publishedRiskFreeRate": 0.711,
            "rateApplied": 0.711,
            "riskFreeRateFloorApplied": false,
            "derivedRiskFreeRateFloor": -0.04095,
            "derivedRiskFreeRateFloorApplied": false,
            "compoundingFactor": 1.000058327161,
            "dailyCompoundedRate": 0.711041471
        },
        {
            "interestPeriodDate": "2020-03-04",
            "interestPeriodDays": 1,
            "observationPeriodDate": "2020-02-19",
            "observationPeriodDays": 1,
            "publishedRiskFreeRate": 0.7102,
            "rateApplied": 0.7102,
            "riskFreeRateFloorApplied": false,
            "derivedRiskFreeRateFloor": -0.04095,
            "derivedRiskFreeRateFloorApplied": false,
            "compoundingFactor": 1.000038868871,
            "dailyCompoundedRate": 0.710227605
        },
        {
            "interestPeriodDate": "2020-03-03",
            "interestPeriodDays": 1,
            "observationPeriodDate": "2020-02-18",
            "observationPeriodDays": 1,
            "publishedRiskFreeRate": 0.7095,
            "rateApplied": 0.7095,
            "riskFreeRateFloorApplied": false,
            "derivedRiskFreeRateFloor": -0.04095,
            "derivedRiskFreeRateFloorApplied": false,
            "compoundingFactor": 1.000019430137,
            "dailyCompoundedRate": 0.709513786
        },
        {
            "interestPeriodDate": "2020-03-02",
            "interestPeriodDays": 1,
            "observationPeriodDate": "2020-02-17",
            "observationPeriodDays": 1,
            "publishedRiskFreeRate": 0.7092,
            "rateApplied": 0.7092,
            "riskFreeRateFloorApplied": false,
            "derivedRiskFreeRateFloor": -0.04095,
            "derivedRiskFreeRateFloorApplied": false,
            "compoundingFactor": 1.000000000000,
            "dailyCompoundedRate": 0.709200000
        }
    ]
}