{
    "comment": " Computed time : 2020-08-24T14:29:15+00:00. Computed time is the time stamp when the calculation was completed.",
    "lastUpdatedFromSource": "2020-08-05T09:45:12+00:00",
    "legalDisclaimer": "Use subject to New York Fed Terms of Use for Select Rate Data.  New York Fed has no liability for your use.  Refer the following link for more details: https://www.newyorkfed.org/markets/reference-rates-terms-of-use",
    "requestParameters": {
        "interestPeriodStartDate": "2020-05-02",
        "interestPeriodEndDate": "2020-06-01",
        "riskFreeRate": "ESTR",
        "lookBackDays": 0,
        "lockoutDays": 8,
        "rateRoundingDecimalPoints": 7,
        "showDailyDetails": true,
        "calculateTillDate": "2020-05-19"
    },
    "dailyRateSummary": [
        {
            "interestPeriodDate": "2020-06-01",
            "interestPeriodDays": 1,
            "publishedRiskFreeRate": 0.04,
            "rateApplied": 0.04,
            "riskFreeRateFloorApplied": false,
            "compoundingFactor": 1.0000369,
            "dailyCompoundedRate": 0.0400015
        },
        {
            "interestPeriodDate": "2020-05-29",
            "interestPeriodDays": 3,
            "publishedRiskFreeRate": 0.04,
            "rateApplied": 0.04,
            "riskFreeRateFloorApplied": false,
            "compoundingFactor": 1.0000336,
            "dailyCompoundedRate": 0.0400013
        },
        {
            "interestPeriodDate": "2020-05-28",
            "interestPeriodDays": 1,
            "publishedRiskFreeRate": 0.04,
            "rateApplied": 0.04,
            "riskFreeRateFloorApplied": false,
            "compoundingFactor": 1.0000325,
            "dailyCompoundedRate": 0.0400013
        },
        {
            "interestPeriodDate": "2020-05-27",
            "interestPeriodDays": 1,
            "publishedRiskFreeRate": 0.04,
            "rateApplied": 0.04,
            "riskFreeRateFloorApplied": false,
            "compoundingFactor": 1.0000314,
            "dailyCompoundedRate": 0.0400013
        },
        {
            "interestPeriodDate": "2020-05-26",
            "interestPeriodDays": 1,
            "publishedRiskFreeRate": 0.04,
            "rateApplied": 0.04,
            "riskFreeRateFloorApplied": false,
            "compoundingFactor": 1.0000303,
            "dailyCompoundedRate": 0.0400012
        },
        {
            "interestPeriodDate": "2020-05-22",
            "interestPeriodDays": 4,
            "publishedRiskFreeRate": 0.04,
            "rateApplied": 0.04,
            "riskFreeRateFloorApplied": false,
            "compoundingFactor": 1.0000258,
            "dailyCompoundedRate": 0.0400010
        },
        {
            "interestPeriodDate": "2020-05-21",
            "interestPeriodDays": 1,
            "publishedRiskFreeRate": 0.04,
            "rateApplied": 0.04,
            "riskFreeRateFloorApplied": false,
            "compoundingFactor": 1.0000247,
            "dailyCompoundedRate": 0.0400010
        },
        {
            "interestPeriodDate": "2020-05-20",
            "interestPeriodDays": 1,
            "publishedRiskFreeRate": 0.04,
            "rateApplied": 0.04,
            "riskFreeRateFloorApplied": false,
            "compoundingFactor": 1.0000236,
            "dailyCompoundedRate": 0.0400009
        },
        {
            "interestPeriodDate": "2020-05-19",
            "interestPeriodDays": 1,
            "publishedRiskFreeRate": 0.04,
            "rateApplied": 0.04,
            "riskFreeRateFloorApplied": false,
            "compoundingFactor": 1.0000225,
            "dailyCompoundedRate": 0.0400009
        },
        {
            "interestPeriodDate": "2020-05-18",
            "interestPeriodDays": 1,
            "publishedRiskFreeRate": 0.04,
            "rateApplied": 0.04,
            "riskFreeRateFloorApplied": false,
            "compoundingFactor": 1.0000214,
            "dailyCompoundedRate": 0.0400009
        },
        {
            "interestPeriodDate": "2020-05-15",
            "interestPeriodDays": 3,
            "publishedRiskFreeRate": 0.05,
            "rateApplied": 0.05,
            "riskFreeRateFloorApplied": false,
            "compoundingFactor": 1.0000172,
            "dailyCompoundedRate": 0.0500009
        },
        {
            "interestPeriodDate": "2020-05-14",
            "interestPeriodDays": 1,
            "publishedRiskFreeRate": 0.02,
            "rateApplied": 0.02,
            "riskFreeRateFloorApplied": false,
            "compoundingFactor": 1.0000167,
            "dailyCompoundedRate": 0.0200003
        },
        {
            "interestPeriodDate": "2020-05-13",
            "interestPeriodDays": 1,
            "publishedRiskFreeRate": 0.04,
            "rateApplied": 0.04,
            "riskFreeRateFloorApplied": false,
            "compoundingFactor": 1.0000156,
            "dailyCompoundedRate": 0.0400006
        },
        {
            "interestPeriodDate": "2020-05-12",
            "interestPeriodDays": 1,
            "publishedRiskFreeRate": 0.06,
            "rateApplied": 0.06,
            "riskFreeRateFloorApplied": false,
            "compoundingFactor": 1.0000139,
            "dailyCompoundedRate": 0.0600008
        },
        {
            "interestPeriodDate": "2020-05-11",
            "interestPeriodDays": 1,
            "publishedRiskFreeRate": 0.06,
            "rateApplied": 0.06,
            "riskFreeRateFloorApplied": false,
            "compoundingFactor": 1.0000122,
            "dailyCompoundedRate": 0.0600007
        },
        {
            "interestPeriodDate": "2020-05-08",
            "interestPeriodDays": 3,
            "publishedRiskFreeRate": 0.06,
            "rateApplied": 0.06,
            "riskFreeRateFloorApplied": false,
            "compoundingFactor": 1.0000072,
            "dailyCompoundedRate": 0.0600004
        },
        {
            "interestPeriodDate": "2020-05-07",
            "interestPeriodDays": 1,
            "publishedRiskFreeRate": 0.05,
            "rateApplied": 0.05,
            "riskFreeRateFloorApplied": false,
            "compoundingFactor": 1.0000058,
            "dailyCompoundedRate": 0.0500003
        },
        {
            "interestPeriodDate": "2020-05-06",
            "interestPeriodDays": 1,
            "publishedRiskFreeRate": 0.05,
            "rateApplied": 0.05,
            "riskFreeRateFloorApplied": false,
            "compoundingFactor": 1.0000044,
            "dailyCompoundedRate": 0.0500002
        },
        {
            "interestPeriodDate": "2020-05-05",
            "interestPeriodDays": 1,
            "publishedRiskFreeRate": 0.05,
            "rateApplied": 0.05,
            "riskFreeRateFloorApplied": false,
            "compoundingFactor": 1.0000031,
            "dailyCompoundedRate": 0.0500002
        },
        {
            "interestPeriodDate": "2020-05-04",
            "interestPeriodDays": 1,
            "publishedRiskFreeRate": 0.05,
            "rateApplied": 0.05,
            "riskFreeRateFloorApplied": false,
            "compoundingFactor": 1.0000017,
            "dailyCompoundedRate": 0.0500001
        },
        {
            "interestPeriodDate": "2020-05-02",
            "interestPeriodDays": 2,
            "publishedRiskFreeRate": 0.03,
            "rateApplied": 0.03,
            "riskFreeRateFloorApplied": false,
            "compoundingFactor": 1.0000000,
            "dailyCompoundedRate": 0.0300000
        }
    ]
}