{
    "comment": " Computed time : 2021-02-01T15:19:48+00:00. Computed time is the time stamp when the calculation was completed.",
    "lastUpdatedFromSource": "2021-01-29T13:30:11+00:00",
    "legalDisclaimer": "Use subject to New York Fed Terms of Use for Select Rate Data.  New York Fed has no liability for your use.  Refer the following link for more details: https://www.newyorkfed.org/markets/reference-rates-terms-of-use",
    "interestCalculatorCriteria": {
        "initialPrincipalBalance": 10000000,
        "interestPeriodStartDate": "2020-12-25",
        "interestPeriodEndDate": "2021-01-09",
        "riskFreeRate": "ESTR",
        "lookBackDays": 1,
        "lockoutDays": 0,
        "observationPeriodShift": true,
        "spread": 2.3233,
        "spreadAdjustment": -1.5154,
        "dayCountConvention": "ACT/360",
        "rateRoundingDecimalPoints": 10,
        "paymentRounding": "UP",
        "principalAmountChanges": [
            {
                "date": "2021-01-01",
                "principalAmountChange": 150000
            },
            {
                "date": "2021-01-09",
                "principalAmountChange": -1000000
            },
            {
                "date": "2021-01-09",
                "principalAmountChange": 150000
            }
        ],
        "showDailyDetails": true,
        "calculateTillDate": "2021-01-01"
    },
    "currencyCode": "EUR",
    "interestSummary": [
        {
            "interestPeriodDate": "2021-01-09",
            "interestPeriodDays": 1,
            "observationPeriodDate": "2021-01-07",
            "observationPeriodDays": 1,
            "principalBalance": 9300000.00,
            "publishedRiskFreeRate": 0.10,
            "rateApplied": 0.10,
            "riskFreeRateFloorApplied": false,
            "allInRateFloorApplied": false,
            "allInRateCapApplied": false,
            "compoundingFactor": 1.0000419452,
            "dailyCompoundedRate": 0.1000041945,
            "calculatedAllInRate": 0.9079041945,
            "allInRate": 0.9079041945,
            "interestAmount": 234.55,
            "cummulativeInterestAmount": 4005.86
        },
        {
            "interestPeriodDate": "2021-01-08",
            "interestPeriodDays": 1,
            "observationPeriodDate": "2021-01-07",
            "observationPeriodDays": 1,
            "principalBalance": 10150000.00,
            "publishedRiskFreeRate": 0.10,
            "rateApplied": 0.10,
            "riskFreeRateFloorApplied": false,
            "allInRateFloorApplied": false,
            "allInRateCapApplied": false,
            "compoundingFactor": 1.0000419452,
            "dailyCompoundedRate": 0.1000041945,
            "calculatedAllInRate": 0.9079041945,
            "allInRate": 0.9079041945,
            "interestAmount": 255.98,
            "cummulativeInterestAmount": 3771.32
        },
        {
            "interestPeriodDate": "2021-01-07",
            "interestPeriodDays": 1,
            "observationPeriodDate": "2021-01-06",
            "observationPeriodDays": 1,
            "principalBalance": 10150000.00,
            "publishedRiskFreeRate": 0.10,
            "rateApplied": 0.10,
            "riskFreeRateFloorApplied": false,
            "allInRateFloorApplied": false,
            "allInRateCapApplied": false,
            "compoundingFactor": 1.0000391673,
            "dailyCompoundedRate": 0.1000039167,
            "calculatedAllInRate": 0.9079039167,
            "allInRate": 0.9079039167,
            "interestAmount": 255.98,
            "cummulativeInterestAmount": 3515.34
        },
        {
            "interestPeriodDate": "2021-01-06",
            "interestPeriodDays": 1,
            "observationPeriodDate": "2021-01-05",
            "observationPeriodDays": 1,
            "principalBalance": 10150000.00,
            "publishedRiskFreeRate": 0.11,
            "rateApplied": 0.11,
            "riskFreeRateFloorApplied": false,
            "allInRateFloorApplied": false,
            "allInRateCapApplied": false,
            "compoundingFactor": 1.0000361116,
            "dailyCompoundedRate": 0.1100039723,
            "calculatedAllInRate": 0.9179039723,
            "allInRate": 0.9179039723,
            "interestAmount": 258.80,
            "cummulativeInterestAmount": 3259.36
        },
        {
            "interestPeriodDate": "2021-01-05",
            "interestPeriodDays": 1,
            "observationPeriodDate": "2021-01-04",
            "observationPeriodDays": 1,
            "principalBalance": 10150000.00,
            "publishedRiskFreeRate": 0.10,
            "rateApplied": 0.10,
            "riskFreeRateFloorApplied": false,
            "allInRateFloorApplied": false,
            "allInRateCapApplied": false,
            "compoundingFactor": 1.0000333338,
            "dailyCompoundedRate": 0.1000033334,
            "calculatedAllInRate": 0.9079033334,
            "allInRate": 0.9079033334,
            "interestAmount": 255.98,
            "cummulativeInterestAmount": 3000.56
        },
        {
            "interestPeriodDate": "2021-01-04",
            "interestPeriodDays": 1,
            "observationPeriodDate": "2020-12-31",
            "observationPeriodDays": 4,
            "principalBalance": 10150000.00,
            "publishedRiskFreeRate": 0.07,
            "rateApplied": 0.07,
            "riskFreeRateFloorApplied": false,
            "allInRateFloorApplied": false,
            "allInRateCapApplied": false,
            "compoundingFactor": 1.0000255558,
            "dailyCompoundedRate": 0.0700017889,
            "calculatedAllInRate": 0.8779017889,
            "allInRate": 0.8779017889,
            "interestAmount": 247.52,
            "cummulativeInterestAmount": 2744.59
        },
        {
            "interestPeriodDate": "2021-01-01",
            "interestPeriodDays": 3,
            "observationPeriodDate": "2020-12-30",
            "observationPeriodDays": 1,
            "principalBalance": 10150000.00,
            "publishedRiskFreeRate": 0.09,
            "rateApplied": 0.09,
            "riskFreeRateFloorApplied": false,
            "allInRateFloorApplied": false,
            "allInRateCapApplied": false,
            "compoundingFactor": 1.0000230557,
            "dailyCompoundedRate": 0.0900020750,
            "calculatedAllInRate": 0.8979020750,
            "allInRate": 0.8979020750,
            "interestAmount": 759.48,
            "cummulativeInterestAmount": 2497.07
        },
        {
            "interestPeriodDate": "2020-12-31",
            "interestPeriodDays": 1,
            "observationPeriodDate": "2020-12-30",
            "observationPeriodDays": 1,
            "principalBalance": 10000000.00,
            "publishedRiskFreeRate": 0.09,
            "rateApplied": 0.09,
            "riskFreeRateFloorApplied": false,
            "allInRateFloorApplied": false,
            "allInRateCapApplied": false,
            "compoundingFactor": 1.0000230557,
            "dailyCompoundedRate": 0.0900020750,
            "calculatedAllInRate": 0.8979020750,
            "allInRate": 0.8979020750,
            "interestAmount": 249.42,
            "cummulativeInterestAmount": 1737.59
        },
        {
            "interestPeriodDate": "2020-12-30",
            "interestPeriodDays": 1,
            "observationPeriodDate": "2020-12-29",
            "observationPeriodDays": 1,
            "principalBalance": 10000000.00,
            "publishedRiskFreeRate": 0.10,
            "rateApplied": 0.10,
            "riskFreeRateFloorApplied": false,
            "allInRateFloorApplied": false,
            "allInRateCapApplied": false,
            "compoundingFactor": 1.0000202779,
            "dailyCompoundedRate": 0.1000020278,
            "calculatedAllInRate": 0.9079020278,
            "allInRate": 0.9079020278,
            "interestAmount": 252.20,
            "cummulativeInterestAmount": 1488.17
        },
        {
            "interestPeriodDate": "2020-12-29",
            "interestPeriodDays": 1,
            "observationPeriodDate": "2020-12-28",
            "observationPeriodDays": 1,
            "principalBalance": 10000000.00,
            "publishedRiskFreeRate": 0.09,
            "rateApplied": 0.09,
            "riskFreeRateFloorApplied": false,
            "allInRateFloorApplied": false,
            "allInRateCapApplied": false,
            "compoundingFactor": 1.0000177779,
            "dailyCompoundedRate": 0.0900016000,
            "calculatedAllInRate": 0.8979016000,
            "allInRate": 0.8979016000,
            "interestAmount": 249.42,
            "cummulativeInterestAmount": 1235.98
        },
        {
            "interestPeriodDate": "2020-12-28",
            "interestPeriodDays": 1,
            "observationPeriodDate": "2020-12-24",
            "observationPeriodDays": 4,
            "principalBalance": 10000000.00,
            "publishedRiskFreeRate": 0.08,
            "rateApplied": 0.08,
            "riskFreeRateFloorApplied": false,
            "allInRateFloorApplied": false,
            "allInRateCapApplied": false,
            "compoundingFactor": 1.0000088889,
            "dailyCompoundedRate": 0.0800007111,
            "calculatedAllInRate": 0.8879007111,
            "allInRate": 0.8879007111,
            "interestAmount": 246.64,
            "cummulativeInterestAmount": 986.56
        },
        {
            "interestPeriodDate": "2020-12-25",
            "interestPeriodDays": 3,
            "observationPeriodDate": "2020-12-24",
            "observationPeriodDays": 4,
            "principalBalance": 10000000.00,
            "publishedRiskFreeRate": 0.08,
            "rateApplied": 0.08,
            "riskFreeRateFloorApplied": false,
            "allInRateFloorApplied": false,
            "allInRateCapApplied": false,
            "compoundingFactor": 1.0000000000,
            "dailyCompoundedRate": 0.0800000000,
            "calculatedAllInRate": 0.8879000000,
            "allInRate": 0.8879000000,
            "interestAmount": 739.92,
            "cummulativeInterestAmount": 739.92
        }
    ]
}