{
    "comment": " Computed time : 2021-05-21T05:58:49+00:00. Computed time is the time stamp when the calculation was completed.",
    "lastUpdatedFromSource": "2020-08-05T09:45:12+00:00",
    "legalDisclaimer": "Use subject to New York Fed Terms of Use for Select Rate Data.  New York Fed has no liability for your use.  Refer the following link for more details: https://www.newyorkfed.org/markets/reference-rates-terms-of-use",
    "interestCalculatorCriteria": {
        "initialPrincipalBalance": 10000000,
        "interestPeriodStartDate": "2020-04-20",
        "interestPeriodEndDate": "2020-05-23",
        "riskFreeRate": "ESTR",
        "riskFreeRateFloor": 0.04,
        "lookBackDays": 5,
        "lockoutDays": 0,
        "observationPeriodShift": true,
        "spread": 1.95,
        "spreadAdjustment": -0.4445,
        "rateRoundingDecimalPoints": 10,
        "paymentRounding": "UP",
        "principalAmountChanges": [
            {
                "date": "2020-05-16",
                "principalAmountChange": 150000
            },
            {
                "date": "2020-05-22",
                "principalAmountChange": -10150000
            },
            {
                "date": "2020-05-23",
                "principalAmountChange": 1500000
            }
        ],
        "showDailyDetails": true,
        "calculateTillDate": "2020-05-15"
    },
    "currencyCode": "EUR",
    "interestSummary": [
        {
            "interestPeriodDate": "2020-05-23",
            "interestPeriodDays": 1,
            "observationPeriodDate": "2020-05-15",
            "observationPeriodDays": 3,
            "principalBalance": 1500000.00,
            "publishedRiskFreeRate": 0.05,
            "rateApplied": 0.05,
            "riskFreeRateFloorApplied": false,
            "compoundingFactor": 1.045764808944,
            "dailyCompoundedRate": 0.0522882404,
            "allInRate": 1.5577882404,
            "interestAmount": 64.91,
            "cummulativeInterestAmount": 13886.11
        },
        {
            "interestPeriodDate": "2020-05-22",
            "interestPeriodDays": 1,
            "observationPeriodDate": "2020-05-15",
            "observationPeriodDays": 3,
            "principalBalance": 0.00,
            "publishedRiskFreeRate": 0.05,
            "rateApplied": 0.05,
            "riskFreeRateFloorApplied": false,
            "compoundingFactor": 1.045764808944,
            "dailyCompoundedRate": 0.0522882404,
            "allInRate": 1.5577882404,
            "interestAmount": 0.00,
            "cummulativeInterestAmount": 13821.21
        },
        {
            "interestPeriodDate": "2020-05-21",
            "interestPeriodDays": 1,
            "observationPeriodDate": "2020-05-14",
            "observationPeriodDays": 1,
            "principalBalance": 10150000.00,
            "publishedRiskFreeRate": 0.02,
            "rateApplied": 0.04,
            "riskFreeRateFloorApplied": true,
            "compoundingFactor": 1.000038889600,
            "dailyCompoundedRate": 0.0400015556,
            "allInRate": 1.5455015556,
            "interestAmount": 435.75,
            "cummulativeInterestAmount": 13821.21
        },
        {
            "interestPeriodDate": "2020-05-20",
            "interestPeriodDays": 1,
            "observationPeriodDate": "2020-05-13",
            "observationPeriodDays": 1,
            "principalBalance": 10150000.00,
            "publishedRiskFreeRate": 0.04,
            "rateApplied": 0.04,
            "riskFreeRateFloorApplied": false,
            "compoundingFactor": 1.000037778447,
            "dailyCompoundedRate": 0.0400015111,
            "allInRate": 1.5455015111,
            "interestAmount": 435.75,
            "cummulativeInterestAmount": 13385.46
        },
        {
            "interestPeriodDate": "2020-05-19",
            "interestPeriodDays": 1,
            "observationPeriodDate": "2020-05-12",
            "observationPeriodDays": 1,
            "principalBalance": 10150000.00,
            "publishedRiskFreeRate": 0.06,
            "rateApplied": 0.06,
            "riskFreeRateFloorApplied": false,
            "compoundingFactor": 1.000036111721,
            "dailyCompoundedRate": 0.0600021667,
            "allInRate": 1.5655021667,
            "interestAmount": 441.39,
            "cummulativeInterestAmount": 12949.71
        },
        {
            "interestPeriodDate": "2020-05-18",
            "interestPeriodDays": 1,
            "observationPeriodDate": "2020-05-11",
            "observationPeriodDays": 1,
            "principalBalance": 10150000.00,
            "publishedRiskFreeRate": 0.06,
            "rateApplied": 0.06,
            "riskFreeRateFloorApplied": false,
            "compoundingFactor": 1.000034444997,
            "dailyCompoundedRate": 0.0600020667,
            "allInRate": 1.5655020667,
            "interestAmount": 441.39,
            "cummulativeInterestAmount": 12508.33
        },
        {
            "interestPeriodDate": "2020-05-16",
            "interestPeriodDays": 2,
            "observationPeriodDate": "2020-05-08",
            "observationPeriodDays": 3,
            "principalBalance": 10150000.00,
            "publishedRiskFreeRate": 0.06,
            "rateApplied": 0.06,
            "riskFreeRateFloorApplied": false,
            "compoundingFactor": 1.000029444849,
            "dailyCompoundedRate": 0.0600017667,
            "allInRate": 1.5655017667,
            "interestAmount": 882.77,
            "cummulativeInterestAmount": 12066.95
        },
        {
            "interestPeriodDate": "2020-05-15",
            "interestPeriodDays": 1,
            "observationPeriodDate": "2020-05-08",
            "observationPeriodDays": 3,
            "principalBalance": 10000000.00,
            "publishedRiskFreeRate": 0.06,
            "rateApplied": 0.06,
            "riskFreeRateFloorApplied": false,
            "compoundingFactor": 1.000029444849,
            "dailyCompoundedRate": 0.0600017667,
            "allInRate": 1.5655017667,
            "interestAmount": 434.87,
            "cummulativeInterestAmount": 11184.18
        },
        {
            "interestPeriodDate": "2020-05-14",
            "interestPeriodDays": 1,
            "observationPeriodDate": "2020-05-07",
            "observationPeriodDays": 1,
            "principalBalance": 10000000.00,
            "publishedRiskFreeRate": 0.05,
            "rateApplied": 0.05,
            "riskFreeRateFloorApplied": false,
            "compoundingFactor": 1.000028055921,
            "dailyCompoundedRate": 0.0500014028,
            "allInRate": 1.5555014028,
            "interestAmount": 432.09,
            "cummulativeInterestAmount": 10749.31
        },
        {
            "interestPeriodDate": "2020-05-13",
            "interestPeriodDays": 1,
            "observationPeriodDate": "2020-05-06",
            "observationPeriodDays": 1,
            "principalBalance": 10000000.00,
            "publishedRiskFreeRate": 0.05,
            "rateApplied": 0.05,
            "riskFreeRateFloorApplied": false,
            "compoundingFactor": 1.000026666996,
            "dailyCompoundedRate": 0.0500013333,
            "allInRate": 1.5555013333,
            "interestAmount": 432.09,
            "cummulativeInterestAmount": 10317.23
        },
        {
            "interestPeriodDate": "2020-05-12",
            "interestPeriodDays": 1,
            "observationPeriodDate": "2020-05-05",
            "observationPeriodDays": 1,
            "principalBalance": 10000000.00,
            "publishedRiskFreeRate": 0.05,
            "rateApplied": 0.05,
            "riskFreeRateFloorApplied": false,
            "compoundingFactor": 1.000025278072,
            "dailyCompoundedRate": 0.0500012639,
            "allInRate": 1.5555012639,
            "interestAmount": 432.09,
            "cummulativeInterestAmount": 9885.15
        },
        {
            "interestPeriodDate": "2020-05-11",
            "interestPeriodDays": 1,
            "observationPeriodDate": "2020-05-04",
            "observationPeriodDays": 1,
            "principalBalance": 10000000.00,
            "publishedRiskFreeRate": 0.05,
            "rateApplied": 0.05,
            "riskFreeRateFloorApplied": false,
            "compoundingFactor": 1.000023889149,
            "dailyCompoundedRate": 0.0500011945,
            "allInRate": 1.5555011945,
            "interestAmount": 432.09,
            "cummulativeInterestAmount": 9453.06
        },
        {
            "interestPeriodDate": "2020-05-08",
            "interestPeriodDays": 3,
            "observationPeriodDate": "2020-05-01",
            "observationPeriodDays": 3,
            "principalBalance": 10000000.00,
            "publishedRiskFreeRate": 0.03,
            "rateApplied": 0.04,
            "riskFreeRateFloorApplied": true,
            "compoundingFactor": 1.000020555747,
            "dailyCompoundedRate": 0.0400008222,
            "allInRate": 1.5455008222,
            "interestAmount": 1287.92,
            "cummulativeInterestAmount": 9020.98
        },
        {
            "interestPeriodDate": "2020-05-07",
            "interestPeriodDays": 1,
            "observationPeriodDate": "2020-04-30",
            "observationPeriodDays": 1,
            "principalBalance": 10000000.00,
            "publishedRiskFreeRate": 0.04,
            "rateApplied": 0.04,
            "riskFreeRateFloorApplied": false,
            "compoundingFactor": 1.000019444615,
            "dailyCompoundedRate": 0.0400007778,
            "allInRate": 1.5455007778,
            "interestAmount": 429.31,
            "cummulativeInterestAmount": 7733.06
        },
        {
            "interestPeriodDate": "2020-05-06",
            "interestPeriodDays": 1,
            "observationPeriodDate": "2020-04-29",
            "observationPeriodDays": 1,
            "principalBalance": 10000000.00,
            "publishedRiskFreeRate": 0.01,
            "rateApplied": 0.04,
            "riskFreeRateFloorApplied": true,
            "compoundingFactor": 1.000018333483,
            "dailyCompoundedRate": 0.0400007333,
            "allInRate": 1.5455007333,
            "interestAmount": 429.31,
            "cummulativeInterestAmount": 7303.76
        },
        {
            "interestPeriodDate": "2020-05-05",
            "interestPeriodDays": 1,
            "observationPeriodDate": "2020-04-28",
            "observationPeriodDays": 1,
            "principalBalance": 10000000.00,
            "publishedRiskFreeRate": 0.01,
            "rateApplied": 0.04,
            "riskFreeRateFloorApplied": true,
            "compoundingFactor": 1.000017222353,
            "dailyCompoundedRate": 0.0400006889,
            "allInRate": 1.5455006889,
            "interestAmount": 429.31,
            "cummulativeInterestAmount": 6874.45
        },
        {
            "interestPeriodDate": "2020-05-04",
            "interestPeriodDays": 1,
            "observationPeriodDate": "2020-04-27",
            "observationPeriodDays": 1,
            "principalBalance": 10000000.00,
            "publishedRiskFreeRate": 0.03,
            "rateApplied": 0.04,
            "riskFreeRateFloorApplied": true,
            "compoundingFactor": 1.000016111224,
            "dailyCompoundedRate": 0.0400006444,
            "allInRate": 1.5455006444,
            "interestAmount": 429.31,
            "cummulativeInterestAmount": 6445.15
        },
        {
            "interestPeriodDate": "2020-05-01",
            "interestPeriodDays": 3,
            "observationPeriodDate": "2020-04-24",
            "observationPeriodDays": 3,
            "principalBalance": 10000000.00,
            "publishedRiskFreeRate": 0.03,
            "rateApplied": 0.04,
            "riskFreeRateFloorApplied": true,
            "compoundingFactor": 1.000012777848,
            "dailyCompoundedRate": 0.0400005111,
            "allInRate": 1.5455005111,
            "interestAmount": 1287.92,
            "cummulativeInterestAmount": 6015.84
        },
        {
            "interestPeriodDate": "2020-04-30",
            "interestPeriodDays": 1,
            "observationPeriodDate": "2020-04-23",
            "observationPeriodDays": 1,
            "principalBalance": 10000000.00,
            "publishedRiskFreeRate": 0.01,
            "rateApplied": 0.04,
            "riskFreeRateFloorApplied": true,
            "compoundingFactor": 1.000011666724,
            "dailyCompoundedRate": 0.0400004667,
            "allInRate": 1.5455004667,
            "interestAmount": 429.31,
            "cummulativeInterestAmount": 4727.92
        },
        {
            "interestPeriodDate": "2020-04-29",
            "interestPeriodDays": 1,
            "observationPeriodDate": "2020-04-22",
            "observationPeriodDays": 1,
            "principalBalance": 10000000.00,
            "publishedRiskFreeRate": 0.01,
            "rateApplied": 0.04,
            "riskFreeRateFloorApplied": true,
            "compoundingFactor": 1.000010555601,
            "dailyCompoundedRate": 0.0400004222,
            "allInRate": 1.5455004222,
            "interestAmount": 429.31,
            "cummulativeInterestAmount": 4298.62
        },
        {
            "interestPeriodDate": "2020-04-28",
            "interestPeriodDays": 1,
            "observationPeriodDate": "2020-04-21",
            "observationPeriodDays": 1,
            "principalBalance": 10000000.00,
            "publishedRiskFreeRate": 0.01,
            "rateApplied": 0.04,
            "riskFreeRateFloorApplied": true,
            "compoundingFactor": 1.000009444480,
            "dailyCompoundedRate": 0.0400003778,
            "allInRate": 1.5455003778,
            "interestAmount": 429.31,
            "cummulativeInterestAmount": 3869.31
        },
        {
            "interestPeriodDate": "2020-04-27",
            "interestPeriodDays": 1,
            "observationPeriodDate": "2020-04-20",
            "observationPeriodDays": 1,
            "principalBalance": 10000000.00,
            "publishedRiskFreeRate": 0.02,
            "rateApplied": 0.04,
            "riskFreeRateFloorApplied": true,
            "compoundingFactor": 1.000008333359,
            "dailyCompoundedRate": 0.0400003333,
            "allInRate": 1.5455003333,
            "interestAmount": 429.31,
            "cummulativeInterestAmount": 3440.01
        },
        {
            "interestPeriodDate": "2020-04-24",
            "interestPeriodDays": 3,
            "observationPeriodDate": "2020-04-17",
            "observationPeriodDays": 3,
            "principalBalance": 10000000.00,
            "publishedRiskFreeRate": 0.03,
            "rateApplied": 0.04,
            "riskFreeRateFloorApplied": true,
            "compoundingFactor": 1.000005000009,
            "dailyCompoundedRate": 0.0400002000,
            "allInRate": 1.5455002000,
            "interestAmount": 1287.92,
            "cummulativeInterestAmount": 3010.70
        },
        {
            "interestPeriodDate": "2020-04-23",
            "interestPeriodDays": 1,
            "observationPeriodDate": "2020-04-16",
            "observationPeriodDays": 1,
            "principalBalance": 10000000.00,
            "publishedRiskFreeRate": 0.03,
            "rateApplied": 0.04,
            "riskFreeRateFloorApplied": true,
            "compoundingFactor": 1.000003888894,
            "dailyCompoundedRate": 0.0400001556,
            "allInRate": 1.5455001556,
            "interestAmount": 429.31,
            "cummulativeInterestAmount": 1722.78
        },
        {
            "interestPeriodDate": "2020-04-22",
            "interestPeriodDays": 1,
            "observationPeriodDate": "2020-04-15",
            "observationPeriodDays": 1,
            "principalBalance": 10000000.00,
            "publishedRiskFreeRate": 0.03,
            "rateApplied": 0.04,
            "riskFreeRateFloorApplied": true,
            "compoundingFactor": 1.000002777780,
            "dailyCompoundedRate": 0.0400001111,
            "allInRate": 1.5455001111,
            "interestAmount": 429.31,
            "cummulativeInterestAmount": 1293.48
        },
        {
            "interestPeriodDate": "2020-04-21",
            "interestPeriodDays": 1,
            "observationPeriodDate": "2020-04-14",
            "observationPeriodDays": 1,
            "principalBalance": 10000000.00,
            "publishedRiskFreeRate": 0.06,
            "rateApplied": 0.06,
            "riskFreeRateFloorApplied": false,
            "compoundingFactor": 1.000001111111,
            "dailyCompoundedRate": 0.0600000667,
            "allInRate": 1.5655000667,
            "interestAmount": 434.87,
            "cummulativeInterestAmount": 864.17
        },
        {
            "interestPeriodDate": "2020-04-20",
            "interestPeriodDays": 1,
            "observationPeriodDate": "2020-04-13",
            "observationPeriodDays": 1,
            "principalBalance": 10000000.00,
            "publishedRiskFreeRate": 0.02,
            "rateApplied": 0.04,
            "riskFreeRateFloorApplied": true,
            "compoundingFactor": 1.000000000000,
            "dailyCompoundedRate": 0.0400000000,
            "allInRate": 1.5455000000,
            "interestAmount": 429.31,
            "cummulativeInterestAmount": 429.31
        }
    ]
}