{
  "exception": {
    "title": "PAYMENT_RND_INVALID",
    "exceptionMessage": "Invalid value passed for paymentRounding ",
    "status": "400"
  }
}