{
    "comment": " Computed time : 2021-03-19T10:14:05+00:00. Computed time is the time stamp when the calculation was completed.",
    "lastUpdatedFromSource": "2020-08-05T10:04:15+00:00",
    "legalDisclaimer": "The SONIA benchmark is used subject to the terms of the UK Open Government Licence v.3.0 (https://www.nationalarchives.gov.uk/doc/open-government-licence/version/3/) and the Bank of England’s disclaimer for SONIA (set out below)*. The “SONIA” mark is used with the consent of the Bank of England (the benchmark administrator of SONIA), and the use of such mark does not imply or express any approval or endorsement by the Bank of England. “Bank of England” and “SONIA” are registered trade marks of the Bank of England. The Bank of England has no liability for your use of the calculator service herein.\n*Bank of England’s disclaimer for SONIA: SONIA is copyright the Bank of England. The trade marks “Bank of England” and “SONIA” are registered trade marks of the Bank of England. All Rights Reserved. The SONIA benchmark includes the proprietary information of the Bank of England and the data comprising the benchmark may not be copied or distributed except as specifically authorised. The SONIA benchmark is not intended to be relied upon as authoritative or taken in substitution for the exercise of judgement. The SONIA benchmark is not, and should not be construed as, an offer, bid or solicitation in relation to any financial instrument. The Bank of England does not guarantee, and expressly disclaims any liability for, and makes no representations or warranties whether express or implied, as to the currency, accuracy, timeliness, completeness or fitness for any particular purpose of the SONIA benchmark. The Bank of England accepts no liability whatsoever for any loss (including, but not limited to any direct, indirect or consequential loss, whether or not such loss is foreseeable and whether or not the Bank of England has been appraised of the use to which the SONIA benchmark will be put) howsoever arising from the use, the timeliness of delivery or the failure of delivery of the SONIA benchmark.",
    "requestParameters": {
        "interestPeriodStartDate": "2020-03-02",
        "interestPeriodEndDate": "2020-05-31",
        "riskFreeRate": "SONIA",
        "lookBackDays": 10,
        "lockoutDays": 0,
        "observationPeriodShift": true,
        "dayCountConvention": "ACT/365",
        "rateRoundingDecimalPoints": 9,
        "legacyRiskFreeRateFloor": -0.04895,
        "spreadAdjustment": -0.008,
        "showDailyDetails": true,
        "calculateTillDate": "2020-05-28"
    },
    "dailyRateSummary": [
        {
            "interestPeriodDate": "2020-05-29",
            "interestPeriodDays": 91,
            "observationPeriodDate": "2020-05-14",
            "observationPeriodDays": 88,
            "publishedRiskFreeRate": -0.0672,
            "rateApplied": -0.04095,
            "riskFreeRateFloorApplied": false,
            "derivedRiskFreeRateFloor": -0.04095,
            "derivedRiskFreeRateFloorApplied": true,
            "averageCompoundedRate": 0.242349767
        },
        {
            "interestPeriodDate": "2020-05-28",
            "interestPeriodDays": 88,
            "observationPeriodDate": "2020-05-13",
            "observationPeriodDays": 87,
            "publishedRiskFreeRate": -0.0684,
            "rateApplied": -0.04095,
            "riskFreeRateFloorApplied": false,
            "derivedRiskFreeRateFloor": -0.04095,
            "derivedRiskFreeRateFloorApplied": true,
            "averageCompoundedRate": 0.245606362
        },
        {
            "interestPeriodDate": "2020-05-27",
            "interestPeriodDays": 87,
            "observationPeriodDate": "2020-05-12",
            "observationPeriodDays": 86,
            "publishedRiskFreeRate": -0.232,
            "rateApplied": -0.04095,
            "riskFreeRateFloorApplied": false,
            "derivedRiskFreeRateFloor": -0.04095,
            "derivedRiskFreeRateFloorApplied": true,
            "averageCompoundedRate": 0.248938692
        },
        {
            "interestPeriodDate": "2020-05-26",
            "interestPeriodDays": 86,
            "observationPeriodDate": "2020-05-11",
            "observationPeriodDays": 85,
            "publishedRiskFreeRate": 0.11,
            "rateApplied": 0.11,
            "riskFreeRateFloorApplied": false,
            "derivedRiskFreeRateFloor": -0.04095,
            "derivedRiskFreeRateFloorApplied": false,
            "averageCompoundedRate": 0.252349430
        },
        {
            "interestPeriodDate": "2020-05-22",
            "interestPeriodDays": 85,
            "observationPeriodDate": "2020-05-07",
            "observationPeriodDays": 84,
            "publishedRiskFreeRate": 0,
            "rateApplied": 0,
            "riskFreeRateFloorApplied": false,
            "derivedRiskFreeRateFloor": -0.04095,
            "derivedRiskFreeRateFloorApplied": false,
            "averageCompoundedRate": 0.254043301
        },
        {
            "interestPeriodDate": "2020-05-21",
            "interestPeriodDays": 81,
            "observationPeriodDate": "2020-05-06",
            "observationPeriodDays": 80,
            "publishedRiskFreeRate": 0.0111,
            "rateApplied": 0.0111,
            "riskFreeRateFloorApplied": false,
            "derivedRiskFreeRateFloor": -0.04095,
            "derivedRiskFreeRateFloorApplied": false,
            "averageCompoundedRate": 0.266745466
        },
        {
            "interestPeriodDate": "2020-05-20",
            "interestPeriodDays": 80,
            "observationPeriodDate": "2020-05-05",
            "observationPeriodDays": 79,
            "publishedRiskFreeRate": 0,
            "rateApplied": 0,
            "riskFreeRateFloorApplied": false,
            "derivedRiskFreeRateFloor": -0.04095,
            "derivedRiskFreeRateFloorApplied": false,
            "averageCompoundedRate": 0.269981402
        },
        {
            "interestPeriodDate": "2020-05-19",
            "interestPeriodDays": 79,
            "observationPeriodDate": "2020-05-04",
            "observationPeriodDays": 78,
            "publishedRiskFreeRate": 0.0659,
            "rateApplied": 0.0659,
            "riskFreeRateFloorApplied": false,
            "derivedRiskFreeRateFloor": -0.04095,
            "derivedRiskFreeRateFloorApplied": false,
            "averageCompoundedRate": 0.273442702
        },
        {
            "interestPeriodDate": "2020-05-18",
            "interestPeriodDays": 78,
            "observationPeriodDate": "2020-05-01",
            "observationPeriodDays": 77,
            "publishedRiskFreeRate": 0.0658,
            "rateApplied": 0.0658,
            "riskFreeRateFloorApplied": false,
            "derivedRiskFreeRateFloor": -0.04095,
            "derivedRiskFreeRateFloorApplied": false,
            "averageCompoundedRate": 0.276137563
        },
        {
            "interestPeriodDate": "2020-05-15",
            "interestPeriodDays": 77,
            "observationPeriodDate": "2020-04-30",
            "observationPeriodDays": 74,
            "publishedRiskFreeRate": 0.0666,
            "rateApplied": 0.0666,
            "riskFreeRateFloorApplied": false,
            "derivedRiskFreeRateFloor": -0.04095,
            "derivedRiskFreeRateFloorApplied": false,
            "averageCompoundedRate": 0.284663222
        },
        {
            "interestPeriodDate": "2020-05-14",
            "interestPeriodDays": 74,
            "observationPeriodDate": "2020-04-29",
            "observationPeriodDays": 73,
            "publishedRiskFreeRate": 0.0673,
            "rateApplied": 0.0673,
            "riskFreeRateFloorApplied": false,
            "derivedRiskFreeRateFloor": -0.04095,
            "derivedRiskFreeRateFloorApplied": false,
            "averageCompoundedRate": 0.287649865
        },
        {
            "interestPeriodDate": "2020-05-13",
            "interestPeriodDays": 73,
            "observationPeriodDate": "2020-04-28",
            "observationPeriodDays": 72,
            "publishedRiskFreeRate": 0.0665,
            "rateApplied": 0.0665,
            "riskFreeRateFloorApplied": false,
            "derivedRiskFreeRateFloor": -0.04095,
            "derivedRiskFreeRateFloorApplied": false,
            "averageCompoundedRate": 0.290709744
        },
        {
            "interestPeriodDate": "2020-05-12",
            "interestPeriodDays": 72,
            "observationPeriodDate": "2020-04-27",
            "observationPeriodDays": 71,
            "publishedRiskFreeRate": 0.0652,
            "rateApplied": 0.0652,
            "riskFreeRateFloorApplied": false,
            "derivedRiskFreeRateFloor": -0.04095,
            "derivedRiskFreeRateFloorApplied": false,
            "averageCompoundedRate": 0.293867092
        },
        {
            "interestPeriodDate": "2020-05-11",
            "interestPeriodDays": 71,
            "observationPeriodDate": "2020-04-24",
            "observationPeriodDays": 70,
            "publishedRiskFreeRate": 0.0662,
            "rateApplied": 0.0662,
            "riskFreeRateFloorApplied": false,
            "derivedRiskFreeRateFloor": -0.04095,
            "derivedRiskFreeRateFloorApplied": false,
            "averageCompoundedRate": 0.297133234
        },
        {
            "interestPeriodDate": "2020-05-07",
            "interestPeriodDays": 70,
            "observationPeriodDate": "2020-04-23",
            "observationPeriodDays": 67,
            "publishedRiskFreeRate": 0.0673,
            "rateApplied": 0.0673,
            "riskFreeRateFloorApplied": false,
            "derivedRiskFreeRateFloor": -0.04095,
            "derivedRiskFreeRateFloorApplied": false,
            "averageCompoundedRate": 0.307471855
        },
        {
            "interestPeriodDate": "2020-05-06",
            "interestPeriodDays": 66,
            "observationPeriodDate": "2020-04-22",
            "observationPeriodDays": 66,
            "publishedRiskFreeRate": 0.0683,
            "rateApplied": 0.0683,
            "riskFreeRateFloorApplied": false,
            "derivedRiskFreeRateFloor": -0.04095,
            "derivedRiskFreeRateFloorApplied": false,
            "averageCompoundedRate": 0.311110249
        },
        {
            "interestPeriodDate": "2020-05-05",
            "interestPeriodDays": 65,
            "observationPeriodDate": "2020-04-21",
            "observationPeriodDays": 65,
            "publishedRiskFreeRate": 0.0672,
            "rateApplied": 0.0672,
            "riskFreeRateFloorApplied": false,
            "derivedRiskFreeRateFloor": -0.04095,
            "derivedRiskFreeRateFloorApplied": false,
            "averageCompoundedRate": 0.314845202
        },
        {
            "interestPeriodDate": "2020-05-04",
            "interestPeriodDays": 64,
            "observationPeriodDate": "2020-04-20",
            "observationPeriodDays": 64,
            "publishedRiskFreeRate": 0.0661,
            "rateApplied": 0.0661,
            "riskFreeRateFloorApplied": false,
            "derivedRiskFreeRateFloor": -0.04095,
            "derivedRiskFreeRateFloorApplied": false,
            "averageCompoundedRate": 0.318714072
        },
        {
            "interestPeriodDate": "2020-05-01",
            "interestPeriodDays": 63,
            "observationPeriodDate": "2020-04-17",
            "observationPeriodDays": 63,
            "publishedRiskFreeRate": 0.0643,
            "rateApplied": 0.0643,
            "riskFreeRateFloorApplied": false,
            "derivedRiskFreeRateFloor": -0.04095,
            "derivedRiskFreeRateFloorApplied": false,
            "averageCompoundedRate": 0.322723234
        },
        {
            "interestPeriodDate": "2020-04-30",
            "interestPeriodDays": 60,
            "observationPeriodDate": "2020-04-16",
            "observationPeriodDays": 60,
            "publishedRiskFreeRate": 0.0632,
            "rateApplied": 0.0632,
            "riskFreeRateFloorApplied": false,
            "derivedRiskFreeRateFloor": -0.04095,
            "derivedRiskFreeRateFloorApplied": false,
            "averageCompoundedRate": 0.335642622
        },
        {
            "interestPeriodDate": "2020-04-29",
            "interestPeriodDays": 59,
            "observationPeriodDate": "2020-04-15",
            "observationPeriodDays": 59,
            "publishedRiskFreeRate": 0.0634,
            "rateApplied": 0.0634,
            "riskFreeRateFloorApplied": false,
            "derivedRiskFreeRateFloor": -0.04095,
            "derivedRiskFreeRateFloorApplied": false,
            "averageCompoundedRate": 0.340259704
        },
        {
            "interestPeriodDate": "2020-04-28",
            "interestPeriodDays": 58,
            "observationPeriodDate": "2020-04-14",
            "observationPeriodDays": 58,
            "publishedRiskFreeRate": 0.0635,
            "rateApplied": 0.0635,
            "riskFreeRateFloorApplied": false,
            "derivedRiskFreeRateFloor": -0.04095,
            "derivedRiskFreeRateFloorApplied": false,
            "averageCompoundedRate": 0.345032548
        },
        {
            "interestPeriodDate": "2020-04-27",
            "interestPeriodDays": 57,
            "observationPeriodDate": "2020-04-09",
            "observationPeriodDays": 57,
            "publishedRiskFreeRate": 0.066,
            "rateApplied": 0.066,
            "riskFreeRateFloorApplied": false,
            "derivedRiskFreeRateFloor": -0.04095,
            "derivedRiskFreeRateFloorApplied": false,
            "averageCompoundedRate": 0.349971107
        },
        {
            "interestPeriodDate": "2020-04-24",
            "interestPeriodDays": 56,
            "observationPeriodDate": "2020-04-08",
            "observationPeriodDays": 52,
            "publishedRiskFreeRate": 0.0641,
            "rateApplied": 0.0641,
            "riskFreeRateFloorApplied": false,
            "derivedRiskFreeRateFloor": -0.04095,
            "derivedRiskFreeRateFloorApplied": false,
            "averageCompoundedRate": 0.377272610
        },
        {
            "interestPeriodDate": "2020-04-23",
            "interestPeriodDays": 53,
            "observationPeriodDate": "2020-04-07",
            "observationPeriodDays": 51,
            "publishedRiskFreeRate": 0.0661,
            "rateApplied": 0.0661,
            "riskFreeRateFloorApplied": false,
            "derivedRiskFreeRateFloor": -0.04095,
            "derivedRiskFreeRateFloorApplied": false,
            "averageCompoundedRate": 0.383412576
        },
        {
            "interestPeriodDate": "2020-04-22",
            "interestPeriodDays": 52,
            "observationPeriodDate": "2020-04-06",
            "observationPeriodDays": 50,
            "publishedRiskFreeRate": 0.0657,
            "rateApplied": 0.0657,
            "riskFreeRateFloorApplied": false,
            "derivedRiskFreeRateFloor": -0.04095,
            "derivedRiskFreeRateFloorApplied": false,
            "averageCompoundedRate": 0.389758122
        },
        {
            "interestPeriodDate": "2020-04-21",
            "interestPeriodDays": 51,
            "observationPeriodDate": "2020-04-03",
            "observationPeriodDays": 49,
            "publishedRiskFreeRate": 0.064,
            "rateApplied": 0.064,
            "riskFreeRateFloorApplied": false,
            "derivedRiskFreeRateFloor": -0.04095,
            "derivedRiskFreeRateFloorApplied": false,
            "averageCompoundedRate": 0.396370840
        },
        {
            "interestPeriodDate": "2020-04-20",
            "interestPeriodDays": 50,
            "observationPeriodDate": "2020-04-02",
            "observationPeriodDays": 46,
            "publishedRiskFreeRate": 0.0653,
            "rateApplied": 0.0653,
            "riskFreeRateFloorApplied": false,
            "derivedRiskFreeRateFloor": -0.04095,
            "derivedRiskFreeRateFloorApplied": false,
            "averageCompoundedRate": 0.418045000
        },
        {
            "interestPeriodDate": "2020-04-17",
            "interestPeriodDays": 49,
            "observationPeriodDate": "2020-04-01",
            "observationPeriodDays": 45,
            "publishedRiskFreeRate": 0.0712,
            "rateApplied": 0.0712,
            "riskFreeRateFloorApplied": false,
            "derivedRiskFreeRateFloor": -0.04095,
            "derivedRiskFreeRateFloorApplied": false,
            "averageCompoundedRate": 0.425883015
        },
        {
            "interestPeriodDate": "2020-04-16",
            "interestPeriodDays": 46,
            "observationPeriodDate": "2020-03-31",
            "observationPeriodDays": 44,
            "publishedRiskFreeRate": 0.0729,
            "rateApplied": 0.0729,
            "riskFreeRateFloorApplied": false,
            "derivedRiskFreeRateFloor": -0.04095,
            "derivedRiskFreeRateFloorApplied": false,
            "averageCompoundedRate": 0.433943147
        },
        {
            "interestPeriodDate": "2020-04-15",
            "interestPeriodDays": 45,
            "observationPeriodDate": "2020-03-30",
            "observationPeriodDays": 43,
            "publishedRiskFreeRate": 0.0714,
            "rateApplied": 0.0714,
            "riskFreeRateFloorApplied": false,
            "derivedRiskFreeRateFloor": -0.04095,
            "derivedRiskFreeRateFloorApplied": false,
            "averageCompoundedRate": 0.442338615
        },
        {
            "interestPeriodDate": "2020-04-14",
            "interestPeriodDays": 44,
            "observationPeriodDate": "2020-03-27",
            "observationPeriodDays": 42,
            "publishedRiskFreeRate": 0.071,
            "rateApplied": 0.071,
            "riskFreeRateFloorApplied": false,
            "derivedRiskFreeRateFloor": -0.04095,
            "derivedRiskFreeRateFloorApplied": false,
            "averageCompoundedRate": 0.451169605
        },
        {
            "interestPeriodDate": "2020-04-09",
            "interestPeriodDays": 43,
            "observationPeriodDate": "2020-03-26",
            "observationPeriodDays": 39,
            "publishedRiskFreeRate": 0.0729,
            "rateApplied": 0.0729,
            "riskFreeRateFloorApplied": false,
            "derivedRiskFreeRateFloor": -0.04095,
            "derivedRiskFreeRateFloorApplied": false,
            "averageCompoundedRate": 0.480410617
        },
        {
            "interestPeriodDate": "2020-04-08",
            "interestPeriodDays": 38,
            "observationPeriodDate": "2020-03-25",
            "observationPeriodDays": 38,
            "publishedRiskFreeRate": 0.075,
            "rateApplied": 0.075,
            "riskFreeRateFloorApplied": false,
            "derivedRiskFreeRateFloor": -0.04095,
            "derivedRiskFreeRateFloorApplied": false,
            "averageCompoundedRate": 0.491133600
        },
        {
            "interestPeriodDate": "2020-04-07",
            "interestPeriodDays": 37,
            "observationPeriodDate": "2020-03-24",
            "observationPeriodDays": 37,
            "publishedRiskFreeRate": 0.0736,
            "rateApplied": 0.0736,
            "riskFreeRateFloorApplied": false,
            "derivedRiskFreeRateFloor": -0.04095,
            "derivedRiskFreeRateFloorApplied": false,
            "averageCompoundedRate": 0.502379421
        },
        {
            "interestPeriodDate": "2020-04-06",
            "interestPeriodDays": 36,
            "observationPeriodDate": "2020-03-23",
            "observationPeriodDays": 36,
            "publishedRiskFreeRate": 0.0723,
            "rateApplied": 0.0723,
            "riskFreeRateFloorApplied": false,
            "derivedRiskFreeRateFloor": -0.04095,
            "derivedRiskFreeRateFloorApplied": false,
            "averageCompoundedRate": 0.514288924
        },
        {
            "interestPeriodDate": "2020-04-03",
            "interestPeriodDays": 35,
            "observationPeriodDate": "2020-03-20",
            "observationPeriodDays": 35,
            "publishedRiskFreeRate": 0.0706,
            "rateApplied": 0.0706,
            "riskFreeRateFloorApplied": false,
            "derivedRiskFreeRateFloor": -0.04095,
            "derivedRiskFreeRateFloorApplied": false,
            "averageCompoundedRate": 0.526916135
        },
        {
            "interestPeriodDate": "2020-04-02",
            "interestPeriodDays": 32,
            "observationPeriodDate": "2020-03-19",
            "observationPeriodDays": 32,
            "publishedRiskFreeRate": 0.2134,
            "rateApplied": 0.2134,
            "riskFreeRateFloorApplied": false,
            "derivedRiskFreeRateFloor": -0.04095,
            "derivedRiskFreeRateFloorApplied": false,
            "averageCompoundedRate": 0.569692467
        },
        {
            "interestPeriodDate": "2020-04-01",
            "interestPeriodDays": 31,
            "observationPeriodDate": "2020-03-18",
            "observationPeriodDays": 31,
            "publishedRiskFreeRate": 0.2148,
            "rateApplied": 0.2148,
            "riskFreeRateFloorApplied": false,
            "derivedRiskFreeRateFloor": -0.04095,
            "derivedRiskFreeRateFloorApplied": false,
            "averageCompoundedRate": 0.581182374
        },
        {
            "interestPeriodDate": "2020-03-31",
            "interestPeriodDays": 30,
            "observationPeriodDate": "2020-03-17",
            "observationPeriodDays": 30,
            "publishedRiskFreeRate": 0.2135,
            "rateApplied": 0.2135,
            "riskFreeRateFloorApplied": false,
            "derivedRiskFreeRateFloor": -0.04095,
            "derivedRiskFreeRateFloorApplied": false,
            "averageCompoundedRate": 0.593391628
        },
        {
            "interestPeriodDate": "2020-03-30",
            "interestPeriodDays": 29,
            "observationPeriodDate": "2020-03-16",
            "observationPeriodDays": 29,
            "publishedRiskFreeRate": 0.2096,
            "rateApplied": 0.2096,
            "riskFreeRateFloorApplied": false,
            "derivedRiskFreeRateFloor": -0.04095,
            "derivedRiskFreeRateFloorApplied": false,
            "averageCompoundedRate": 0.606487792
        },
        {
            "interestPeriodDate": "2020-03-27",
            "interestPeriodDays": 28,
            "observationPeriodDate": "2020-03-13",
            "observationPeriodDays": 28,
            "publishedRiskFreeRate": 0.2093,
            "rateApplied": 0.2093,
            "riskFreeRateFloorApplied": false,
            "derivedRiskFreeRateFloor": -0.04095,
            "derivedRiskFreeRateFloorApplied": false,
            "averageCompoundedRate": 0.620658792
        },
        {
            "interestPeriodDate": "2020-03-26",
            "interestPeriodDays": 25,
            "observationPeriodDate": "2020-03-12",
            "observationPeriodDays": 25,
            "publishedRiskFreeRate": 0.2093,
            "rateApplied": 0.2093,
            "riskFreeRateFloorApplied": false,
            "derivedRiskFreeRateFloor": -0.04095,
            "derivedRiskFreeRateFloorApplied": false,
            "averageCompoundedRate": 0.670010321
        },
        {
            "interestPeriodDate": "2020-03-25",
            "interestPeriodDays": 24,
            "observationPeriodDate": "2020-03-11",
            "observationPeriodDays": 24,
            "publishedRiskFreeRate": 0.2092,
            "rateApplied": 0.2092,
            "riskFreeRateFloorApplied": false,
            "derivedRiskFreeRateFloor": -0.04095,
            "derivedRiskFreeRateFloorApplied": false,
            "averageCompoundedRate": 0.689202632
        },
        {
            "interestPeriodDate": "2020-03-24",
            "interestPeriodDays": 23,
            "observationPeriodDate": "2020-03-10",
            "observationPeriodDays": 23,
            "publishedRiskFreeRate": 0.7091,
            "rateApplied": 0.7091,
            "riskFreeRateFloorApplied": false,
            "derivedRiskFreeRateFloor": -0.04095,
            "derivedRiskFreeRateFloorApplied": false,
            "averageCompoundedRate": 0.710068242
        },
        {
            "interestPeriodDate": "2020-03-23",
            "interestPeriodDays": 22,
            "observationPeriodDate": "2020-03-09",
            "observationPeriodDays": 22,
            "publishedRiskFreeRate": 0.7091,
            "rateApplied": 0.7091,
            "riskFreeRateFloorApplied": false,
            "derivedRiskFreeRateFloor": -0.04095,
            "derivedRiskFreeRateFloorApplied": false,
            "averageCompoundedRate": 0.710098458
        },
        {
            "interestPeriodDate": "2020-03-20",
            "interestPeriodDays": 21,
            "observationPeriodDate": "2020-03-06",
            "observationPeriodDays": 21,
            "publishedRiskFreeRate": 0.7087,
            "rateApplied": 0.7087,
            "riskFreeRateFloorApplied": false,
            "derivedRiskFreeRateFloor": -0.04095,
            "derivedRiskFreeRateFloorApplied": false,
            "averageCompoundedRate": 0.710132207
        },
        {
            "interestPeriodDate": "2020-03-19",
            "interestPeriodDays": 18,
            "observationPeriodDate": "2020-03-05",
            "observationPeriodDays": 18,
            "publishedRiskFreeRate": 0.7089,
            "rateApplied": 0.7089,
            "riskFreeRateFloorApplied": false,
            "derivedRiskFreeRateFloor": -0.04095,
            "derivedRiskFreeRateFloorApplied": false,
            "averageCompoundedRate": 0.710329532
        },
        {
            "interestPeriodDate": "2020-03-18",
            "interestPeriodDays": 17,
            "observationPeriodDate": "2020-03-04",
            "observationPeriodDays": 17,
            "publishedRiskFreeRate": 0.71,
            "rateApplied": 0.71,
            "riskFreeRateFloorApplied": false,
            "derivedRiskFreeRateFloor": -0.04095,
            "derivedRiskFreeRateFloorApplied": false,
            "averageCompoundedRate": 0.710399825
        },
        {
            "interestPeriodDate": "2020-03-17",
            "interestPeriodDays": 16,
            "observationPeriodDate": "2020-03-03",
            "observationPeriodDays": 16,
            "publishedRiskFreeRate": 0.7098,
            "rateApplied": 0.7098,
            "riskFreeRateFloorApplied": false,
            "derivedRiskFreeRateFloor": -0.04095,
            "derivedRiskFreeRateFloorApplied": false,
            "averageCompoundedRate": 0.710410995
        },
        {
            "interestPeriodDate": "2020-03-16",
            "interestPeriodDays": 15,
            "observationPeriodDate": "2020-03-02",
            "observationPeriodDays": 15,
            "publishedRiskFreeRate": 0.7089,
            "rateApplied": 0.7089,
            "riskFreeRateFloorApplied": false,
            "derivedRiskFreeRateFloor": -0.04095,
            "derivedRiskFreeRateFloorApplied": false,
            "averageCompoundedRate": 0.710437912
        },
        {
            "interestPeriodDate": "2020-03-13",
            "interestPeriodDays": 14,
            "observationPeriodDate": "2020-02-28",
            "observationPeriodDays": 14,
            "publishedRiskFreeRate": 0.7098,
            "rateApplied": 0.7098,
            "riskFreeRateFloorApplied": false,
            "derivedRiskFreeRateFloor": -0.04095,
            "derivedRiskFreeRateFloorApplied": false,
            "averageCompoundedRate": 0.710533963
        },
        {
            "interestPeriodDate": "2020-03-12",
            "interestPeriodDays": 11,
            "observationPeriodDate": "2020-02-27",
            "observationPeriodDays": 11,
            "publishedRiskFreeRate": 0.7106,
            "rateApplied": 0.7106,
            "riskFreeRateFloorApplied": false,
            "derivedRiskFreeRateFloor": -0.04095,
            "derivedRiskFreeRateFloorApplied": false,
            "averageCompoundedRate": 0.710692674
        },
        {
            "interestPeriodDate": "2020-03-11",
            "interestPeriodDays": 10,
            "observationPeriodDate": "2020-02-26",
            "observationPeriodDays": 10,
            "publishedRiskFreeRate": 0.7114,
            "rateApplied": 0.7114,
            "riskFreeRateFloorApplied": false,
            "derivedRiskFreeRateFloor": -0.04095,
            "derivedRiskFreeRateFloorApplied": false,
            "averageCompoundedRate": 0.710688105
        },
        {
            "interestPeriodDate": "2020-03-10",
            "interestPeriodDays": 9,
            "observationPeriodDate": "2020-02-25",
            "observationPeriodDays": 9,
            "publishedRiskFreeRate": 0.7109,
            "rateApplied": 0.7109,
            "riskFreeRateFloorApplied": false,
            "derivedRiskFreeRateFloor": -0.04095,
            "derivedRiskFreeRateFloorApplied": false,
            "averageCompoundedRate": 0.710595156
        },
        {
            "interestPeriodDate": "2020-03-09",
            "interestPeriodDays": 8,
            "observationPeriodDate": "2020-02-24",
            "observationPeriodDays": 8,
            "publishedRiskFreeRate": 0.7105,
            "rateApplied": 0.7105,
            "riskFreeRateFloorApplied": false,
            "derivedRiskFreeRateFloor": -0.04095,
            "derivedRiskFreeRateFloorApplied": false,
            "averageCompoundedRate": 0.710543211
        },
        {
            "interestPeriodDate": "2020-03-06",
            "interestPeriodDays": 7,
            "observationPeriodDate": "2020-02-21",
            "observationPeriodDays": 7,
            "publishedRiskFreeRate": 0.7112,
            "rateApplied": 0.7112,
            "riskFreeRateFloorApplied": false,
            "derivedRiskFreeRateFloor": -0.04095,
            "derivedRiskFreeRateFloorApplied": false,
            "averageCompoundedRate": 0.710535553
        },
        {
            "interestPeriodDate": "2020-03-05",
            "interestPeriodDays": 4,
            "observationPeriodDate": "2020-02-20",
            "observationPeriodDays": 4,
            "publishedRiskFreeRate": 0.711,
            "rateApplied": 0.711,
            "riskFreeRateFloorApplied": false,
            "derivedRiskFreeRateFloor": -0.04095,
            "derivedRiskFreeRateFloorApplied": false,
            "averageCompoundedRate": 0.709995715
        },
        {
            "interestPeriodDate": "2020-03-04",
            "interestPeriodDays": 3,
            "observationPeriodDate": "2020-02-19",
            "observationPeriodDays": 3,
            "publishedRiskFreeRate": 0.7102,
            "rateApplied": 0.7102,
            "riskFreeRateFloorApplied": false,
            "derivedRiskFreeRateFloor": -0.04095,
            "derivedRiskFreeRateFloorApplied": false,
            "averageCompoundedRate": 0.709647130
        },
        {
            "interestPeriodDate": "2020-03-03",
            "interestPeriodDays": 2,
            "observationPeriodDate": "2020-02-18",
            "observationPeriodDays": 2,
            "publishedRiskFreeRate": 0.7095,
            "rateApplied": 0.7095,
            "riskFreeRateFloorApplied": false,
            "derivedRiskFreeRateFloor": -0.04095,
            "derivedRiskFreeRateFloorApplied": false,
            "averageCompoundedRate": 0.709356893
        },
        {
            "interestPeriodDate": "2020-03-02",
            "interestPeriodDays": 1,
            "observationPeriodDate": "2020-02-17",
            "observationPeriodDays": 1,
            "publishedRiskFreeRate": 0.7092,
            "rateApplied": 0.7092,
            "riskFreeRateFloorApplied": false,
            "derivedRiskFreeRateFloor": -0.04095,
            "derivedRiskFreeRateFloorApplied": false,
            "averageCompoundedRate": 0.709200000
        }
    ]
}