{
    "comment": " Computed time : 2021-04-26T10:58:43+00:00. Computed time is the time stamp when the calculation was completed.",
    "lastUpdatedFromSource": "2021-04-23T13:39:41+00:00",
    "legalDisclaimer": "Use subject to New York Fed Terms of Use for Select Rate Data.  New York Fed has no liability for your use.  Refer the following link for more details: https://www.newyorkfed.org/markets/reference-rates-terms-of-use",
    "interestCalculatorCriteria": {
        "initialPrincipalBalance": "10000000",
        "interestPeriodStartDate": "2020-11-12",
        "interestPeriodEndDate": "2020-11-13",
        "riskFreeRate": "ESTR",
        "riskFreeRateFloor": "0.012",
        "lookBackDays": "4",
        "lockoutDays": "0",
        "observationPeriodShift": "true",
        "spread": "0.523",
        "spreadAdjustment": "0.1",
        "dayCountConvention": "ACT/360",
        "rateRoundingDecimalPoints": "2",
        "principalAmountChanges": [
            {
                "date": "2020-11-12",
                "principalAmountChange": "-100000"
            },
            {
                "date": "2020-11-13",
                "principalAmountChange": "-100000"
            }
        ],
        "showDailyDetails": "true"
    },
    "currencyCode": "EUR",
    "interestSummary": [
        {
            "interestPeriodDate": "2020-11-13",
            "interestPeriodDays": 1,
            "observationPeriodDate": "2020-11-06",
            "observationPeriodDays": 3,
            "principalBalance": 9800000.00,
            "publishedRiskFreeRate": 0.10,
            "rateApplied": 0.10,
            "riskFreeRateFloorApplied": false,
            "compoundingFactor": "0.95",
            "dailyCompoundedRate": "0.10",
            "allInRate": "0.72",
            "interestAmount": 196.00,
            "cummulativeInterestAmount": 396.75
        },
        {
            "interestPeriodDate": "2020-11-12",
            "interestPeriodDays": 1,
            "observationPeriodDate": "2020-11-05",
            "observationPeriodDays": 1,
            "principalBalance": 9900000.00,
            "publishedRiskFreeRate": 0.11,
            "rateApplied": 0.11,
            "riskFreeRateFloorApplied": false,
            "compoundingFactor": "1.00",
            "dailyCompoundedRate": "0.11",
            "allInRate": "0.73",
            "interestAmount": 200.75,
            "cummulativeInterestAmount": 200.75
        }
    ]
}