{
    "comment": " Computed time : 2021-03-18T14:51:04+00:00. Computed time is the time stamp when the calculation was completed.",
    "lastUpdatedFromSource": "2020-08-05T10:04:15+00:00",
    "legalDisclaimer": "The TONAR benchmark is used subject to the terms of the UK Open Government Licence v.3.0 (https://www.nationalarchives.gov.uk/doc/open-government-licence/version/3/) and the Bank of England’s disclaimer for TONAR (set out below)*. The “TONAR” mark is used with the consent of the Bank of England (the benchmark administrator of TONAR), and the use of such mark does not imply or express any approval or endorsement by the Bank of England. “Bank of England” and “TONAR” are registered trade marks of the Bank of England. The Bank of England has no liability for your use of the calculator service herein.\n*Bank of England’s disclaimer for TONAR: TONAR is copyright the Bank of England. The trade marks “Bank of England” and “TONAR” are registered trade marks of the Bank of England. All Rights Reserved. The TONAR benchmark includes the proprietary information of the Bank of England and the data comprising the benchmark may not be copied or distributed except as specifically authorised. The TONAR benchmark is not intended to be relied upon as authoritative or taken in substitution for the exercise of judgement. The TONAR benchmark is not, and should not be construed as, an offer, bid or solicitation in relation to any financial instrument. The Bank of England does not guarantee, and expressly disclaims any liability for, and makes no representations or warranties whether express or implied, as to the currency, accuracy, timeliness, completeness or fitness for any particular purpose of the TONAR benchmark. The Bank of England accepts no liability whatsoever for any loss (including, but not limited to any direct, indirect or consequential loss, whether or not such loss is foreseeable and whether or not the Bank of England has been appraised of the use to which the TONAR benchmark will be put) howsoever arising from the use, the timeliness of delivery or the failure of delivery of the TONAR benchmark.",
    "interestCalculatorCriteria": {
        "initialPrincipalBalance": 10000000,
        "interestPeriodStartDate": "2020-04-10",
        "interestPeriodEndDate": "2020-05-29",
        "riskFreeRate": "TONAR",
        "lookBackDays": 1,
        "lockoutDays": 0,
        "observationPeriodShift": true,
        "spread": -0.042234,
        "spreadAdjustment": 0.08343,
        "dayCountConvention": "ACT/365",
        "rateRoundingDecimalPoints": 12,
        "ccrRoundingApplies": true,
        "ccrRoundingPrecision": 7,
        "paymentRounding": "UP",
        "principalAmountChanges": [
            {
                "date": "2020-05-16",
                "principalAmountChange": -250000
            },
            {
                "date": "2020-05-17",
                "principalAmountChange": -250000
            }
        ],
        "showDailyDetails": true,
        "calculateTillDate": "2020-05-17"
    },
    "currencyCode": "JPY",
    "interestSummary": [
        {
            "interestPeriodDate": "2020-05-17",
            "interestPeriodDays": 3,
            "observationPeriodDate": "2020-05-14",
            "observationPeriodDays": 1,
            "principalBalance": 9500000.00,
            "publishedRiskFreeRate": -0.0672,
            "rateApplied": -0.0672,
            "riskFreeRateFloorApplied": false,
            "compoundingFactor": -0.169271329365,
            "dailyCompoundedRate": 0.011375033333,
            "allInRate": 0.052571033333,
            "interestAmount": 13.69,
            "cummulativeInterestAmount": 883.09
        },
        {
            "interestPeriodDate": "2020-05-16",
            "interestPeriodDays": 3,
            "observationPeriodDate": "2020-05-14",
            "observationPeriodDays": 1,
            "principalBalance": 9750000.00,
            "publishedRiskFreeRate": -0.0672,
            "rateApplied": -0.0672,
            "riskFreeRateFloorApplied": false,
            "compoundingFactor": -0.169271329365,
            "dailyCompoundedRate": 0.011375033333,
            "allInRate": 0.052571033333,
            "interestAmount": 14.05,
            "cummulativeInterestAmount": 869.41
        },
        {
            "interestPeriodDate": "2020-05-15",
            "interestPeriodDays": 3,
            "observationPeriodDate": "2020-05-14",
            "observationPeriodDays": 1,
            "principalBalance": 10000000.00,
            "publishedRiskFreeRate": -0.0672,
            "rateApplied": -0.0672,
            "riskFreeRateFloorApplied": false,
            "compoundingFactor": -0.169271329365,
            "dailyCompoundedRate": 0.011375033333,
            "allInRate": 0.052571033333,
            "interestAmount": 14.41,
            "cummulativeInterestAmount": 855.36
        },
        {
            "interestPeriodDate": "2020-05-14",
            "interestPeriodDays": 1,
            "observationPeriodDate": "2020-05-13",
            "observationPeriodDays": 1,
            "principalBalance": 10000000.00,
            "publishedRiskFreeRate": -0.0684,
            "rateApplied": -0.0684,
            "riskFreeRateFloorApplied": false,
            "compoundingFactor": 0.784709064328,
            "dailyCompoundedRate": -0.053674100000,
            "allInRate": -0.012478100000,
            "interestAmount": -3.42,
            "cummulativeInterestAmount": 840.96
        },
        {
            "interestPeriodDate": "2020-05-13",
            "interestPeriodDays": 1,
            "observationPeriodDate": "2020-05-12",
            "observationPeriodDays": 1,
            "principalBalance": 10000000.00,
            "publishedRiskFreeRate": -0.232,
            "rateApplied": -0.232,
            "riskFreeRateFloorApplied": false,
            "compoundingFactor": 0.840421551724,
            "dailyCompoundedRate": -0.194977800000,
            "allInRate": -0.153781800000,
            "interestAmount": -42.14,
            "cummulativeInterestAmount": 844.38
        },
        {
            "interestPeriodDate": "2020-05-12",
            "interestPeriodDays": 1,
            "observationPeriodDate": "2020-05-11",
            "observationPeriodDays": 1,
            "principalBalance": 10000000.00,
            "publishedRiskFreeRate": 0.11,
            "rateApplied": 0.11,
            "riskFreeRateFloorApplied": false,
            "compoundingFactor": 0.934770909091,
            "dailyCompoundedRate": 0.102824800000,
            "allInRate": 0.144020800000,
            "interestAmount": 39.46,
            "cummulativeInterestAmount": 886.51
        },
        {
            "interestPeriodDate": "2020-05-11",
            "interestPeriodDays": 1,
            "observationPeriodDate": "2020-05-07",
            "observationPeriodDays": 4,
            "principalBalance": 10000000.00,
            "publishedRiskFreeRate": 0,
            "rateApplied": 0,
            "riskFreeRateFloorApplied": false,
            "compoundingFactor": 4.628076576577,
            "dailyCompoundedRate": -0.152825300000,
            "allInRate": -0.111629300000,
            "interestAmount": -30.59,
            "cummulativeInterestAmount": 847.05
        },
        {
            "interestPeriodDate": "2020-05-07",
            "interestPeriodDays": 4,
            "observationPeriodDate": "2020-05-06",
            "observationPeriodDays": 1,
            "principalBalance": 10000000.00,
            "publishedRiskFreeRate": 0.0111,
            "rateApplied": 0.0111,
            "riskFreeRateFloorApplied": false,
            "compoundingFactor": 4.628076576577,
            "dailyCompoundedRate": 0.051371650000,
            "allInRate": 0.092567650000,
            "interestAmount": 101.45,
            "cummulativeInterestAmount": 877.64
        },
        {
            "interestPeriodDate": "2020-05-06",
            "interestPeriodDays": 1,
            "observationPeriodDate": "2020-05-05",
            "observationPeriodDays": 1,
            "principalBalance": 10000000.00,
            "publishedRiskFreeRate": 0,
            "rateApplied": 0,
            "riskFreeRateFloorApplied": false,
            "compoundingFactor": 0.999792109256,
            "dailyCompoundedRate": 0.010279500000,
            "allInRate": 0.051475500000,
            "interestAmount": 14.11,
            "cummulativeInterestAmount": 776.19
        },
        {
            "interestPeriodDate": "2020-05-05",
            "interestPeriodDays": 1,
            "observationPeriodDate": "2020-05-04",
            "observationPeriodDays": 1,
            "principalBalance": 10000000.00,
            "publishedRiskFreeRate": 0.0659,
            "rateApplied": 0.0659,
            "riskFreeRateFloorApplied": false,
            "compoundingFactor": 0.999792109256,
            "dailyCompoundedRate": 0.065886300000,
            "allInRate": 0.107082300000,
            "interestAmount": 29.34,
            "cummulativeInterestAmount": 762.09
        },
        {
            "interestPeriodDate": "2020-05-04",
            "interestPeriodDays": 1,
            "observationPeriodDate": "2020-05-01",
            "observationPeriodDays": 3,
            "principalBalance": 10000000.00,
            "publishedRiskFreeRate": 0.0658,
            "rateApplied": 0.0658,
            "riskFreeRateFloorApplied": false,
            "compoundingFactor": 1.000500000000,
            "dailyCompoundedRate": 0.065832900000,
            "allInRate": 0.107028900000,
            "interestAmount": 29.33,
            "cummulativeInterestAmount": 732.75
        },
        {
            "interestPeriodDate": "2020-05-01",
            "interestPeriodDays": 3,
            "observationPeriodDate": "2020-04-30",
            "observationPeriodDays": 1,
            "principalBalance": 10000000.00,
            "publishedRiskFreeRate": 0.0666,
            "rateApplied": 0.0666,
            "riskFreeRateFloorApplied": false,
            "compoundingFactor": 0.991042042042,
            "dailyCompoundedRate": 0.066003400000,
            "allInRate": 0.107199400000,
            "interestAmount": 88.11,
            "cummulativeInterestAmount": 703.43
        },
        {
            "interestPeriodDate": "2020-04-30",
            "interestPeriodDays": 1,
            "observationPeriodDate": "2020-04-29",
            "observationPeriodDays": 1,
            "principalBalance": 10000000.00,
            "publishedRiskFreeRate": 0.0673,
            "rateApplied": 0.0673,
            "riskFreeRateFloorApplied": false,
            "compoundingFactor": 0.995444279346,
            "dailyCompoundedRate": 0.066993400000,
            "allInRate": 0.108189400000,
            "interestAmount": 29.65,
            "cummulativeInterestAmount": 615.32
        },
        {
            "interestPeriodDate": "2020-04-29",
            "interestPeriodDays": 1,
            "observationPeriodDate": "2020-04-28",
            "observationPeriodDays": 1,
            "principalBalance": 10000000.00,
            "publishedRiskFreeRate": 0.0665,
            "rateApplied": 0.0665,
            "riskFreeRateFloorApplied": false,
            "compoundingFactor": 0.997494736842,
            "dailyCompoundedRate": 0.066333400000,
            "allInRate": 0.107529400000,
            "interestAmount": 29.47,
            "cummulativeInterestAmount": 585.68
        },
        {
            "interestPeriodDate": "2020-04-28",
            "interestPeriodDays": 1,
            "observationPeriodDate": "2020-04-27",
            "observationPeriodDays": 1,
            "principalBalance": 10000000.00,
            "publishedRiskFreeRate": 0.0652,
            "rateApplied": 0.0652,
            "riskFreeRateFloorApplied": false,
            "compoundingFactor": 1.001546012270,
            "dailyCompoundedRate": 0.065300800000,
            "allInRate": 0.106496800000,
            "interestAmount": 29.18,
            "cummulativeInterestAmount": 556.22
        },
        {
            "interestPeriodDate": "2020-04-27",
            "interestPeriodDays": 1,
            "observationPeriodDate": "2020-04-24",
            "observationPeriodDays": 3,
            "principalBalance": 10000000.00,
            "publishedRiskFreeRate": 0.0662,
            "rateApplied": 0.0662,
            "riskFreeRateFloorApplied": false,
            "compoundingFactor": 1.012383685801,
            "dailyCompoundedRate": 0.067019800000,
            "allInRate": 0.108215800000,
            "interestAmount": 29.65,
            "cummulativeInterestAmount": 527.04
        },
        {
            "interestPeriodDate": "2020-04-24",
            "interestPeriodDays": 3,
            "observationPeriodDate": "2020-04-23",
            "observationPeriodDays": 1,
            "principalBalance": 10000000.00,
            "publishedRiskFreeRate": 0.0673,
            "rateApplied": 0.0673,
            "riskFreeRateFloorApplied": false,
            "compoundingFactor": 0.980907379891,
            "dailyCompoundedRate": 0.066015066667,
            "allInRate": 0.107211066667,
            "interestAmount": 88.12,
            "cummulativeInterestAmount": 497.39
        },
        {
            "interestPeriodDate": "2020-04-23",
            "interestPeriodDays": 1,
            "observationPeriodDate": "2020-04-22",
            "observationPeriodDays": 1,
            "principalBalance": 10000000.00,
            "publishedRiskFreeRate": 0.0683,
            "rateApplied": 0.0683,
            "riskFreeRateFloorApplied": false,
            "compoundingFactor": 0.988673499268,
            "dailyCompoundedRate": 0.067526400000,
            "allInRate": 0.108722400000,
            "interestAmount": 29.79,
            "cummulativeInterestAmount": 409.27
        },
        {
            "interestPeriodDate": "2020-04-22",
            "interestPeriodDays": 1,
            "observationPeriodDate": "2020-04-21",
            "observationPeriodDays": 1,
            "principalBalance": 10000000.00,
            "publishedRiskFreeRate": 0.0672,
            "rateApplied": 0.0672,
            "riskFreeRateFloorApplied": false,
            "compoundingFactor": 0.991928571429,
            "dailyCompoundedRate": 0.066657600000,
            "allInRate": 0.107853600000,
            "interestAmount": 29.55,
            "cummulativeInterestAmount": 379.49
        },
        {
            "interestPeriodDate": "2020-04-21",
            "interestPeriodDays": 1,
            "observationPeriodDate": "2020-04-20",
            "observationPeriodDays": 1,
            "principalBalance": 10000000.00,
            "publishedRiskFreeRate": 0.0661,
            "rateApplied": 0.0661,
            "riskFreeRateFloorApplied": false,
            "compoundingFactor": 0.995954614221,
            "dailyCompoundedRate": 0.065832600000,
            "allInRate": 0.107028600000,
            "interestAmount": 29.33,
            "cummulativeInterestAmount": 349.94
        },
        {
            "interestPeriodDate": "2020-04-20",
            "interestPeriodDays": 1,
            "observationPeriodDate": "2020-04-17",
            "observationPeriodDays": 3,
            "principalBalance": 10000000.00,
            "publishedRiskFreeRate": 0.0643,
            "rateApplied": 0.0643,
            "riskFreeRateFloorApplied": false,
            "compoundingFactor": 0.981993779160,
            "dailyCompoundedRate": 0.063142200000,
            "allInRate": 0.104338200000,
            "interestAmount": 28.59,
            "cummulativeInterestAmount": 320.61
        },
        {
            "interestPeriodDate": "2020-04-17",
            "interestPeriodDays": 3,
            "observationPeriodDate": "2020-04-16",
            "observationPeriodDays": 1,
            "principalBalance": 10000000.00,
            "publishedRiskFreeRate": 0.0632,
            "rateApplied": 0.0632,
            "riskFreeRateFloorApplied": false,
            "compoundingFactor": 1.027954641350,
            "dailyCompoundedRate": 0.064966733333,
            "allInRate": 0.106162733333,
            "interestAmount": 87.26,
            "cummulativeInterestAmount": 292.03
        },
        {
            "interestPeriodDate": "2020-04-16",
            "interestPeriodDays": 1,
            "observationPeriodDate": "2020-04-15",
            "observationPeriodDays": 1,
            "principalBalance": 10000000.00,
            "publishedRiskFreeRate": 0.0634,
            "rateApplied": 0.0634,
            "riskFreeRateFloorApplied": false,
            "compoundingFactor": 1.015602523659,
            "dailyCompoundedRate": 0.064389200000,
            "allInRate": 0.105585200000,
            "interestAmount": 28.93,
            "cummulativeInterestAmount": 204.77
        },
        {
            "interestPeriodDate": "2020-04-15",
            "interestPeriodDays": 1,
            "observationPeriodDate": "2020-04-14",
            "observationPeriodDays": 1,
            "principalBalance": 10000000.00,
            "publishedRiskFreeRate": 0.0635,
            "rateApplied": 0.0635,
            "riskFreeRateFloorApplied": false,
            "compoundingFactor": 1.017907086614,
            "dailyCompoundedRate": 0.064637100000,
            "allInRate": 0.105833100000,
            "interestAmount": 29.00,
            "cummulativeInterestAmount": 175.84
        },
        {
            "interestPeriodDate": "2020-04-14",
            "interestPeriodDays": 1,
            "observationPeriodDate": "2020-04-09",
            "observationPeriodDays": 5,
            "principalBalance": 10000000.00,
            "publishedRiskFreeRate": 0.066,
            "rateApplied": 0.066,
            "riskFreeRateFloorApplied": false,
            "compoundingFactor": 1.000022727273,
            "dailyCompoundedRate": 0.066001500000,
            "allInRate": 0.107197500000,
            "interestAmount": 29.37,
            "cummulativeInterestAmount": 146.85
        },
        {
            "interestPeriodDate": "2020-04-10",
            "interestPeriodDays": 4,
            "observationPeriodDate": "2020-04-09",
            "observationPeriodDays": 5,
            "principalBalance": 10000000.00,
            "publishedRiskFreeRate": 0.066,
            "rateApplied": 0.066,
            "riskFreeRateFloorApplied": false,
            "compoundingFactor": 1.000000000000,
            "dailyCompoundedRate": 0.066000000000,
            "allInRate": 0.107196000000,
            "interestAmount": 117.48,
            "cummulativeInterestAmount": 117.48
        }
    ]
}