{
    "comment": " Computed time : 2021-05-20T09:26:50+00:00. Computed time is the time stamp when the calculation was completed.",
    "lastUpdatedFromSource": "2020-08-05T09:45:12+00:00",
    "legalDisclaimer": "Use subject to New York Fed Terms of Use for Select Rate Data.  New York Fed has no liability for your use.  Refer the following link for more details: https://www.newyorkfed.org/markets/reference-rates-terms-of-use",
    "interestCalculatorCriteria": {
        "initialPrincipalBalance": 1000000000,
        "interestPeriodStartDate": "2020-02-29",
        "interestPeriodEndDate": "2020-05-29",
        "riskFreeRate": "ESTR",
        "riskFreeRateFloor": -0.009,
        "lookBackDays": 6,
        "lockoutDays": 0,
        "observationPeriodShift": true,
        "spread": -1.224,
        "spreadAdjustment": 0.213,
        "dayCountConvention": "ACT/360",
        "rateRoundingDecimalPoints": 10,
        "legacyRiskFreeRateFloor": -0.008,
        "ccrRoundingApplies": true,
        "ccrRoundingPrecision": 10,
        "paymentRounding": "ACTUAL",
        "showDailyDetails": true,
        "calculateTillDate": "2020-05-26"
    },
    "currencyCode": "EUR",
    "interestSummary": [
        {
            "interestPeriodDate": "2020-05-26",
            "interestPeriodDays": 1,
            "observationPeriodDate": "2020-05-15",
            "observationPeriodDays": 3,
            "principalBalance": 1000000000.00,
            "publishedRiskFreeRate": 0.05,
            "rateApplied": 0.05,
            "riskFreeRateFloorApplied": false,
            "compoundingFactor": 1.372029920000,
            "dailyCompoundedRate": -0.733554323100,
            "allInRate": -1.744554323100,
            "interestAmount": -48459.84,
            "cummulativeInterestAmount": -1391231.85
        },
        {
            "interestPeriodDate": "2020-05-22",
            "interestPeriodDays": 4,
            "observationPeriodDate": "2020-05-14",
            "observationPeriodDays": 1,
            "principalBalance": 1000000000.00,
            "publishedRiskFreeRate": 0.02,
            "rateApplied": 0.02,
            "riskFreeRateFloorApplied": false,
            "compoundingFactor": 1.372029920000,
            "dailyCompoundedRate": 0.350329793525,
            "allInRate": -0.660670206475,
            "interestAmount": -73407.80,
            "cummulativeInterestAmount": -1342772.00
        },
        {
            "interestPeriodDate": "2020-05-21",
            "interestPeriodDays": 1,
            "observationPeriodDate": "2020-05-13",
            "observationPeriodDays": 1,
            "principalBalance": 1000000000.00,
            "publishedRiskFreeRate": 0.04,
            "rateApplied": 0.04,
            "riskFreeRateFloorApplied": false,
            "compoundingFactor": 1.372029920000,
            "dailyCompoundedRate": 0.054881196800,
            "allInRate": -0.956118803200,
            "interestAmount": -26558.86,
            "cummulativeInterestAmount": -1269364.20
        },
        {
            "interestPeriodDate": "2020-05-20",
            "interestPeriodDays": 1,
            "observationPeriodDate": "2020-05-12",
            "observationPeriodDays": 1,
            "principalBalance": 1000000000.00,
            "publishedRiskFreeRate": 0.06,
            "rateApplied": 0.06,
            "riskFreeRateFloorApplied": false,
            "compoundingFactor": 1.242354418333,
            "dailyCompoundedRate": 0.074541265100,
            "allInRate": -0.936458734900,
            "interestAmount": -26012.74,
            "cummulativeInterestAmount": -1242805.35
        },
        {
            "interestPeriodDate": "2020-05-19",
            "interestPeriodDays": 1,
            "observationPeriodDate": "2020-05-11",
            "observationPeriodDays": 1,
            "principalBalance": 1000000000.00,
            "publishedRiskFreeRate": 0.06,
            "rateApplied": 0.06,
            "riskFreeRateFloorApplied": false,
            "compoundingFactor": 1.248166238333,
            "dailyCompoundedRate": 0.074889974300,
            "allInRate": -0.936110025700,
            "interestAmount": -26003.06,
            "cummulativeInterestAmount": -1216792.61
        },
        {
            "interestPeriodDate": "2020-05-18",
            "interestPeriodDays": 1,
            "observationPeriodDate": "2020-05-08",
            "observationPeriodDays": 3,
            "principalBalance": 1000000000.00,
            "publishedRiskFreeRate": 0.06,
            "rateApplied": 0.06,
            "riskFreeRateFloorApplied": false,
            "compoundingFactor": 6.988057123333,
            "dailyCompoundedRate": -0.754527648500,
            "allInRate": -1.765527648500,
            "interestAmount": -49042.43,
            "cummulativeInterestAmount": -1190789.55
        },
        {
            "interestPeriodDate": "2020-05-15",
            "interestPeriodDays": 3,
            "observationPeriodDate": "2020-05-07",
            "observationPeriodDays": 1,
            "principalBalance": 1000000000.00,
            "publishedRiskFreeRate": 0.05,
            "rateApplied": 0.05,
            "riskFreeRateFloorApplied": false,
            "compoundingFactor": 6.988057123333,
            "dailyCompoundedRate": 0.349402856167,
            "allInRate": -0.661597143833,
            "interestAmount": -55133.10,
            "cummulativeInterestAmount": -1141747.11
        },
        {
            "interestPeriodDate": "2020-05-14",
            "interestPeriodDays": 1,
            "observationPeriodDate": "2020-05-06",
            "observationPeriodDays": 1,
            "principalBalance": 1000000000.00,
            "publishedRiskFreeRate": 0.05,
            "rateApplied": 0.05,
            "riskFreeRateFloorApplied": false,
            "compoundingFactor": 1.344344420000,
            "dailyCompoundedRate": 0.067217221000,
            "allInRate": -0.943782779000,
            "interestAmount": -26216.19,
            "cummulativeInterestAmount": -1086614.02
        },
        {
            "interestPeriodDate": "2020-05-13",
            "interestPeriodDays": 1,
            "observationPeriodDate": "2020-05-05",
            "observationPeriodDays": 1,
            "principalBalance": 1000000000.00,
            "publishedRiskFreeRate": 0.05,
            "rateApplied": 0.05,
            "riskFreeRateFloorApplied": false,
            "compoundingFactor": 1.353258808000,
            "dailyCompoundedRate": 0.067662940400,
            "allInRate": -0.943337059600,
            "interestAmount": -26203.81,
            "cummulativeInterestAmount": -1060397.83
        },
        {
            "interestPeriodDate": "2020-05-12",
            "interestPeriodDays": 1,
            "observationPeriodDate": "2020-05-04",
            "observationPeriodDays": 1,
            "principalBalance": 1000000000.00,
            "publishedRiskFreeRate": 0.05,
            "rateApplied": 0.05,
            "riskFreeRateFloorApplied": false,
            "compoundingFactor": 1.362525088000,
            "dailyCompoundedRate": 0.068126254400,
            "allInRate": -0.942873745600,
            "interestAmount": -26190.94,
            "cummulativeInterestAmount": -1034194.02
        },
        {
            "interestPeriodDate": "2020-05-11",
            "interestPeriodDays": 1,
            "observationPeriodDate": "2020-05-01",
            "observationPeriodDays": 3,
            "principalBalance": 1000000000.00,
            "publishedRiskFreeRate": 0.03,
            "rateApplied": 0.03,
            "riskFreeRateFloorApplied": false,
            "compoundingFactor": 9.401593825000,
            "dailyCompoundedRate": -0.917822683000,
            "allInRate": -1.928822683000,
            "interestAmount": -53578.41,
            "cummulativeInterestAmount": -1008003.09
        },
        {
            "interestPeriodDate": "2020-05-08",
            "interestPeriodDays": 3,
            "observationPeriodDate": "2020-04-30",
            "observationPeriodDays": 1,
            "principalBalance": 1000000000.00,
            "publishedRiskFreeRate": 0.04,
            "rateApplied": 0.04,
            "riskFreeRateFloorApplied": false,
            "compoundingFactor": 9.401593825000,
            "dailyCompoundedRate": 0.376063753000,
            "allInRate": -0.634936247000,
            "interestAmount": -52911.35,
            "cummulativeInterestAmount": -954424.68
        },
        {
            "interestPeriodDate": "2020-05-07",
            "interestPeriodDays": 1,
            "observationPeriodDate": "2020-04-29",
            "observationPeriodDays": 1,
            "principalBalance": 1000000000.00,
            "publishedRiskFreeRate": 0.01,
            "rateApplied": 0.01,
            "riskFreeRateFloorApplied": false,
            "compoundingFactor": 3.243198300000,
            "dailyCompoundedRate": 0.032431983000,
            "allInRate": -0.978568017000,
            "interestAmount": -27182.44,
            "cummulativeInterestAmount": -901513.32
        },
        {
            "interestPeriodDate": "2020-05-06",
            "interestPeriodDays": 1,
            "observationPeriodDate": "2020-04-28",
            "observationPeriodDays": 1,
            "principalBalance": 1000000000.00,
            "publishedRiskFreeRate": 0.01,
            "rateApplied": 0.01,
            "riskFreeRateFloorApplied": false,
            "compoundingFactor": 3.307257950002,
            "dailyCompoundedRate": 0.033072579500,
            "allInRate": -0.977927420500,
            "interestAmount": -27164.65,
            "cummulativeInterestAmount": -874330.88
        },
        {
            "interestPeriodDate": "2020-05-05",
            "interestPeriodDays": 1,
            "observationPeriodDate": "2020-04-27",
            "observationPeriodDays": 1,
            "principalBalance": 1000000000.00,
            "publishedRiskFreeRate": 0.03,
            "rateApplied": 0.03,
            "riskFreeRateFloorApplied": false,
            "compoundingFactor": 1.763071063333,
            "dailyCompoundedRate": 0.052892131900,
            "allInRate": -0.958107868100,
            "interestAmount": -26614.11,
            "cummulativeInterestAmount": -847166.23
        },
        {
            "interestPeriodDate": "2020-05-04",
            "interestPeriodDays": 1,
            "observationPeriodDate": "2020-04-24",
            "observationPeriodDays": 3,
            "principalBalance": 1000000000.00,
            "publishedRiskFreeRate": 0.03,
            "rateApplied": 0.03,
            "riskFreeRateFloorApplied": false,
            "compoundingFactor": 3.750518830001,
            "dailyCompoundedRate": -1.012510090700,
            "allInRate": -2.023510090700,
            "interestAmount": -56208.61,
            "cummulativeInterestAmount": -820552.12
        },
        {
            "interestPeriodDate": "2020-05-01",
            "interestPeriodDays": 3,
            "observationPeriodDate": "2020-04-23",
            "observationPeriodDays": 1,
            "principalBalance": 1000000000.00,
            "publishedRiskFreeRate": 0.01,
            "rateApplied": 0.01,
            "riskFreeRateFloorApplied": false,
            "compoundingFactor": 3.750518830001,
            "dailyCompoundedRate": 0.404004866433,
            "allInRate": -0.606995133567,
            "interestAmount": -50582.93,
            "cummulativeInterestAmount": -764343.51
        },
        {
            "interestPeriodDate": "2020-04-30",
            "interestPeriodDays": 1,
            "observationPeriodDate": "2020-04-22",
            "observationPeriodDays": 1,
            "principalBalance": 1000000000.00,
            "publishedRiskFreeRate": 0.01,
            "rateApplied": 0.01,
            "riskFreeRateFloorApplied": false,
            "compoundingFactor": 3.750518830001,
            "dailyCompoundedRate": 0.037505188300,
            "allInRate": -0.973494811700,
            "interestAmount": -27041.52,
            "cummulativeInterestAmount": -713760.58
        },
        {
            "interestPeriodDate": "2020-04-29",
            "interestPeriodDays": 1,
            "observationPeriodDate": "2020-04-21",
            "observationPeriodDays": 1,
            "principalBalance": 1000000000.00,
            "publishedRiskFreeRate": 0.01,
            "rateApplied": 0.01,
            "riskFreeRateFloorApplied": false,
            "compoundingFactor": 3.837802289999,
            "dailyCompoundedRate": 0.038378022900,
            "allInRate": -0.972621977100,
            "interestAmount": -27017.28,
            "cummulativeInterestAmount": -686719.06
        },
        {
            "interestPeriodDate": "2020-04-28",
            "interestPeriodDays": 1,
            "observationPeriodDate": "2020-04-20",
            "observationPeriodDays": 1,
            "principalBalance": 1000000000.00,
            "publishedRiskFreeRate": 0.02,
            "rateApplied": 0.02,
            "riskFreeRateFloorApplied": false,
            "compoundingFactor": 2.440972930000,
            "dailyCompoundedRate": 0.048819458600,
            "allInRate": -0.962180541400,
            "interestAmount": -26727.24,
            "cummulativeInterestAmount": -659701.78
        },
        {
            "interestPeriodDate": "2020-04-27",
            "interestPeriodDays": 1,
            "observationPeriodDate": "2020-04-17",
            "observationPeriodDays": 3,
            "principalBalance": 1000000000.00,
            "publishedRiskFreeRate": 0.03,
            "rateApplied": 0.03,
            "riskFreeRateFloorApplied": false,
            "compoundingFactor": 2.116445736666,
            "dailyCompoundedRate": -1.129218553200,
            "allInRate": -2.140218553200,
            "interestAmount": -59450.52,
            "cummulativeInterestAmount": -632974.54
        },
        {
            "interestPeriodDate": "2020-04-24",
            "interestPeriodDays": 3,
            "observationPeriodDate": "2020-04-16",
            "observationPeriodDays": 1,
            "principalBalance": 1000000000.00,
            "publishedRiskFreeRate": 0.03,
            "rateApplied": 0.03,
            "riskFreeRateFloorApplied": false,
            "compoundingFactor": 2.116445736666,
            "dailyCompoundedRate": 0.457466084367,
            "allInRate": -0.553533915633,
            "interestAmount": -46127.83,
            "cummulativeInterestAmount": -573524.03
        },
        {
            "interestPeriodDate": "2020-04-23",
            "interestPeriodDays": 1,
            "observationPeriodDate": "2020-04-15",
            "observationPeriodDays": 1,
            "principalBalance": 1000000000.00,
            "publishedRiskFreeRate": 0.03,
            "rateApplied": 0.03,
            "riskFreeRateFloorApplied": false,
            "compoundingFactor": 2.116445736666,
            "dailyCompoundedRate": 0.063493372100,
            "allInRate": -0.947506627900,
            "interestAmount": -26319.63,
            "cummulativeInterestAmount": -527396.20
        },
        {
            "interestPeriodDate": "2020-04-22",
            "interestPeriodDays": 1,
            "observationPeriodDate": "2020-04-14",
            "observationPeriodDays": 1,
            "principalBalance": 1000000000.00,
            "publishedRiskFreeRate": 0.06,
            "rateApplied": 0.06,
            "riskFreeRateFloorApplied": false,
            "compoundingFactor": 1.551860068334,
            "dailyCompoundedRate": 0.093111604100,
            "allInRate": -0.917888395900,
            "interestAmount": -25496.90,
            "cummulativeInterestAmount": -501076.57
        },
        {
            "interestPeriodDate": "2020-04-21",
            "interestPeriodDays": 1,
            "observationPeriodDate": "2020-04-13",
            "observationPeriodDays": 1,
            "principalBalance": 1000000000.00,
            "publishedRiskFreeRate": 0.02,
            "rateApplied": 0.02,
            "riskFreeRateFloorApplied": false,
            "compoundingFactor": 2.822733284999,
            "dailyCompoundedRate": 0.056454665700,
            "allInRate": -0.954545334300,
            "interestAmount": -26515.15,
            "cummulativeInterestAmount": -475579.67
        },
        {
            "interestPeriodDate": "2020-04-20",
            "interestPeriodDays": 1,
            "observationPeriodDate": "2020-04-09",
            "observationPeriodDays": 4,
            "principalBalance": 1000000000.00,
            "publishedRiskFreeRate": 0.01,
            "rateApplied": 0.01,
            "riskFreeRateFloorApplied": false,
            "compoundingFactor": 4.099469480001,
            "dailyCompoundedRate": -2.060284781900,
            "allInRate": -3.071284781900,
            "interestAmount": -85313.47,
            "cummulativeInterestAmount": -449064.53
        },
        {
            "interestPeriodDate": "2020-04-17",
            "interestPeriodDays": 3,
            "observationPeriodDate": "2020-04-08",
            "observationPeriodDays": 1,
            "principalBalance": 1000000000.00,
            "publishedRiskFreeRate": 0.01,
            "rateApplied": 0.01,
            "riskFreeRateFloorApplied": false,
            "compoundingFactor": 4.099469480001,
            "dailyCompoundedRate": 0.516082909700,
            "allInRate": -0.494917090300,
            "interestAmount": -41243.09,
            "cummulativeInterestAmount": -363751.06
        },
        {
            "interestPeriodDate": "2020-04-16",
            "interestPeriodDays": 1,
            "observationPeriodDate": "2020-04-07",
            "observationPeriodDays": 1,
            "principalBalance": 1000000000.00,
            "publishedRiskFreeRate": 0.01,
            "rateApplied": 0.01,
            "riskFreeRateFloorApplied": false,
            "compoundingFactor": 4.099469480001,
            "dailyCompoundedRate": 0.040994694800,
            "allInRate": -0.970005305200,
            "interestAmount": -26944.59,
            "cummulativeInterestAmount": -322507.97
        },
        {
            "interestPeriodDate": "2020-04-15",
            "interestPeriodDays": 1,
            "observationPeriodDate": "2020-04-06",
            "observationPeriodDays": 1,
            "principalBalance": 1000000000.00,
            "publishedRiskFreeRate": 0.01,
            "rateApplied": 0.01,
            "riskFreeRateFloorApplied": false,
            "compoundingFactor": 4.228569039999,
            "dailyCompoundedRate": 0.042285690400,
            "allInRate": -0.968714309600,
            "interestAmount": -26908.73,
            "cummulativeInterestAmount": -295563.38
        },
        {
            "interestPeriodDate": "2020-04-14",
            "interestPeriodDays": 1,
            "observationPeriodDate": "2020-04-03",
            "observationPeriodDays": 3,
            "principalBalance": 1000000000.00,
            "publishedRiskFreeRate": 0.01,
            "rateApplied": 0.01,
            "riskFreeRateFloorApplied": false,
            "compoundingFactor": -6.160675066665,
            "dailyCompoundedRate": -1.571465071800,
            "allInRate": -2.582465071800,
            "interestAmount": -71735.14,
            "cummulativeInterestAmount": -268654.65
        },
        {
            "interestPeriodDate": "2020-04-13",
            "interestPeriodDays": 1,
            "observationPeriodDate": "2020-04-02",
            "observationPeriodDays": 1,
            "principalBalance": 1000000000.00,
            "publishedRiskFreeRate": 0.00,
            "rateApplied": 0.00,
            "riskFreeRateFloorApplied": false,
            "compoundingFactor": -6.160675066665,
            "dailyCompoundedRate": -0.000000000200,
            "allInRate": -1.011000000200,
            "interestAmount": -28083.33,
            "cummulativeInterestAmount": -196919.50
        },
        {
            "interestPeriodDate": "2020-04-09",
            "interestPeriodDays": 4,
            "observationPeriodDate": "2020-04-01",
            "observationPeriodDays": 1,
            "principalBalance": 1000000000.00,
            "publishedRiskFreeRate": -0.01,
            "rateApplied": -0.009,
            "riskFreeRateFloorApplied": true,
            "compoundingFactor": -6.160675066665,
            "dailyCompoundedRate": 0.667775054300,
            "allInRate": -0.343224945700,
            "interestAmount": -38136.11,
            "cummulativeInterestAmount": -168836.17
        },
        {
            "interestPeriodDate": "2020-04-08",
            "interestPeriodDays": 1,
            "observationPeriodDate": "2020-03-31",
            "observationPeriodDays": 1,
            "principalBalance": 1000000000.00,
            "publishedRiskFreeRate": -0.01,
            "rateApplied": -0.009,
            "riskFreeRateFloorApplied": true,
            "compoundingFactor": -6.160675066665,
            "dailyCompoundedRate": 0.055446075600,
            "allInRate": -0.955553924400,
            "interestAmount": -26543.16,
            "cummulativeInterestAmount": -130700.07
        },
        {
            "interestPeriodDate": "2020-04-07",
            "interestPeriodDays": 1,
            "observationPeriodDate": "2020-03-30",
            "observationPeriodDays": 1,
            "principalBalance": 1000000000.00,
            "publishedRiskFreeRate": -0.01,
            "rateApplied": -0.009,
            "riskFreeRateFloorApplied": true,
            "compoundingFactor": -6.510028222225,
            "dailyCompoundedRate": 0.058590254000,
            "allInRate": -0.952409746000,
            "interestAmount": -26455.83,
            "cummulativeInterestAmount": -104156.90
        },
        {
            "interestPeriodDate": "2020-04-06",
            "interestPeriodDays": 1,
            "observationPeriodDate": "2020-03-27",
            "observationPeriodDays": 3,
            "principalBalance": 1000000000.00,
            "publishedRiskFreeRate": -0.01,
            "rateApplied": -0.009,
            "riskFreeRateFloorApplied": true,
            "compoundingFactor": 5.760505474999,
            "dailyCompoundedRate": -1.827090117900,
            "allInRate": -2.838090117900,
            "interestAmount": -78835.84,
            "cummulativeInterestAmount": -77701.08
        },
        {
            "interestPeriodDate": "2020-04-03",
            "interestPeriodDays": 3,
            "observationPeriodDate": "2020-03-26",
            "observationPeriodDays": 1,
            "principalBalance": 1000000000.00,
            "publishedRiskFreeRate": -0.01,
            "rateApplied": -0.009,
            "riskFreeRateFloorApplied": true,
            "compoundingFactor": 5.760505474999,
            "dailyCompoundedRate": 0.699330523500,
            "allInRate": -0.311669476500,
            "interestAmount": -25972.46,
            "cummulativeInterestAmount": 1134.76
        },
        {
            "interestPeriodDate": "2020-04-02",
            "interestPeriodDays": 1,
            "observationPeriodDate": "2020-03-25",
            "observationPeriodDays": 1,
            "principalBalance": 1000000000.00,
            "publishedRiskFreeRate": 0.00,
            "rateApplied": 0.00,
            "riskFreeRateFloorApplied": false,
            "compoundingFactor": 5.760505474999,
            "dailyCompoundedRate": 0.086641811200,
            "allInRate": -0.924358188800,
            "interestAmount": -25676.62,
            "cummulativeInterestAmount": 27107.22
        },
        {
            "interestPeriodDate": "2020-04-01",
            "interestPeriodDays": 1,
            "observationPeriodDate": "2020-03-24",
            "observationPeriodDays": 1,
            "principalBalance": 1000000000.00,
            "publishedRiskFreeRate": 0.01,
            "rateApplied": 0.01,
            "riskFreeRateFloorApplied": false,
            "compoundingFactor": 5.760505474999,
            "dailyCompoundedRate": 0.100745401000,
            "allInRate": -0.910254599000,
            "interestAmount": -25284.85,
            "cummulativeInterestAmount": 52783.83
        },
        {
            "interestPeriodDate": "2020-03-31",
            "interestPeriodDays": 1,
            "observationPeriodDate": "2020-03-23",
            "observationPeriodDays": 1,
            "principalBalance": 1000000000.00,
            "publishedRiskFreeRate": 0.02,
            "rateApplied": 0.02,
            "riskFreeRateFloorApplied": false,
            "compoundingFactor": 5.760505474999,
            "dailyCompoundedRate": 0.115210109500,
            "allInRate": -0.895789890500,
            "interestAmount": -24883.05,
            "cummulativeInterestAmount": 78068.68
        },
        {
            "interestPeriodDate": "2020-03-30",
            "interestPeriodDays": 1,
            "observationPeriodDate": "2020-03-20",
            "observationPeriodDays": 3,
            "principalBalance": 1000000000.00,
            "publishedRiskFreeRate": 0.04,
            "rateApplied": 0.04,
            "riskFreeRateFloorApplied": false,
            "compoundingFactor": 2.216768967000,
            "dailyCompoundedRate": -2.035452338900,
            "allInRate": -3.046452338900,
            "interestAmount": -84623.68,
            "cummulativeInterestAmount": 102951.74
        },
        {
            "interestPeriodDate": "2020-03-27",
            "interestPeriodDays": 3,
            "observationPeriodDate": "2020-03-19",
            "observationPeriodDays": 1,
            "principalBalance": 1000000000.00,
            "publishedRiskFreeRate": 0.06,
            "rateApplied": 0.06,
            "riskFreeRateFloorApplied": false,
            "compoundingFactor": 2.216768967000,
            "dailyCompoundedRate": 0.883282475900,
            "allInRate": -0.127717524100,
            "interestAmount": -10643.13,
            "cummulativeInterestAmount": 187575.41
        },
        {
            "interestPeriodDate": "2020-03-26",
            "interestPeriodDays": 1,
            "observationPeriodDate": "2020-03-18",
            "observationPeriodDays": 1,
            "principalBalance": 1000000000.00,
            "publishedRiskFreeRate": 0.1,
            "rateApplied": 0.1,
            "riskFreeRateFloorApplied": false,
            "compoundingFactor": 2.216768967000,
            "dailyCompoundedRate": 0.221676896700,
            "allInRate": -0.789323103300,
            "interestAmount": -21925.64,
            "cummulativeInterestAmount": 198218.54
        },
        {
            "interestPeriodDate": "2020-03-25",
            "interestPeriodDays": 1,
            "observationPeriodDate": "2020-03-17",
            "observationPeriodDays": 1,
            "principalBalance": 1000000000.00,
            "publishedRiskFreeRate": 0.54,
            "rateApplied": 0.54,
            "riskFreeRateFloorApplied": false,
            "compoundingFactor": 1.154864541852,
            "dailyCompoundedRate": 0.623626852600,
            "allInRate": -0.387373147400,
            "interestAmount": -10760.37,
            "cummulativeInterestAmount": 220144.18
        },
        {
            "interestPeriodDate": "2020-03-24",
            "interestPeriodDays": 1,
            "observationPeriodDate": "2020-03-16",
            "observationPeriodDays": 1,
            "principalBalance": 1000000000.00,
            "publishedRiskFreeRate": 0.26,
            "rateApplied": 0.26,
            "riskFreeRateFloorApplied": false,
            "compoundingFactor": 1.463957693846,
            "dailyCompoundedRate": 0.380629000400,
            "allInRate": -0.630370999600,
            "interestAmount": -17510.31,
            "cummulativeInterestAmount": 230904.55
        },
        {
            "interestPeriodDate": "2020-03-23",
            "interestPeriodDays": 1,
            "observationPeriodDate": "2020-03-13",
            "observationPeriodDays": 3,
            "principalBalance": 1000000000.00,
            "publishedRiskFreeRate": 1.1,
            "rateApplied": 1.1,
            "riskFreeRateFloorApplied": false,
            "compoundingFactor": 0.519272579545,
            "dailyCompoundedRate": 0.571199837500,
            "allInRate": -0.439800162500,
            "interestAmount": -12216.67,
            "cummulativeInterestAmount": 248414.85
        },
        {
            "interestPeriodDate": "2020-03-20",
            "interestPeriodDays": 3,
            "observationPeriodDate": "2020-03-12",
            "observationPeriodDays": 1,
            "principalBalance": 1000000000.00,
            "publishedRiskFreeRate": 1.2,
            "rateApplied": 1.2,
            "riskFreeRateFloorApplied": false,
            "compoundingFactor": 1.129833417806,
            "dailyCompoundedRate": 1.355800101367,
            "allInRate": 0.344800101367,
            "interestAmount": 28733.34,
            "cummulativeInterestAmount": 260631.52
        },
        {
            "interestPeriodDate": "2020-03-19",
            "interestPeriodDays": 1,
            "observationPeriodDate": "2020-03-11",
            "observationPeriodDays": 1,
            "principalBalance": 1000000000.00,
            "publishedRiskFreeRate": 1.15,
            "rateApplied": 1.15,
            "riskFreeRateFloorApplied": false,
            "compoundingFactor": 1.033774383739,
            "dailyCompoundedRate": 1.188840541300,
            "allInRate": 0.177840541300,
            "interestAmount": 4940.02,
            "cummulativeInterestAmount": 231898.18
        },
        {
            "interestPeriodDate": "2020-03-18",
            "interestPeriodDays": 1,
            "observationPeriodDate": "2020-03-10",
            "observationPeriodDays": 1,
            "principalBalance": 1000000000.00,
            "publishedRiskFreeRate": 1.11,
            "rateApplied": 1.11,
            "riskFreeRateFloorApplied": false,
            "compoundingFactor": 1.043331459910,
            "dailyCompoundedRate": 1.158097920500,
            "allInRate": 0.147097920500,
            "interestAmount": 4086.05,
            "cummulativeInterestAmount": 226958.17
        },
        {
            "interestPeriodDate": "2020-03-17",
            "interestPeriodDays": 1,
            "observationPeriodDate": "2020-03-09",
            "observationPeriodDays": 1,
            "principalBalance": 1000000000.00,
            "publishedRiskFreeRate": 1.09,
            "rateApplied": 1.09,
            "riskFreeRateFloorApplied": false,
            "compoundingFactor": 1.051165934954,
            "dailyCompoundedRate": 1.145770869100,
            "allInRate": 0.134770869100,
            "interestAmount": 3743.64,
            "cummulativeInterestAmount": 222872.11
        },
        {
            "interestPeriodDate": "2020-03-16",
            "interestPeriodDays": 1,
            "observationPeriodDate": "2020-03-06",
            "observationPeriodDays": 3,
            "principalBalance": 1000000000.00,
            "publishedRiskFreeRate": 1.1,
            "rateApplied": 1.1,
            "riskFreeRateFloorApplied": false,
            "compoundingFactor": 0.380336051182,
            "dailyCompoundedRate": 0.418369656300,
            "allInRate": -0.592630343700,
            "interestAmount": -16461.95,
            "cummulativeInterestAmount": 219128.48
        },
        {
            "interestPeriodDate": "2020-03-13",
            "interestPeriodDays": 3,
            "observationPeriodDate": "2020-03-05",
            "observationPeriodDays": 1,
            "principalBalance": 1000000000.00,
            "publishedRiskFreeRate": 1.12,
            "rateApplied": 1.12,
            "riskFreeRateFloorApplied": false,
            "compoundingFactor": 1.274328291696,
            "dailyCompoundedRate": 1.427247686700,
            "allInRate": 0.416247686700,
            "interestAmount": 34687.31,
            "cummulativeInterestAmount": 235590.43
        },
        {
            "interestPeriodDate": "2020-03-12",
            "interestPeriodDays": 1,
            "observationPeriodDate": "2020-03-04",
            "observationPeriodDays": 1,
            "principalBalance": 1000000000.00,
            "publishedRiskFreeRate": 1.23,
            "rateApplied": 1.23,
            "riskFreeRateFloorApplied": false,
            "compoundingFactor": 1.055383116992,
            "dailyCompoundedRate": 1.298121233900,
            "allInRate": 0.287121233900,
            "interestAmount": 7975.59,
            "cummulativeInterestAmount": 200903.12
        },
        {
            "interestPeriodDate": "2020-03-11",
            "interestPeriodDays": 1,
            "observationPeriodDate": "2020-03-03",
            "observationPeriodDays": 1,
            "principalBalance": 1000000000.00,
            "publishedRiskFreeRate": 1.64,
            "rateApplied": 1.64,
            "riskFreeRateFloorApplied": false,
            "compoundingFactor": 0.993923142378,
            "dailyCompoundedRate": 1.630033953500,
            "allInRate": 0.619033953500,
            "interestAmount": 17195.39,
            "cummulativeInterestAmount": 192927.53
        },
        {
            "interestPeriodDate": "2020-03-10",
            "interestPeriodDays": 1,
            "observationPeriodDate": "2020-03-02",
            "observationPeriodDays": 1,
            "principalBalance": 1000000000.00,
            "publishedRiskFreeRate": 1.59,
            "rateApplied": 1.59,
            "riskFreeRateFloorApplied": false,
            "compoundingFactor": 0.999877844843,
            "dailyCompoundedRate": 1.589805773300,
            "allInRate": 0.578805773300,
            "interestAmount": 16077.94,
            "cummulativeInterestAmount": 175732.15
        },
        {
            "interestPeriodDate": "2020-03-09",
            "interestPeriodDays": 1,
            "observationPeriodDate": "2020-02-28",
            "observationPeriodDays": 3,
            "principalBalance": 1000000000.00,
            "publishedRiskFreeRate": 1.6,
            "rateApplied": 1.6,
            "riskFreeRateFloorApplied": false,
            "compoundingFactor": 1.016321104063,
            "dailyCompoundedRate": 1.626113766500,
            "allInRate": 0.615113766500,
            "interestAmount": 17086.49,
            "cummulativeInterestAmount": 159654.21
        },
        {
            "interestPeriodDate": "2020-03-06",
            "interestPeriodDays": 3,
            "observationPeriodDate": "2020-02-27",
            "observationPeriodDays": 1,
            "principalBalance": 1000000000.00,
            "publishedRiskFreeRate": 1.58,
            "rateApplied": 1.58,
            "riskFreeRateFloorApplied": false,
            "compoundingFactor": 1.000713452215,
            "dailyCompoundedRate": 1.581127254500,
            "allInRate": 0.570127254500,
            "interestAmount": 47510.60,
            "cummulativeInterestAmount": 142567.72
        },
        {
            "interestPeriodDate": "2020-03-05",
            "interestPeriodDays": 1,
            "observationPeriodDate": "2020-02-26",
            "observationPeriodDays": 1,
            "principalBalance": 1000000000.00,
            "publishedRiskFreeRate": 1.58,
            "rateApplied": 1.58,
            "riskFreeRateFloorApplied": false,
            "compoundingFactor": 1.000538315190,
            "dailyCompoundedRate": 1.580850538000,
            "allInRate": 0.569850538000,
            "interestAmount": 15829.18,
            "cummulativeInterestAmount": 95057.11
        },
        {
            "interestPeriodDate": "2020-03-04",
            "interestPeriodDays": 1,
            "observationPeriodDate": "2020-02-25",
            "observationPeriodDays": 1,
            "principalBalance": 1000000000.00,
            "publishedRiskFreeRate": 1.59,
            "rateApplied": 1.59,
            "riskFreeRateFloorApplied": false,
            "compoundingFactor": 0.997868588176,
            "dailyCompoundedRate": 1.586611055200,
            "allInRate": 0.575611055200,
            "interestAmount": 15989.20,
            "cummulativeInterestAmount": 79227.93
        },
        {
            "interestPeriodDate": "2020-03-03",
            "interestPeriodDays": 1,
            "observationPeriodDate": "2020-02-24",
            "observationPeriodDays": 1,
            "principalBalance": 1000000000.00,
            "publishedRiskFreeRate": 1.58,
            "rateApplied": 1.58,
            "riskFreeRateFloorApplied": false,
            "compoundingFactor": 1.000178700443,
            "dailyCompoundedRate": 1.580282346700,
            "allInRate": 0.569282346700,
            "interestAmount": 15813.40,
            "cummulativeInterestAmount": 63238.73
        },
        {
            "interestPeriodDate": "2020-03-02",
            "interestPeriodDays": 1,
            "observationPeriodDate": "2020-02-21",
            "observationPeriodDays": 3,
            "principalBalance": 1000000000.00,
            "publishedRiskFreeRate": 1.58,
            "rateApplied": 1.58,
            "riskFreeRateFloorApplied": false,
            "compoundingFactor": 1.000197500063,
            "dailyCompoundedRate": 1.580312050100,
            "allInRate": 0.569312050100,
            "interestAmount": 15814.22,
            "cummulativeInterestAmount": 47425.33
        },
        {
            "interestPeriodDate": "2020-02-29",
            "interestPeriodDays": 2,
            "observationPeriodDate": "2020-02-21",
            "observationPeriodDays": 3,
            "principalBalance": 1000000000.00,
            "publishedRiskFreeRate": 1.58,
            "rateApplied": 1.58,
            "riskFreeRateFloorApplied": false,
            "compoundingFactor": 1.000000000000,
            "dailyCompoundedRate": 1.580000000000,
            "allInRate": 0.569000000000,
            "interestAmount": 31611.11,
            "cummulativeInterestAmount": 31611.11
        }
    ]
}