{
    "comment": " Computed time : 2021-02-03T13:29:46+00:00. Computed time is the time stamp when the calculation was completed.",
    "lastUpdatedFromSource": "2020-08-05T09:45:12+00:00",
    "legalDisclaimer": "Use subject to New York Fed Terms of Use for Select Rate Data.  New York Fed has no liability for your use.  Refer the following link for more details: https://www.newyorkfed.org/markets/reference-rates-terms-of-use",
    "requestParameters": {
        "interestPeriodStartDate": "2020-04-26",
        "interestPeriodEndDate": "2020-05-31",
        "riskFreeRate": "ESTR",
        "riskFreeRateFloor": 0.01,
        "lookBackDays": 1,
        "lockoutDays": 7,
        "dayCountConvention": "ACT/360",
        "rateRoundingDecimalPoints": 11,
        "showDailyDetails": true,
        "calculateTillDate": "2020-05-29"
    },
    "dailyRateSummary": [
        {
            "interestPeriodDate": "2020-05-29",
            "interestPeriodDays": 36,
            "publishedRiskFreeRate": 0.04,
            "rateApplied": 0.04,
            "riskFreeRateFloorApplied": false,
            "simpleAverageRate": 0.03916666667
        },
        {
            "interestPeriodDate": "2020-05-28",
            "interestPeriodDays": 33,
            "publishedRiskFreeRate": 0.04,
            "rateApplied": 0.04,
            "riskFreeRateFloorApplied": false,
            "simpleAverageRate": 0.03909090909
        },
        {
            "interestPeriodDate": "2020-05-27",
            "interestPeriodDays": 32,
            "publishedRiskFreeRate": 0.04,
            "rateApplied": 0.04,
            "riskFreeRateFloorApplied": false,
            "simpleAverageRate": 0.03906250000
        },
        {
            "interestPeriodDate": "2020-05-26",
            "interestPeriodDays": 31,
            "publishedRiskFreeRate": 0.04,
            "rateApplied": 0.04,
            "riskFreeRateFloorApplied": false,
            "simpleAverageRate": 0.03903225806
        },
        {
            "interestPeriodDate": "2020-05-22",
            "interestPeriodDays": 30,
            "publishedRiskFreeRate": 0.04,
            "rateApplied": 0.04,
            "riskFreeRateFloorApplied": false,
            "simpleAverageRate": 0.03900000000
        },
        {
            "interestPeriodDate": "2020-05-21",
            "interestPeriodDays": 26,
            "publishedRiskFreeRate": 0.04,
            "rateApplied": 0.04,
            "riskFreeRateFloorApplied": false,
            "simpleAverageRate": 0.03884615385
        },
        {
            "interestPeriodDate": "2020-05-20",
            "interestPeriodDays": 25,
            "publishedRiskFreeRate": 0.04,
            "rateApplied": 0.04,
            "riskFreeRateFloorApplied": false,
            "simpleAverageRate": 0.03880000000
        },
        {
            "interestPeriodDate": "2020-05-19",
            "interestPeriodDays": 24,
            "publishedRiskFreeRate": 0.04,
            "rateApplied": 0.04,
            "riskFreeRateFloorApplied": false,
            "simpleAverageRate": 0.03875000000
        },
        {
            "interestPeriodDate": "2020-05-18",
            "interestPeriodDays": 23,
            "publishedRiskFreeRate": 0.05,
            "rateApplied": 0.05,
            "riskFreeRateFloorApplied": false,
            "simpleAverageRate": 0.03869565217
        },
        {
            "interestPeriodDate": "2020-05-15",
            "interestPeriodDays": 22,
            "publishedRiskFreeRate": 0.02,
            "rateApplied": 0.02,
            "riskFreeRateFloorApplied": false,
            "simpleAverageRate": 0.03818181818
        },
        {
            "interestPeriodDate": "2020-05-14",
            "interestPeriodDays": 19,
            "publishedRiskFreeRate": 0.04,
            "rateApplied": 0.04,
            "riskFreeRateFloorApplied": false,
            "simpleAverageRate": 0.04105263158
        },
        {
            "interestPeriodDate": "2020-05-13",
            "interestPeriodDays": 18,
            "publishedRiskFreeRate": 0.06,
            "rateApplied": 0.06,
            "riskFreeRateFloorApplied": false,
            "simpleAverageRate": 0.04111111111
        },
        {
            "interestPeriodDate": "2020-05-12",
            "interestPeriodDays": 17,
            "publishedRiskFreeRate": 0.06,
            "rateApplied": 0.06,
            "riskFreeRateFloorApplied": false,
            "simpleAverageRate": 0.04000000000
        },
        {
            "interestPeriodDate": "2020-05-11",
            "interestPeriodDays": 16,
            "publishedRiskFreeRate": 0.06,
            "rateApplied": 0.06,
            "riskFreeRateFloorApplied": false,
            "simpleAverageRate": 0.03875000000
        },
        {
            "interestPeriodDate": "2020-05-08",
            "interestPeriodDays": 15,
            "publishedRiskFreeRate": 0.05,
            "rateApplied": 0.05,
            "riskFreeRateFloorApplied": false,
            "simpleAverageRate": 0.03733333333
        },
        {
            "interestPeriodDate": "2020-05-07",
            "interestPeriodDays": 12,
            "publishedRiskFreeRate": 0.05,
            "rateApplied": 0.05,
            "riskFreeRateFloorApplied": false,
            "simpleAverageRate": 0.03416666667
        },
        {
            "interestPeriodDate": "2020-05-06",
            "interestPeriodDays": 11,
            "publishedRiskFreeRate": 0.05,
            "rateApplied": 0.05,
            "riskFreeRateFloorApplied": false,
            "simpleAverageRate": 0.03272727273
        },
        {
            "interestPeriodDate": "2020-05-05",
            "interestPeriodDays": 10,
            "publishedRiskFreeRate": 0.05,
            "rateApplied": 0.05,
            "riskFreeRateFloorApplied": false,
            "simpleAverageRate": 0.03100000000
        },
        {
            "interestPeriodDate": "2020-05-04",
            "interestPeriodDays": 9,
            "publishedRiskFreeRate": 0.03,
            "rateApplied": 0.03,
            "riskFreeRateFloorApplied": false,
            "simpleAverageRate": 0.02888888889
        },
        {
            "interestPeriodDate": "2020-05-01",
            "interestPeriodDays": 8,
            "publishedRiskFreeRate": 0.04,
            "rateApplied": 0.04,
            "riskFreeRateFloorApplied": false,
            "simpleAverageRate": 0.02875000000
        },
        {
            "interestPeriodDate": "2020-04-30",
            "interestPeriodDays": 5,
            "publishedRiskFreeRate": 0.01,
            "rateApplied": 0.01,
            "riskFreeRateFloorApplied": false,
            "simpleAverageRate": 0.02200000000
        },
        {
            "interestPeriodDate": "2020-04-29",
            "interestPeriodDays": 4,
            "publishedRiskFreeRate": 0.01,
            "rateApplied": 0.01,
            "riskFreeRateFloorApplied": false,
            "simpleAverageRate": 0.02500000000
        },
        {
            "interestPeriodDate": "2020-04-28",
            "interestPeriodDays": 3,
            "publishedRiskFreeRate": 0.03,
            "rateApplied": 0.03,
            "riskFreeRateFloorApplied": false,
            "simpleAverageRate": 0.03000000000
        },
        {
            "interestPeriodDate": "2020-04-27",
            "interestPeriodDays": 2,
            "publishedRiskFreeRate": 0.03,
            "rateApplied": 0.03,
            "riskFreeRateFloorApplied": false,
            "simpleAverageRate": 0.03000000000
        },
        {
            "interestPeriodDate": "2020-04-26",
            "interestPeriodDays": 1,
            "publishedRiskFreeRate": 0.03,
            "rateApplied": 0.03,
            "riskFreeRateFloorApplied": false,
            "simpleAverageRate": 0.03000000000
        }
    ]
}