{
    "comment": " Computed time : 2020-08-21T13:25:26+00:00. Computed time is the time stamp when the calculation was completed.",
    "lastUpdatedFromSource": "2020-08-05T09:45:12+00:00",
    "legalDisclaimer": "Use subject to New York Fed Terms of Use for Select Rate Data.  New York Fed has no liability for your use.  Refer the following link for more details: https://www.newyorkfed.org/markets/reference-rates-terms-of-use",
    "interestCalculatorCriteria": {
        "initialPrincipalBalance": 10000000,
        "interestPeriodStartDate": "2020-02-29",
        "interestPeriodEndDate": "2020-05-24",
        "riskFreeRate": "SOFR",
        "riskFreeRateFloor": 1.0E-4,
        "lookBackDays": 0,
        "lockoutDays": 2,
        "spread": -0.11345,
        "spreadAdjustment": 2.345,
        "rateRoundingDecimalPoints": 6,
        "paymentRounding": "ACTUAL",
        "principalAmountChanges": [
            {
                "date": "2020-03-25",
                "principalAmountChange": 150000
            },
            {
                "date": "2020-05-24",
                "principalAmountChange": -10150000
            }
        ],
        "showDailyDetails": true,
        "calculateTillDate": "2020-05-18"
    },
    "currencyCode": "USD",
    "interestSummary": [
        {
            "interestPeriodDate": "2020-05-18",
            "interestPeriodDays": 1,
            "principalBalance": 10150000.00,
            "publishedRiskFreeRate": 0.04,
            "rateApplied": 0.040000,
            "riskFreeRateFloorApplied": false,
            "allInRate": 2.271550,
            "interestAmount": 640.45,
            "cummulativeInterestAmount": 56340.82
        },
        {
            "interestPeriodDate": "2020-05-15",
            "interestPeriodDays": 3,
            "principalBalance": 10150000.00,
            "publishedRiskFreeRate": 0.05,
            "rateApplied": 0.050000,
            "riskFreeRateFloorApplied": false,
            "allInRate": 2.281550,
            "interestAmount": 1929.81,
            "cummulativeInterestAmount": 55700.37
        },
        {
            "interestPeriodDate": "2020-05-14",
            "interestPeriodDays": 1,
            "principalBalance": 10150000.00,
            "publishedRiskFreeRate": 0.02,
            "rateApplied": 0.020000,
            "riskFreeRateFloorApplied": false,
            "allInRate": 2.251550,
            "interestAmount": 634.81,
            "cummulativeInterestAmount": 53770.56
        },
        {
            "interestPeriodDate": "2020-05-13",
            "interestPeriodDays": 1,
            "principalBalance": 10150000.00,
            "publishedRiskFreeRate": 0.04,
            "rateApplied": 0.040000,
            "riskFreeRateFloorApplied": false,
            "allInRate": 2.271550,
            "interestAmount": 640.45,
            "cummulativeInterestAmount": 53135.74
        },
        {
            "interestPeriodDate": "2020-05-12",
            "interestPeriodDays": 1,
            "principalBalance": 10150000.00,
            "publishedRiskFreeRate": 0.06,
            "rateApplied": 0.060000,
            "riskFreeRateFloorApplied": false,
            "allInRate": 2.291550,
            "interestAmount": 646.09,
            "cummulativeInterestAmount": 52495.29
        },
        {
            "interestPeriodDate": "2020-05-11",
            "interestPeriodDays": 1,
            "principalBalance": 10150000.00,
            "publishedRiskFreeRate": 0.06,
            "rateApplied": 0.060000,
            "riskFreeRateFloorApplied": false,
            "allInRate": 2.291550,
            "interestAmount": 646.09,
            "cummulativeInterestAmount": 51849.20
        },
        {
            "interestPeriodDate": "2020-05-08",
            "interestPeriodDays": 3,
            "principalBalance": 10150000.00,
            "publishedRiskFreeRate": 0.06,
            "rateApplied": 0.060000,
            "riskFreeRateFloorApplied": false,
            "allInRate": 2.291550,
            "interestAmount": 1938.27,
            "cummulativeInterestAmount": 51203.11
        },
        {
            "interestPeriodDate": "2020-05-07",
            "interestPeriodDays": 1,
            "principalBalance": 10150000.00,
            "publishedRiskFreeRate": 0.05,
            "rateApplied": 0.050000,
            "riskFreeRateFloorApplied": false,
            "allInRate": 2.281550,
            "interestAmount": 643.27,
            "cummulativeInterestAmount": 49264.84
        },
        {
            "interestPeriodDate": "2020-05-06",
            "interestPeriodDays": 1,
            "principalBalance": 10150000.00,
            "publishedRiskFreeRate": 0.05,
            "rateApplied": 0.050000,
            "riskFreeRateFloorApplied": false,
            "allInRate": 2.281550,
            "interestAmount": 643.27,
            "cummulativeInterestAmount": 48621.57
        },
        {
            "interestPeriodDate": "2020-05-05",
            "interestPeriodDays": 1,
            "principalBalance": 10150000.00,
            "publishedRiskFreeRate": 0.05,
            "rateApplied": 0.050000,
            "riskFreeRateFloorApplied": false,
            "allInRate": 2.281550,
            "interestAmount": 643.27,
            "cummulativeInterestAmount": 47978.30
        },
        {
            "interestPeriodDate": "2020-05-04",
            "interestPeriodDays": 1,
            "principalBalance": 10150000.00,
            "publishedRiskFreeRate": 0.05,
            "rateApplied": 0.050000,
            "riskFreeRateFloorApplied": false,
            "allInRate": 2.281550,
            "interestAmount": 643.27,
            "cummulativeInterestAmount": 47335.03
        },
        {
            "interestPeriodDate": "2020-05-01",
            "interestPeriodDays": 3,
            "principalBalance": 10150000.00,
            "publishedRiskFreeRate": 0.03,
            "rateApplied": 0.030000,
            "riskFreeRateFloorApplied": false,
            "allInRate": 2.261550,
            "interestAmount": 1912.89,
            "cummulativeInterestAmount": 46691.76
        },
        {
            "interestPeriodDate": "2020-04-30",
            "interestPeriodDays": 1,
            "principalBalance": 10150000.00,
            "publishedRiskFreeRate": 0.04,
            "rateApplied": 0.040000,
            "riskFreeRateFloorApplied": false,
            "allInRate": 2.271550,
            "interestAmount": 640.45,
            "cummulativeInterestAmount": 44778.87
        },
        {
            "interestPeriodDate": "2020-04-29",
            "interestPeriodDays": 1,
            "principalBalance": 10150000.00,
            "publishedRiskFreeRate": 0.01,
            "rateApplied": 0.010000,
            "riskFreeRateFloorApplied": false,
            "allInRate": 2.241550,
            "interestAmount": 631.99,
            "cummulativeInterestAmount": 44138.42
        },
        {
            "interestPeriodDate": "2020-04-28",
            "interestPeriodDays": 1,
            "principalBalance": 10150000.00,
            "publishedRiskFreeRate": 0.01,
            "rateApplied": 0.010000,
            "riskFreeRateFloorApplied": false,
            "allInRate": 2.241550,
            "interestAmount": 631.99,
            "cummulativeInterestAmount": 43506.42
        },
        {
            "interestPeriodDate": "2020-04-27",
            "interestPeriodDays": 1,
            "principalBalance": 10150000.00,
            "publishedRiskFreeRate": 0.03,
            "rateApplied": 0.030000,
            "riskFreeRateFloorApplied": false,
            "allInRate": 2.261550,
            "interestAmount": 637.63,
            "cummulativeInterestAmount": 42874.43
        },
        {
            "interestPeriodDate": "2020-04-24",
            "interestPeriodDays": 3,
            "principalBalance": 10150000.00,
            "publishedRiskFreeRate": 0.03,
            "rateApplied": 0.030000,
            "riskFreeRateFloorApplied": false,
            "allInRate": 2.261550,
            "interestAmount": 1912.89,
            "cummulativeInterestAmount": 42236.80
        },
        {
            "interestPeriodDate": "2020-04-23",
            "interestPeriodDays": 1,
            "principalBalance": 10150000.00,
            "publishedRiskFreeRate": 0.01,
            "rateApplied": 0.010000,
            "riskFreeRateFloorApplied": false,
            "allInRate": 2.241550,
            "interestAmount": 631.99,
            "cummulativeInterestAmount": 40323.91
        },
        {
            "interestPeriodDate": "2020-04-22",
            "interestPeriodDays": 1,
            "principalBalance": 10150000.00,
            "publishedRiskFreeRate": 0.01,
            "rateApplied": 0.010000,
            "riskFreeRateFloorApplied": false,
            "allInRate": 2.241550,
            "interestAmount": 631.99,
            "cummulativeInterestAmount": 39691.91
        },
        {
            "interestPeriodDate": "2020-04-21",
            "interestPeriodDays": 1,
            "principalBalance": 10150000.00,
            "publishedRiskFreeRate": 0.01,
            "rateApplied": 0.010000,
            "riskFreeRateFloorApplied": false,
            "allInRate": 2.241550,
            "interestAmount": 631.99,
            "cummulativeInterestAmount": 39059.92
        },
        {
            "interestPeriodDate": "2020-04-20",
            "interestPeriodDays": 1,
            "principalBalance": 10150000.00,
            "publishedRiskFreeRate": 0.02,
            "rateApplied": 0.020000,
            "riskFreeRateFloorApplied": false,
            "allInRate": 2.251550,
            "interestAmount": 634.81,
            "cummulativeInterestAmount": 38427.93
        },
        {
            "interestPeriodDate": "2020-04-17",
            "interestPeriodDays": 3,
            "principalBalance": 10150000.00,
            "publishedRiskFreeRate": 0.03,
            "rateApplied": 0.030000,
            "riskFreeRateFloorApplied": false,
            "allInRate": 2.261550,
            "interestAmount": 1912.89,
            "cummulativeInterestAmount": 37793.12
        },
        {
            "interestPeriodDate": "2020-04-16",
            "interestPeriodDays": 1,
            "principalBalance": 10150000.00,
            "publishedRiskFreeRate": 0.03,
            "rateApplied": 0.030000,
            "riskFreeRateFloorApplied": false,
            "allInRate": 2.261550,
            "interestAmount": 637.63,
            "cummulativeInterestAmount": 35880.22
        },
        {
            "interestPeriodDate": "2020-04-15",
            "interestPeriodDays": 1,
            "principalBalance": 10150000.00,
            "publishedRiskFreeRate": 0.03,
            "rateApplied": 0.030000,
            "riskFreeRateFloorApplied": false,
            "allInRate": 2.261550,
            "interestAmount": 637.63,
            "cummulativeInterestAmount": 35242.59
        },
        {
            "interestPeriodDate": "2020-04-14",
            "interestPeriodDays": 1,
            "principalBalance": 10150000.00,
            "publishedRiskFreeRate": 0.06,
            "rateApplied": 0.060000,
            "riskFreeRateFloorApplied": false,
            "allInRate": 2.291550,
            "interestAmount": 646.09,
            "cummulativeInterestAmount": 34604.96
        },
        {
            "interestPeriodDate": "2020-04-13",
            "interestPeriodDays": 1,
            "principalBalance": 10150000.00,
            "publishedRiskFreeRate": 0.02,
            "rateApplied": 0.020000,
            "riskFreeRateFloorApplied": false,
            "allInRate": 2.251550,
            "interestAmount": 634.81,
            "cummulativeInterestAmount": 33958.87
        },
        {
            "interestPeriodDate": "2020-04-09",
            "interestPeriodDays": 4,
            "principalBalance": 10150000.00,
            "publishedRiskFreeRate": 0.01,
            "rateApplied": 0.010000,
            "riskFreeRateFloorApplied": false,
            "allInRate": 2.241550,
            "interestAmount": 2527.97,
            "cummulativeInterestAmount": 33324.06
        },
        {
            "interestPeriodDate": "2020-04-08",
            "interestPeriodDays": 1,
            "principalBalance": 10150000.00,
            "publishedRiskFreeRate": 0.01,
            "rateApplied": 0.010000,
            "riskFreeRateFloorApplied": false,
            "allInRate": 2.241550,
            "interestAmount": 631.99,
            "cummulativeInterestAmount": 30796.09
        },
        {
            "interestPeriodDate": "2020-04-07",
            "interestPeriodDays": 1,
            "principalBalance": 10150000.00,
            "publishedRiskFreeRate": 0.01,
            "rateApplied": 0.010000,
            "riskFreeRateFloorApplied": false,
            "allInRate": 2.241550,
            "interestAmount": 631.99,
            "cummulativeInterestAmount": 30164.09
        },
        {
            "interestPeriodDate": "2020-04-06",
            "interestPeriodDays": 1,
            "principalBalance": 10150000.00,
            "publishedRiskFreeRate": 0.01,
            "rateApplied": 0.010000,
            "riskFreeRateFloorApplied": false,
            "allInRate": 2.241550,
            "interestAmount": 631.99,
            "cummulativeInterestAmount": 29532.10
        },
        {
            "interestPeriodDate": "2020-04-03",
            "interestPeriodDays": 3,
            "principalBalance": 10150000.00,
            "publishedRiskFreeRate": 0.01,
            "rateApplied": 0.010000,
            "riskFreeRateFloorApplied": false,
            "allInRate": 2.241550,
            "interestAmount": 1895.98,
            "cummulativeInterestAmount": 28900.11
        },
        {
            "interestPeriodDate": "2020-04-02",
            "interestPeriodDays": 1,
            "principalBalance": 10150000.00,
            "publishedRiskFreeRate": 0.00,
            "rateApplied": 0.000100,
            "riskFreeRateFloorApplied": true,
            "allInRate": 2.231650,
            "interestAmount": 629.20,
            "cummulativeInterestAmount": 27004.13
        },
        {
            "interestPeriodDate": "2020-04-01",
            "interestPeriodDays": 1,
            "principalBalance": 10150000.00,
            "publishedRiskFreeRate": -0.01,
            "rateApplied": 0.000100,
            "riskFreeRateFloorApplied": true,
            "allInRate": 2.231650,
            "interestAmount": 629.20,
            "cummulativeInterestAmount": 26374.93
        },
        {
            "interestPeriodDate": "2020-03-31",
            "interestPeriodDays": 1,
            "principalBalance": 10150000.00,
            "publishedRiskFreeRate": -0.01,
            "rateApplied": 0.000100,
            "riskFreeRateFloorApplied": true,
            "allInRate": 2.231650,
            "interestAmount": 629.20,
            "cummulativeInterestAmount": 25745.73
        },
        {
            "interestPeriodDate": "2020-03-30",
            "interestPeriodDays": 1,
            "principalBalance": 10150000.00,
            "publishedRiskFreeRate": -0.01,
            "rateApplied": 0.000100,
            "riskFreeRateFloorApplied": true,
            "allInRate": 2.231650,
            "interestAmount": 629.20,
            "cummulativeInterestAmount": 25116.53
        },
        {
            "interestPeriodDate": "2020-03-27",
            "interestPeriodDays": 3,
            "principalBalance": 10150000.00,
            "publishedRiskFreeRate": -0.01,
            "rateApplied": 0.000100,
            "riskFreeRateFloorApplied": true,
            "allInRate": 2.231650,
            "interestAmount": 1887.60,
            "cummulativeInterestAmount": 24487.33
        },
        {
            "interestPeriodDate": "2020-03-26",
            "interestPeriodDays": 1,
            "principalBalance": 10150000.00,
            "publishedRiskFreeRate": -0.01,
            "rateApplied": 0.000100,
            "riskFreeRateFloorApplied": true,
            "allInRate": 2.231650,
            "interestAmount": 629.20,
            "cummulativeInterestAmount": 22599.72
        },
        {
            "interestPeriodDate": "2020-03-25",
            "interestPeriodDays": 1,
            "principalBalance": 10150000.00,
            "publishedRiskFreeRate": 0.00,
            "rateApplied": 0.000100,
            "riskFreeRateFloorApplied": true,
            "allInRate": 2.231650,
            "interestAmount": 629.20,
            "cummulativeInterestAmount": 21970.52
        },
        {
            "interestPeriodDate": "2020-03-24",
            "interestPeriodDays": 1,
            "principalBalance": 10000000.00,
            "publishedRiskFreeRate": 0.01,
            "rateApplied": 0.010000,
            "riskFreeRateFloorApplied": false,
            "allInRate": 2.241550,
            "interestAmount": 622.65,
            "cummulativeInterestAmount": 21341.32
        },
        {
            "interestPeriodDate": "2020-03-23",
            "interestPeriodDays": 1,
            "principalBalance": 10000000.00,
            "publishedRiskFreeRate": 0.02,
            "rateApplied": 0.020000,
            "riskFreeRateFloorApplied": false,
            "allInRate": 2.251550,
            "interestAmount": 625.43,
            "cummulativeInterestAmount": 20718.67
        },
        {
            "interestPeriodDate": "2020-03-20",
            "interestPeriodDays": 3,
            "principalBalance": 10000000.00,
            "publishedRiskFreeRate": 0.04,
            "rateApplied": 0.040000,
            "riskFreeRateFloorApplied": false,
            "allInRate": 2.271550,
            "interestAmount": 1892.96,
            "cummulativeInterestAmount": 20093.24
        },
        {
            "interestPeriodDate": "2020-03-19",
            "interestPeriodDays": 1,
            "principalBalance": 10000000.00,
            "publishedRiskFreeRate": 0.06,
            "rateApplied": 0.060000,
            "riskFreeRateFloorApplied": false,
            "allInRate": 2.291550,
            "interestAmount": 636.54,
            "cummulativeInterestAmount": 18200.28
        },
        {
            "interestPeriodDate": "2020-03-18",
            "interestPeriodDays": 1,
            "principalBalance": 10000000.00,
            "publishedRiskFreeRate": 0.1,
            "rateApplied": 0.100000,
            "riskFreeRateFloorApplied": false,
            "allInRate": 2.331550,
            "interestAmount": 647.65,
            "cummulativeInterestAmount": 17563.74
        },
        {
            "interestPeriodDate": "2020-03-17",
            "interestPeriodDays": 1,
            "principalBalance": 10000000.00,
            "publishedRiskFreeRate": 0.54,
            "rateApplied": 0.540000,
            "riskFreeRateFloorApplied": false,
            "allInRate": 2.771550,
            "interestAmount": 769.88,
            "cummulativeInterestAmount": 16916.08
        },
        {
            "interestPeriodDate": "2020-03-16",
            "interestPeriodDays": 1,
            "principalBalance": 10000000.00,
            "publishedRiskFreeRate": 0.26,
            "rateApplied": 0.260000,
            "riskFreeRateFloorApplied": false,
            "allInRate": 2.491550,
            "interestAmount": 692.10,
            "cummulativeInterestAmount": 16146.21
        },
        {
            "interestPeriodDate": "2020-03-13",
            "interestPeriodDays": 3,
            "principalBalance": 10000000.00,
            "publishedRiskFreeRate": 1.1,
            "rateApplied": 1.100000,
            "riskFreeRateFloorApplied": false,
            "allInRate": 3.331550,
            "interestAmount": 2776.29,
            "cummulativeInterestAmount": 15454.11
        },
        {
            "interestPeriodDate": "2020-03-12",
            "interestPeriodDays": 1,
            "principalBalance": 10000000.00,
            "publishedRiskFreeRate": 1.2,
            "rateApplied": 1.200000,
            "riskFreeRateFloorApplied": false,
            "allInRate": 3.431550,
            "interestAmount": 953.21,
            "cummulativeInterestAmount": 12677.82
        },
        {
            "interestPeriodDate": "2020-03-11",
            "interestPeriodDays": 1,
            "principalBalance": 10000000.00,
            "publishedRiskFreeRate": 1.15,
            "rateApplied": 1.150000,
            "riskFreeRateFloorApplied": false,
            "allInRate": 3.381550,
            "interestAmount": 939.32,
            "cummulativeInterestAmount": 11724.61
        },
        {
            "interestPeriodDate": "2020-03-10",
            "interestPeriodDays": 1,
            "principalBalance": 10000000.00,
            "publishedRiskFreeRate": 1.11,
            "rateApplied": 1.110000,
            "riskFreeRateFloorApplied": false,
            "allInRate": 3.341550,
            "interestAmount": 928.21,
            "cummulativeInterestAmount": 10785.29
        },
        {
            "interestPeriodDate": "2020-03-09",
            "interestPeriodDays": 1,
            "principalBalance": 10000000.00,
            "publishedRiskFreeRate": 1.09,
            "rateApplied": 1.090000,
            "riskFreeRateFloorApplied": false,
            "allInRate": 3.321550,
            "interestAmount": 922.65,
            "cummulativeInterestAmount": 9857.08
        },
        {
            "interestPeriodDate": "2020-03-06",
            "interestPeriodDays": 3,
            "principalBalance": 10000000.00,
            "publishedRiskFreeRate": 1.1,
            "rateApplied": 1.100000,
            "riskFreeRateFloorApplied": false,
            "allInRate": 3.331550,
            "interestAmount": 2776.29,
            "cummulativeInterestAmount": 8934.43
        },
        {
            "interestPeriodDate": "2020-03-05",
            "interestPeriodDays": 1,
            "principalBalance": 10000000.00,
            "publishedRiskFreeRate": 1.12,
            "rateApplied": 1.120000,
            "riskFreeRateFloorApplied": false,
            "allInRate": 3.351550,
            "interestAmount": 930.99,
            "cummulativeInterestAmount": 6158.14
        },
        {
            "interestPeriodDate": "2020-03-04",
            "interestPeriodDays": 1,
            "principalBalance": 10000000.00,
            "publishedRiskFreeRate": 1.23,
            "rateApplied": 1.230000,
            "riskFreeRateFloorApplied": false,
            "allInRate": 3.461550,
            "interestAmount": 961.54,
            "cummulativeInterestAmount": 5227.15
        },
        {
            "interestPeriodDate": "2020-03-03",
            "interestPeriodDays": 1,
            "principalBalance": 10000000.00,
            "publishedRiskFreeRate": 1.64,
            "rateApplied": 1.640000,
            "riskFreeRateFloorApplied": false,
            "allInRate": 3.871550,
            "interestAmount": 1075.43,
            "cummulativeInterestAmount": 4265.61
        },
        {
            "interestPeriodDate": "2020-03-02",
            "interestPeriodDays": 1,
            "principalBalance": 10000000.00,
            "publishedRiskFreeRate": 1.59,
            "rateApplied": 1.590000,
            "riskFreeRateFloorApplied": false,
            "allInRate": 3.821550,
            "interestAmount": 1061.54,
            "cummulativeInterestAmount": 3190.18
        },
        {
            "interestPeriodDate": "2020-02-29",
            "interestPeriodDays": 2,
            "principalBalance": 10000000.00,
            "publishedRiskFreeRate": 1.6,
            "rateApplied": 1.600000,
            "riskFreeRateFloorApplied": false,
            "allInRate": 3.831550,
            "interestAmount": 2128.64,
            "cummulativeInterestAmount": 2128.64
        }
    ]
}