{
    "comment": " Computed time : 2021-03-25T09:44:47+00:00. Computed time is the time stamp when the calculation was completed.",
    "legalDisclaimer": "The SORA benchmark is used subject to the terms of the UK Open Government License v.3.0 (https://www.nationalarchives.gov.uk/doc/open-government-licence/version/3/) and the Bank of England’s disclaimer for SORA (set out below)*. The “SORA” mark is used with the consent of the Bank of England (the benchmark administrator of SORA), and the use of such mark does not imply or express any approval or endorsement by the Bank of England. “Bank of England” and “SORA” are registered trade marks of the Bank of England. The Bank of England has no liability for your use of the calculator service herein.\n*Bank of England’s disclaimer for SORA: SORA is copyright the Bank of England. The trade marks “Bank of England” and “SORA” are registered trade marks of the Bank of England. All Rights Reserved. The SORA benchmark includes the proprietary information of the Bank of England and the data comprising the benchmark may not be copied or distributed except as specifically authorised. The SORA benchmark is not intended to be relied upon as authoritative or taken in substitution for the exercise of judgement. The SORA benchmark is not, and should not be construed as, an offer, bid or solicitation in relation to any financial instrument. The Bank of England does not guarantee, and expressly disclaims any liability for, and makes no representations or warranties whether express or implied, as to the currency, accuracy, timeliness, completeness or fitness for any particular purpose of the SORA benchmark. The Bank of England accepts no liability whatsoever for any loss (including, but not limited to any direct, indirect or consequential loss, whether or not such loss is foreseeable and whether or not the Bank of England has been appraised of the use to which the SORA benchmark will be put) howsoever arising from the use, the timeliness of delivery or the failure of delivery of the SORA benchmark.",
    "interestCalculatorCriteria": {
        "initialPrincipalBalance": 7998888888,
        "interestPeriodStartDate": "2020-03-01",
        "interestPeriodEndDate": "2020-05-30",
        "riskFreeRate": "SORA",
        "lookBackDays": 2,
        "lockoutDays": 6,
        "spread": 1.224,
        "spreadAdjustment": -0.0344,
        "dayCountConvention": "ACT/360",
        "rateRoundingDecimalPoints": 12,
        "legacyRiskFreeRateFloor": -0.0344,
        "paymentRounding": "ACTUAL",
        "showDailyDetails": true,
        "calculateTillDate": "2020-05-23"
    },
    "currencyCode": "SGD",
    "interestSummary": [
        {
            "interestPeriodDate": "2020-05-29",
            "interestPeriodDays": 91,
            "principalBalance": 7998888888.00,
            "publishedRiskFreeRate": 0,
            "rateApplied": 0,
            "riskFreeRateFloorApplied": false,
            "derivedRiskFreeRateFloor": 0,
            "derivedRiskFreeRateFloorApplied": false,
            "averageCompoundedRate": 0.153296215833,
            "allInRate": 1.342896215833,
            "cummulativeInterestAmount": 27152573.98
        },
        {
            "interestPeriodDate": "2020-05-28",
            "interestPeriodDays": 89,
            "principalBalance": 7998888888.00,
            "publishedRiskFreeRate": 0,
            "rateApplied": 0,
            "riskFreeRateFloorApplied": false,
            "derivedRiskFreeRateFloor": 0,
            "derivedRiskFreeRateFloorApplied": false,
            "averageCompoundedRate": 0.156741074615,
            "allInRate": 1.346341074615,
            "cummulativeInterestAmount": 26623936.30
        },
        {
            "interestPeriodDate": "2020-05-27",
            "interestPeriodDays": 88,
            "principalBalance": 7998888888.00,
            "publishedRiskFreeRate": 0,
            "rateApplied": 0,
            "riskFreeRateFloorApplied": false,
            "derivedRiskFreeRateFloor": 0,
            "derivedRiskFreeRateFloorApplied": false,
            "averageCompoundedRate": 0.158522223191,
            "allInRate": 1.348122223191,
            "cummulativeInterestAmount": 26359617.46
        },
        {
            "interestPeriodDate": "2020-05-26",
            "interestPeriodDays": 87,
            "principalBalance": 7998888888.00,
            "publishedRiskFreeRate": 0,
            "rateApplied": 0,
            "riskFreeRateFloorApplied": false,
            "derivedRiskFreeRateFloor": 0,
            "derivedRiskFreeRateFloorApplied": false,
            "averageCompoundedRate": 0.160344317710,
            "allInRate": 1.349944317710,
            "cummulativeInterestAmount": 26095298.62
        },
        {
            "interestPeriodDate": "2020-05-22",
            "interestPeriodDays": 86,
            "principalBalance": 7998888888.00,
            "publishedRiskFreeRate": 0,
            "rateApplied": 0,
            "riskFreeRateFloorApplied": false,
            "derivedRiskFreeRateFloor": 0,
            "derivedRiskFreeRateFloorApplied": false,
            "averageCompoundedRate": 0.162208786521,
            "allInRate": 1.351808786521,
            "cummulativeInterestAmount": 25830979.78
        },
        {
            "interestPeriodDate": "2020-05-21",
            "interestPeriodDays": 82,
            "principalBalance": 7998888888.00,
            "publishedRiskFreeRate": 0,
            "rateApplied": 0,
            "riskFreeRateFloorApplied": false,
            "derivedRiskFreeRateFloor": 0,
            "derivedRiskFreeRateFloorApplied": false,
            "averageCompoundedRate": 0.170121410253,
            "allInRate": 1.359721410253,
            "cummulativeInterestAmount": 24773704.42
        },
        {
            "interestPeriodDate": "2020-05-20",
            "interestPeriodDays": 81,
            "principalBalance": 7998888888.00,
            "publishedRiskFreeRate": 0,
            "rateApplied": 0,
            "riskFreeRateFloorApplied": false,
            "derivedRiskFreeRateFloor": 0,
            "derivedRiskFreeRateFloorApplied": false,
            "averageCompoundedRate": 0.172221674577,
            "allInRate": 1.361821674577,
            "cummulativeInterestAmount": 24509385.59
        },
        {
            "interestPeriodDate": "2020-05-19",
            "interestPeriodDays": 80,
            "principalBalance": 7998888888.00,
            "publishedRiskFreeRate": 0,
            "rateApplied": 0,
            "riskFreeRateFloorApplied": false,
            "derivedRiskFreeRateFloor": 0,
            "derivedRiskFreeRateFloorApplied": false,
            "averageCompoundedRate": 0.174374445510,
            "allInRate": 1.363974445510,
            "cummulativeInterestAmount": 24245066.75
        },
        {
            "interestPeriodDate": "2020-05-18",
            "interestPeriodDays": 79,
            "principalBalance": 7998888888.00,
            "publishedRiskFreeRate": -0.0672,
            "rateApplied": 0,
            "riskFreeRateFloorApplied": false,
            "derivedRiskFreeRateFloor": 0,
            "derivedRiskFreeRateFloorApplied": true,
            "averageCompoundedRate": 0.176581716972,
            "allInRate": 1.366181716972,
            "cummulativeInterestAmount": 23980747.91
        },
        {
            "interestPeriodDate": "2020-05-15",
            "interestPeriodDays": 78,
            "principalBalance": 7998888888.00,
            "publishedRiskFreeRate": -0.0684,
            "rateApplied": 0,
            "riskFreeRateFloorApplied": false,
            "derivedRiskFreeRateFloor": 0,
            "derivedRiskFreeRateFloorApplied": true,
            "averageCompoundedRate": 0.178845585138,
            "allInRate": 1.368445585138,
            "cummulativeInterestAmount": 23716429.07
        },
        {
            "interestPeriodDate": "2020-05-14",
            "interestPeriodDays": 75,
            "principalBalance": 7998888888.00,
            "publishedRiskFreeRate": -0.232,
            "rateApplied": 0,
            "riskFreeRateFloorApplied": false,
            "derivedRiskFreeRateFloor": 0,
            "derivedRiskFreeRateFloorApplied": true,
            "averageCompoundedRate": 0.185999408544,
            "allInRate": 1.375599408544,
            "cummulativeInterestAmount": 22923472.55
        },
        {
            "interestPeriodDate": "2020-05-13",
            "interestPeriodDays": 74,
            "principalBalance": 7998888888.00,
            "publishedRiskFreeRate": 0.11,
            "rateApplied": 0.11,
            "riskFreeRateFloorApplied": false,
            "derivedRiskFreeRateFloor": 0,
            "derivedRiskFreeRateFloorApplied": false,
            "averageCompoundedRate": 0.188512914064,
            "allInRate": 1.378112914064,
            "cummulativeInterestAmount": 22659153.71
        },
        {
            "interestPeriodDate": "2020-05-12",
            "interestPeriodDays": 73,
            "principalBalance": 7998888888.00,
            "publishedRiskFreeRate": 0,
            "rateApplied": 0,
            "riskFreeRateFloorApplied": false,
            "derivedRiskFreeRateFloor": 0,
            "derivedRiskFreeRateFloorApplied": false,
            "averageCompoundedRate": 0.189587854139,
            "allInRate": 1.379187854139,
            "cummulativeInterestAmount": 22370384.42
        },
        {
            "interestPeriodDate": "2020-05-11",
            "interestPeriodDays": 72,
            "principalBalance": 7998888888.00,
            "publishedRiskFreeRate": 0.0111,
            "rateApplied": 0.0111,
            "riskFreeRateFloorApplied": false,
            "derivedRiskFreeRateFloor": 0,
            "derivedRiskFreeRateFloorApplied": false,
            "averageCompoundedRate": 0.192221018780,
            "allInRate": 1.381821018780,
            "cummulativeInterestAmount": 22106065.58
        },
        {
            "interestPeriodDate": "2020-05-07",
            "interestPeriodDays": 71,
            "principalBalance": 7998888888.00,
            "publishedRiskFreeRate": 0,
            "rateApplied": 0,
            "riskFreeRateFloorApplied": false,
            "derivedRiskFreeRateFloor": 0,
            "derivedRiskFreeRateFloorApplied": false,
            "averageCompoundedRate": 0.194771958990,
            "allInRate": 1.384371958990,
            "cummulativeInterestAmount": 21839279.47
        },
        {
            "interestPeriodDate": "2020-05-06",
            "interestPeriodDays": 67,
            "principalBalance": 7998888888.00,
            "publishedRiskFreeRate": 0.0659,
            "rateApplied": 0.0659,
            "riskFreeRateFloorApplied": false,
            "derivedRiskFreeRateFloor": 0,
            "derivedRiskFreeRateFloorApplied": false,
            "averageCompoundedRate": 0.206400135646,
            "allInRate": 1.396000135646,
            "cummulativeInterestAmount": 20782004.12
        },
        {
            "interestPeriodDate": "2020-05-05",
            "interestPeriodDays": 66,
            "principalBalance": 7998888888.00,
            "publishedRiskFreeRate": 0.0658,
            "rateApplied": 0.0658,
            "riskFreeRateFloorApplied": false,
            "derivedRiskFreeRateFloor": 0,
            "derivedRiskFreeRateFloorApplied": false,
            "averageCompoundedRate": 0.208528543857,
            "allInRate": 1.398128543857,
            "cummulativeInterestAmount": 20503037.27
        },
        {
            "interestPeriodDate": "2020-05-04",
            "interestPeriodDays": 65,
            "principalBalance": 7998888888.00,
            "publishedRiskFreeRate": 0.0666,
            "rateApplied": 0.0666,
            "riskFreeRateFloorApplied": false,
            "derivedRiskFreeRateFloor": 0,
            "derivedRiskFreeRateFloorApplied": false,
            "averageCompoundedRate": 0.210723982452,
            "allInRate": 1.400323982452,
            "cummulativeInterestAmount": 20224092.67
        },
        {
            "interestPeriodDate": "2020-05-01",
            "interestPeriodDays": 64,
            "principalBalance": 7998888888.00,
            "publishedRiskFreeRate": 0.0673,
            "rateApplied": 0.0673,
            "riskFreeRateFloorApplied": false,
            "derivedRiskFreeRateFloor": 0,
            "derivedRiskFreeRateFloorApplied": false,
            "averageCompoundedRate": 0.212975525673,
            "allInRate": 1.402575525673,
            "cummulativeInterestAmount": 19944970.29
        },
        {
            "interestPeriodDate": "2020-04-30",
            "interestPeriodDays": 61,
            "principalBalance": 7998888888.00,
            "publishedRiskFreeRate": 0.0665,
            "rateApplied": 0.0665,
            "riskFreeRateFloorApplied": false,
            "derivedRiskFreeRateFloor": 0,
            "derivedRiskFreeRateFloorApplied": false,
            "averageCompoundedRate": 0.220138661177,
            "allInRate": 1.409738661177,
            "cummulativeInterestAmount": 19107136.60
        },
        {
            "interestPeriodDate": "2020-04-29",
            "interestPeriodDays": 60,
            "principalBalance": 7998888888.00,
            "publishedRiskFreeRate": 0.0652,
            "rateApplied": 0.0652,
            "riskFreeRateFloorApplied": false,
            "derivedRiskFreeRateFloor": 0,
            "derivedRiskFreeRateFloorApplied": false,
            "averageCompoundedRate": 0.222698894155,
            "allInRate": 1.412298894155,
            "cummulativeInterestAmount": 18828036.55
        },
        {
            "interestPeriodDate": "2020-04-28",
            "interestPeriodDays": 59,
            "principalBalance": 7998888888.00,
            "publishedRiskFreeRate": 0.0662,
            "rateApplied": 0.0662,
            "riskFreeRateFloorApplied": false,
            "derivedRiskFreeRateFloor": 0,
            "derivedRiskFreeRateFloorApplied": false,
            "averageCompoundedRate": 0.225367958771,
            "allInRate": 1.414967958771,
            "cummulativeInterestAmount": 18549225.48
        },
        {
            "interestPeriodDate": "2020-04-27",
            "interestPeriodDays": 58,
            "principalBalance": 7998888888.00,
            "publishedRiskFreeRate": 0.0673,
            "rateApplied": 0.0673,
            "riskFreeRateFloorApplied": false,
            "derivedRiskFreeRateFloor": 0,
            "derivedRiskFreeRateFloorApplied": false,
            "averageCompoundedRate": 0.228111814450,
            "allInRate": 1.417711814450,
            "cummulativeInterestAmount": 18270192.17
        },
        {
            "interestPeriodDate": "2020-04-24",
            "interestPeriodDays": 57,
            "principalBalance": 7998888888.00,
            "publishedRiskFreeRate": 0.0683,
            "rateApplied": 0.0683,
            "riskFreeRateFloorApplied": false,
            "derivedRiskFreeRateFloor": 0,
            "derivedRiskFreeRateFloorApplied": false,
            "averageCompoundedRate": 0.230932642637,
            "allInRate": 1.420532642637,
            "cummulativeInterestAmount": 17990914.39
        },
        {
            "interestPeriodDate": "2020-04-23",
            "interestPeriodDays": 54,
            "principalBalance": 7998888888.00,
            "publishedRiskFreeRate": 0.0672,
            "rateApplied": 0.0672,
            "riskFreeRateFloorApplied": false,
            "derivedRiskFreeRateFloor": 0,
            "derivedRiskFreeRateFloorApplied": false,
            "averageCompoundedRate": 0.239966423641,
            "allInRate": 1.429566423641,
            "cummulativeInterestAmount": 17152414.47
        },
        {
            "interestPeriodDate": "2020-04-22",
            "interestPeriodDays": 53,
            "principalBalance": 7998888888.00,
            "publishedRiskFreeRate": 0.0661,
            "rateApplied": 0.0661,
            "riskFreeRateFloorApplied": false,
            "derivedRiskFreeRateFloor": 0,
            "derivedRiskFreeRateFloorApplied": false,
            "averageCompoundedRate": 0.243225713462,
            "allInRate": 1.432825713462,
            "cummulativeInterestAmount": 16873159.03
        },
        {
            "interestPeriodDate": "2020-04-21",
            "interestPeriodDays": 52,
            "principalBalance": 7998888888.00,
            "publishedRiskFreeRate": 0.0643,
            "rateApplied": 0.0643,
            "riskFreeRateFloorApplied": false,
            "derivedRiskFreeRateFloor": 0,
            "derivedRiskFreeRateFloorApplied": false,
            "averageCompoundedRate": 0.246631524340,
            "allInRate": 1.436231524340,
            "cummulativeInterestAmount": 16594148.11
        },
        {
            "interestPeriodDate": "2020-04-20",
            "interestPeriodDays": 51,
            "principalBalance": 7998888888.00,
            "publishedRiskFreeRate": 0.0632,
            "rateApplied": 0.0632,
            "riskFreeRateFloorApplied": false,
            "derivedRiskFreeRateFloor": 0,
            "derivedRiskFreeRateFloorApplied": false,
            "averageCompoundedRate": 0.250206205372,
            "allInRate": 1.439806205372,
            "cummulativeInterestAmount": 16315537.30
        },
        {
            "interestPeriodDate": "2020-04-17",
            "interestPeriodDays": 50,
            "principalBalance": 7998888888.00,
            "publishedRiskFreeRate": 0.0634,
            "rateApplied": 0.0634,
            "riskFreeRateFloorApplied": false,
            "derivedRiskFreeRateFloor": 0,
            "derivedRiskFreeRateFloorApplied": false,
            "averageCompoundedRate": 0.253945883663,
            "allInRate": 1.443545883663,
            "cummulativeInterestAmount": 16037171.01
        },
        {
            "interestPeriodDate": "2020-04-16",
            "interestPeriodDays": 47,
            "principalBalance": 7998888888.00,
            "publishedRiskFreeRate": 0.0635,
            "rateApplied": 0.0635,
            "riskFreeRateFloorApplied": false,
            "derivedRiskFreeRateFloor": 0,
            "derivedRiskFreeRateFloorApplied": false,
            "averageCompoundedRate": 0.266106980944,
            "allInRate": 1.455706980944,
            "cummulativeInterestAmount": 15201939.01
        },
        {
            "interestPeriodDate": "2020-04-15",
            "interestPeriodDays": 46,
            "principalBalance": 7998888888.00,
            "publishedRiskFreeRate": 0.066,
            "rateApplied": 0.066,
            "riskFreeRateFloorApplied": false,
            "derivedRiskFreeRateFloor": 0,
            "derivedRiskFreeRateFloorApplied": false,
            "averageCompoundedRate": 0.270511003378,
            "allInRate": 1.460111003378,
            "cummulativeInterestAmount": 14923506.15
        },
        {
            "interestPeriodDate": "2020-04-14",
            "interestPeriodDays": 45,
            "principalBalance": 7998888888.00,
            "publishedRiskFreeRate": 0.0641,
            "rateApplied": 0.0641,
            "riskFreeRateFloorApplied": false,
            "derivedRiskFreeRateFloor": 0,
            "derivedRiskFreeRateFloorApplied": false,
            "averageCompoundedRate": 0.275055188075,
            "allInRate": 1.464655188075,
            "cummulativeInterestAmount": 14644517.64
        },
        {
            "interestPeriodDate": "2020-04-09",
            "interestPeriodDays": 44,
            "principalBalance": 7998888888.00,
            "publishedRiskFreeRate": 0.0661,
            "rateApplied": 0.0661,
            "riskFreeRateFloorApplied": false,
            "derivedRiskFreeRateFloor": 0,
            "derivedRiskFreeRateFloorApplied": false,
            "averageCompoundedRate": 0.279849125880,
            "allInRate": 1.469449125880,
            "cummulativeInterestAmount": 14365951.46
        },
        {
            "interestPeriodDate": "2020-04-08",
            "interestPeriodDays": 39,
            "principalBalance": 7998888888.00,
            "publishedRiskFreeRate": 0.0657,
            "rateApplied": 0.0657,
            "riskFreeRateFloorApplied": false,
            "derivedRiskFreeRateFloor": 0,
            "derivedRiskFreeRateFloorApplied": false,
            "averageCompoundedRate": 0.307250039241,
            "allInRate": 1.496850039241,
            "cummulativeInterestAmount": 12970898.57
        },
        {
            "interestPeriodDate": "2020-04-07",
            "interestPeriodDays": 38,
            "principalBalance": 7998888888.00,
            "publishedRiskFreeRate": 0.064,
            "rateApplied": 0.064,
            "riskFreeRateFloorApplied": false,
            "derivedRiskFreeRateFloor": 0,
            "derivedRiskFreeRateFloorApplied": false,
            "averageCompoundedRate": 0.313606046890,
            "allInRate": 1.503206046890,
            "cummulativeInterestAmount": 12691976.93
        },
        {
            "interestPeriodDate": "2020-04-06",
            "interestPeriodDays": 37,
            "principalBalance": 7998888888.00,
            "publishedRiskFreeRate": 0.0653,
            "rateApplied": 0.0653,
            "riskFreeRateFloorApplied": false,
            "derivedRiskFreeRateFloor": 0,
            "derivedRiskFreeRateFloorApplied": false,
            "averageCompoundedRate": 0.320351586752,
            "allInRate": 1.509951586752,
            "cummulativeInterestAmount": 12413433.16
        },
        {
            "interestPeriodDate": "2020-04-03",
            "interestPeriodDays": 36,
            "principalBalance": 7998888888.00,
            "publishedRiskFreeRate": 0.0712,
            "rateApplied": 0.0712,
            "riskFreeRateFloorApplied": false,
            "derivedRiskFreeRateFloor": 0,
            "derivedRiskFreeRateFloorApplied": false,
            "averageCompoundedRate": 0.327435759118,
            "allInRate": 1.517035759118,
            "cummulativeInterestAmount": 12134600.48
        },
        {
            "interestPeriodDate": "2020-04-02",
            "interestPeriodDays": 33,
            "principalBalance": 7998888888.00,
            "publishedRiskFreeRate": 0.0729,
            "rateApplied": 0.0729,
            "riskFreeRateFloorApplied": false,
            "derivedRiskFreeRateFloor": 0,
            "derivedRiskFreeRateFloorApplied": false,
            "averageCompoundedRate": 0.350727838053,
            "allInRate": 1.540327838053,
            "cummulativeInterestAmount": 11294168.63
        },
        {
            "interestPeriodDate": "2020-04-01",
            "interestPeriodDays": 32,
            "principalBalance": 7998888888.00,
            "publishedRiskFreeRate": 0.0714,
            "rateApplied": 0.0714,
            "riskFreeRateFloorApplied": false,
            "derivedRiskFreeRateFloor": 0,
            "derivedRiskFreeRateFloorApplied": false,
            "averageCompoundedRate": 0.359409230189,
            "allInRate": 1.549009230189,
            "cummulativeInterestAmount": 11013646.86
        },
        {
            "interestPeriodDate": "2020-03-31",
            "interestPeriodDays": 31,
            "principalBalance": 7998888888.00,
            "publishedRiskFreeRate": 0.071,
            "rateApplied": 0.071,
            "riskFreeRateFloorApplied": false,
            "derivedRiskFreeRateFloor": 0,
            "derivedRiskFreeRateFloorApplied": false,
            "averageCompoundedRate": 0.368699119264,
            "allInRate": 1.558299119264,
            "cummulativeInterestAmount": 10733458.52
        },
        {
            "interestPeriodDate": "2020-03-30",
            "interestPeriodDays": 30,
            "principalBalance": 7998888888.00,
            "publishedRiskFreeRate": 0.0729,
            "rateApplied": 0.0729,
            "riskFreeRateFloorApplied": false,
            "derivedRiskFreeRateFloor": 0,
            "derivedRiskFreeRateFloorApplied": false,
            "averageCompoundedRate": 0.378621676513,
            "allInRate": 1.568221676513,
            "cummulativeInterestAmount": 10453359.12
        },
        {
            "interestPeriodDate": "2020-03-27",
            "interestPeriodDays": 29,
            "principalBalance": 7998888888.00,
            "publishedRiskFreeRate": 0.075,
            "rateApplied": 0.075,
            "riskFreeRateFloorApplied": false,
            "derivedRiskFreeRateFloor": 0,
            "derivedRiskFreeRateFloorApplied": false,
            "averageCompoundedRate": 0.389163015235,
            "allInRate": 1.578763015235,
            "cummulativeInterestAmount": 10172837.45
        },
        {
            "interestPeriodDate": "2020-03-26",
            "interestPeriodDays": 26,
            "principalBalance": 7998888888.00,
            "publishedRiskFreeRate": 0.0736,
            "rateApplied": 0.0736,
            "riskFreeRateFloorApplied": false,
            "derivedRiskFreeRateFloor": 0,
            "derivedRiskFreeRateFloorApplied": false,
            "averageCompoundedRate": 0.425409935103,
            "allInRate": 1.615009935103,
            "cummulativeInterestAmount": 9329872.52
        },
        {
            "interestPeriodDate": "2020-03-25",
            "interestPeriodDays": 25,
            "principalBalance": 7998888888.00,
            "publishedRiskFreeRate": 0.0723,
            "rateApplied": 0.0723,
            "riskFreeRateFloorApplied": false,
            "derivedRiskFreeRateFloor": 0,
            "derivedRiskFreeRateFloorApplied": false,
            "averageCompoundedRate": 0.439481434012,
            "allInRate": 1.629081434012,
            "cummulativeInterestAmount": 9049195.40
        },
        {
            "interestPeriodDate": "2020-03-24",
            "interestPeriodDays": 24,
            "principalBalance": 7998888888.00,
            "publishedRiskFreeRate": 0.0706,
            "rateApplied": 0.0706,
            "riskFreeRateFloorApplied": false,
            "derivedRiskFreeRateFloor": 0,
            "derivedRiskFreeRateFloorApplied": false,
            "averageCompoundedRate": 0.454779747080,
            "allInRate": 1.644379747080,
            "cummulativeInterestAmount": 8768807.26
        },
        {
            "interestPeriodDate": "2020-03-23",
            "interestPeriodDays": 23,
            "principalBalance": 7998888888.00,
            "publishedRiskFreeRate": 0.2134,
            "rateApplied": 0.2134,
            "riskFreeRateFloorApplied": false,
            "derivedRiskFreeRateFloor": 0,
            "derivedRiskFreeRateFloorApplied": false,
            "averageCompoundedRate": 0.471482289715,
            "allInRate": 1.661082289715,
            "cummulativeInterestAmount": 8488796.98
        },
        {
            "interestPeriodDate": "2020-03-20",
            "interestPeriodDays": 22,
            "principalBalance": 7998888888.00,
            "publishedRiskFreeRate": 0.2148,
            "rateApplied": 0.2148,
            "riskFreeRateFloorApplied": false,
            "derivedRiskFreeRateFloor": 0,
            "derivedRiskFreeRateFloorApplied": false,
            "averageCompoundedRate": 0.483210438520,
            "allInRate": 1.672810438520,
            "cummulativeInterestAmount": 8177048.51
        },
        {
            "interestPeriodDate": "2020-03-19",
            "interestPeriodDays": 19,
            "principalBalance": 7998888888.00,
            "publishedRiskFreeRate": 0.2135,
            "rateApplied": 0.2135,
            "riskFreeRateFloorApplied": false,
            "derivedRiskFreeRateFloor": 0,
            "derivedRiskFreeRateFloorApplied": false,
            "averageCompoundedRate": 0.525581626165,
            "allInRate": 1.715181626165,
            "cummulativeInterestAmount": 7240872.16
        },
        {
            "interestPeriodDate": "2020-03-18",
            "interestPeriodDays": 18,
            "principalBalance": 7998888888.00,
            "publishedRiskFreeRate": 0.2096,
            "rateApplied": 0.2096,
            "riskFreeRateFloorApplied": false,
            "derivedRiskFreeRateFloor": 0,
            "derivedRiskFreeRateFloorApplied": false,
            "averageCompoundedRate": 0.542916274490,
            "allInRate": 1.732516274490,
            "cummulativeInterestAmount": 6929102.59
        },
        {
            "interestPeriodDate": "2020-03-17",
            "interestPeriodDays": 17,
            "principalBalance": 7998888888.00,
            "publishedRiskFreeRate": 0.2093,
            "rateApplied": 0.2093,
            "riskFreeRateFloorApplied": false,
            "derivedRiskFreeRateFloor": 0,
            "derivedRiskFreeRateFloorApplied": false,
            "averageCompoundedRate": 0.562519839050,
            "allInRate": 1.752119839050,
            "cummulativeInterestAmount": 6618200.07
        },
        {
            "interestPeriodDate": "2020-03-16",
            "interestPeriodDays": 16,
            "principalBalance": 7998888888.00,
            "publishedRiskFreeRate": 0.2093,
            "rateApplied": 0.2093,
            "riskFreeRateFloorApplied": false,
            "derivedRiskFreeRateFloor": 0,
            "derivedRiskFreeRateFloorApplied": false,
            "averageCompoundedRate": 0.584592680234,
            "allInRate": 1.774192680234,
            "cummulativeInterestAmount": 6307364.50
        },
        {
            "interestPeriodDate": "2020-03-13",
            "interestPeriodDays": 15,
            "principalBalance": 7998888888.00,
            "publishedRiskFreeRate": 0.2092,
            "rateApplied": 0.2092,
            "riskFreeRateFloorApplied": false,
            "derivedRiskFreeRateFloor": 0,
            "derivedRiskFreeRateFloorApplied": false,
            "averageCompoundedRate": 0.609608648053,
            "allInRate": 1.799208648053,
            "cummulativeInterestAmount": 5996529.19
        },
        {
            "interestPeriodDate": "2020-03-12",
            "interestPeriodDays": 12,
            "principalBalance": 7998888888.00,
            "publishedRiskFreeRate": 0.7091,
            "rateApplied": 0.7091,
            "riskFreeRateFloorApplied": false,
            "derivedRiskFreeRateFloor": 0,
            "derivedRiskFreeRateFloorApplied": false,
            "averageCompoundedRate": 0.709698437656,
            "allInRate": 1.899298437656,
            "cummulativeInterestAmount": 5064092.39
        },
        {
            "interestPeriodDate": "2020-03-11",
            "interestPeriodDays": 11,
            "principalBalance": 7998888888.00,
            "publishedRiskFreeRate": 0.7091,
            "rateApplied": 0.7091,
            "riskFreeRateFloorApplied": false,
            "derivedRiskFreeRateFloor": 0,
            "derivedRiskFreeRateFloorApplied": false,
            "averageCompoundedRate": 0.709738861196,
            "allInRate": 1.899338861196,
            "cummulativeInterestAmount": 4642183.49
        },
        {
            "interestPeriodDate": "2020-03-10",
            "interestPeriodDays": 10,
            "principalBalance": 7998888888.00,
            "publishedRiskFreeRate": 0.7087,
            "rateApplied": 0.7087,
            "riskFreeRateFloorApplied": false,
            "derivedRiskFreeRateFloor": 0,
            "derivedRiskFreeRateFloorApplied": false,
            "averageCompoundedRate": 0.709788766448,
            "allInRate": 1.899388766448,
            "cummulativeInterestAmount": 4220277.69
        },
        {
            "interestPeriodDate": "2020-03-09",
            "interestPeriodDays": 9,
            "principalBalance": 7998888888.00,
            "publishedRiskFreeRate": 0.7089,
            "rateApplied": 0.7089,
            "riskFreeRateFloorApplied": false,
            "derivedRiskFreeRateFloor": 0,
            "derivedRiskFreeRateFloorApplied": false,
            "averageCompoundedRate": 0.709895765411,
            "allInRate": 1.899495765411,
            "cummulativeInterestAmount": 3798463.89
        },
        {
            "interestPeriodDate": "2020-03-06",
            "interestPeriodDays": 8,
            "principalBalance": 7998888888.00,
            "publishedRiskFreeRate": 0.71,
            "rateApplied": 0.71,
            "riskFreeRateFloorApplied": false,
            "derivedRiskFreeRateFloor": 0,
            "derivedRiskFreeRateFloorApplied": false,
            "averageCompoundedRate": 0.710006254881,
            "allInRate": 1.899606254881,
            "cummulativeInterestAmount": 3376608.75
        },
        {
            "interestPeriodDate": "2020-03-05",
            "interestPeriodDays": 5,
            "principalBalance": 7998888888.00,
            "publishedRiskFreeRate": 0.7098,
            "rateApplied": 0.7098,
            "riskFreeRateFloorApplied": false,
            "derivedRiskFreeRateFloor": 0,
            "derivedRiskFreeRateFloorApplied": false,
            "averageCompoundedRate": 0.709968001369,
            "allInRate": 1.899568001369,
            "cummulativeInterestAmount": 2110337.97
        },
        {
            "interestPeriodDate": "2020-03-04",
            "interestPeriodDays": 4,
            "principalBalance": 7998888888.00,
            "publishedRiskFreeRate": 0.7089,
            "rateApplied": 0.7089,
            "riskFreeRateFloorApplied": false,
            "derivedRiskFreeRateFloor": 0,
            "derivedRiskFreeRateFloorApplied": false,
            "averageCompoundedRate": 0.709996002957,
            "allInRate": 1.899596002957,
            "cummulativeInterestAmount": 1688295.26
        },
        {
            "interestPeriodDate": "2020-03-03",
            "interestPeriodDays": 3,
            "principalBalance": 7998888888.00,
            "publishedRiskFreeRate": 0.7098,
            "rateApplied": 0.7098,
            "riskFreeRateFloorApplied": false,
            "derivedRiskFreeRateFloor": 0,
            "derivedRiskFreeRateFloorApplied": false,
            "averageCompoundedRate": 0.710347349353,
            "allInRate": 1.899947349353,
            "cummulativeInterestAmount": 1266455.65
        },
        {
            "interestPeriodDate": "2020-03-02",
            "interestPeriodDays": 2,
            "principalBalance": 7998888888.00,
            "publishedRiskFreeRate": 0.7106,
            "rateApplied": 0.7106,
            "riskFreeRateFloorApplied": false,
            "derivedRiskFreeRateFloor": 0,
            "derivedRiskFreeRateFloorApplied": false,
            "averageCompoundedRate": 0.710607013227,
            "allInRate": 1.900207013227,
            "cummulativeInterestAmount": 844419.15
        },
        {
            "interestPeriodDate": "2020-03-01",
            "interestPeriodDays": 1,
            "principalBalance": 7998888888.00,
            "publishedRiskFreeRate": 0.7106,
            "rateApplied": 0.7106,
            "riskFreeRateFloorApplied": false,
            "derivedRiskFreeRateFloor": 0,
            "derivedRiskFreeRateFloorApplied": false,
            "averageCompoundedRate": 0.710600000000,
            "allInRate": 1.900200000000,
            "cummulativeInterestAmount": 422208.02
        }
    ]
}