{
    "comment": " Computed time : 2021-02-04T10:27:40+00:00. Computed time is the time stamp when the calculation was completed.",
    "lastUpdatedFromSource": "2020-08-05T09:45:12+00:00",
    "legalDisclaimer": "Use subject to New York Fed Terms of Use for Select Rate Data.  New York Fed has no liability for your use.  Refer the following link for more details: https://www.newyorkfed.org/markets/reference-rates-terms-of-use",
    "requestParameters": {
        "interestPeriodStartDate": "2020-04-27",
        "interestPeriodEndDate": "2020-05-30",
        "riskFreeRate": "SOFR",
        "riskFreeRateFloor": 5.00,
        "lookBackDays": 4,
        "lockoutDays": 2,
        "rateRoundingDecimalPoints": 7,
        "showDailyDetails": true,
        "calculateTillDate": "2020-05-24"
    },
    "dailyRateSummary": [
        {
            "interestPeriodDate": "2020-05-22",
            "interestPeriodDays": 29,
            "publishedRiskFreeRate": 0.04,
            "rateApplied": 5,
            "riskFreeRateFloorApplied": true,
            "averageCompoundedRate": 5.0093739
        },
        {
            "interestPeriodDate": "2020-05-21",
            "interestPeriodDays": 25,
            "publishedRiskFreeRate": 0.05,
            "rateApplied": 5,
            "riskFreeRateFloorApplied": true,
            "averageCompoundedRate": 5.0080914
        },
        {
            "interestPeriodDate": "2020-05-20",
            "interestPeriodDays": 24,
            "publishedRiskFreeRate": 0.02,
            "rateApplied": 5,
            "riskFreeRateFloorApplied": true,
            "averageCompoundedRate": 5.0077331
        },
        {
            "interestPeriodDate": "2020-05-19",
            "interestPeriodDays": 23,
            "publishedRiskFreeRate": 0.04,
            "rateApplied": 5,
            "riskFreeRateFloorApplied": true,
            "averageCompoundedRate": 5.0073738
        },
        {
            "interestPeriodDate": "2020-05-18",
            "interestPeriodDays": 22,
            "publishedRiskFreeRate": 0.06,
            "rateApplied": 5,
            "riskFreeRateFloorApplied": true,
            "averageCompoundedRate": 5.0070136
        },
        {
            "interestPeriodDate": "2020-05-15",
            "interestPeriodDays": 21,
            "publishedRiskFreeRate": 0.06,
            "rateApplied": 5,
            "riskFreeRateFloorApplied": true,
            "averageCompoundedRate": 5.0066522
        },
        {
            "interestPeriodDate": "2020-05-14",
            "interestPeriodDays": 18,
            "publishedRiskFreeRate": 0.06,
            "rateApplied": 5,
            "riskFreeRateFloorApplied": true,
            "averageCompoundedRate": 5.0056752
        },
        {
            "interestPeriodDate": "2020-05-13",
            "interestPeriodDays": 17,
            "publishedRiskFreeRate": 0.05,
            "rateApplied": 5,
            "riskFreeRateFloorApplied": true,
            "averageCompoundedRate": 5.0053138
        },
        {
            "interestPeriodDate": "2020-05-12",
            "interestPeriodDays": 16,
            "publishedRiskFreeRate": 0.05,
            "rateApplied": 5,
            "riskFreeRateFloorApplied": true,
            "averageCompoundedRate": 5.0049508
        },
        {
            "interestPeriodDate": "2020-05-11",
            "interestPeriodDays": 15,
            "publishedRiskFreeRate": 0.05,
            "rateApplied": 5,
            "riskFreeRateFloorApplied": true,
            "averageCompoundedRate": 5.0045858
        },
        {
            "interestPeriodDate": "2020-05-08",
            "interestPeriodDays": 14,
            "publishedRiskFreeRate": 0.05,
            "rateApplied": 5,
            "riskFreeRateFloorApplied": true,
            "averageCompoundedRate": 5.0042183
        },
        {
            "interestPeriodDate": "2020-05-07",
            "interestPeriodDays": 11,
            "publishedRiskFreeRate": 0.03,
            "rateApplied": 5,
            "riskFreeRateFloorApplied": true,
            "averageCompoundedRate": 5.0032841
        },
        {
            "interestPeriodDate": "2020-05-06",
            "interestPeriodDays": 10,
            "publishedRiskFreeRate": 0.04,
            "rateApplied": 5,
            "riskFreeRateFloorApplied": true,
            "averageCompoundedRate": 5.0029176
        },
        {
            "interestPeriodDate": "2020-05-05",
            "interestPeriodDays": 9,
            "publishedRiskFreeRate": 0.01,
            "rateApplied": 5,
            "riskFreeRateFloorApplied": true,
            "averageCompoundedRate": 5.0025470
        },
        {
            "interestPeriodDate": "2020-05-04",
            "interestPeriodDays": 8,
            "publishedRiskFreeRate": 0.01,
            "rateApplied": 5,
            "riskFreeRateFloorApplied": true,
            "averageCompoundedRate": 5.0021706
        },
        {
            "interestPeriodDate": "2020-05-01",
            "interestPeriodDays": 7,
            "publishedRiskFreeRate": 0.03,
            "rateApplied": 5,
            "riskFreeRateFloorApplied": true,
            "averageCompoundedRate": 5.0017860
        },
        {
            "interestPeriodDate": "2020-04-30",
            "interestPeriodDays": 4,
            "publishedRiskFreeRate": 0.03,
            "rateApplied": 5,
            "riskFreeRateFloorApplied": true,
            "averageCompoundedRate": 5.0010418
        },
        {
            "interestPeriodDate": "2020-04-29",
            "interestPeriodDays": 3,
            "publishedRiskFreeRate": 0.01,
            "rateApplied": 5,
            "riskFreeRateFloorApplied": true,
            "averageCompoundedRate": 5.0006945
        },
        {
            "interestPeriodDate": "2020-04-28",
            "interestPeriodDays": 2,
            "publishedRiskFreeRate": 0.01,
            "rateApplied": 5,
            "riskFreeRateFloorApplied": true,
            "averageCompoundedRate": 5.0003472
        },
        {
            "interestPeriodDate": "2020-04-27",
            "interestPeriodDays": 1,
            "publishedRiskFreeRate": 0.01,
            "rateApplied": 5,
            "riskFreeRateFloorApplied": true,
            "averageCompoundedRate": 5.0000000
        }
    ]
}