{
    "comment": " Computed time : 2021-01-28T12:53:13+00:00. Computed time is the time stamp when the calculation was completed.",
    "lastUpdatedFromSource": "2020-08-05T09:45:12+00:00",
    "legalDisclaimer": "Use subject to New York Fed Terms of Use for Select Rate Data.  New York Fed has no liability for your use.  Refer the following link for more details: https://www.newyorkfed.org/markets/reference-rates-terms-of-use",
    "requestParameters": {
        "interestPeriodStartDate": "2020-04-20",
        "interestPeriodEndDate": "2020-05-23",
        "riskFreeRate": "ESTR",
        "riskFreeRateFloor": 0.02234,
        "lookBackDays": 0,
        "lockoutDays": 2,
        "dayCountConvention": "ACT/360",
        "rateRoundingDecimalPoints": 12,
        "showDailyDetails": true,
        "calculateTillDate": "2020-05-17"
    },
    "dailyRateSummary": [
        {
            "interestPeriodDate": "2020-05-15",
            "interestPeriodDays": 28,
            "publishedRiskFreeRate": 0.05,
            "rateApplied": 0.05,
            "riskFreeRateFloorApplied": false,
            "averageCompoundedRate": 0.039156977264
        },
        {
            "interestPeriodDate": "2020-05-14",
            "interestPeriodDays": 25,
            "publishedRiskFreeRate": 0.02,
            "rateApplied": 0.02234,
            "riskFreeRateFloorApplied": true,
            "averageCompoundedRate": 0.037855656804
        },
        {
            "interestPeriodDate": "2020-05-13",
            "interestPeriodDays": 24,
            "publishedRiskFreeRate": 0.04,
            "rateApplied": 0.04,
            "riskFreeRateFloorApplied": false,
            "averageCompoundedRate": 0.038502118612
        },
        {
            "interestPeriodDate": "2020-05-12",
            "interestPeriodDays": 23,
            "publishedRiskFreeRate": 0.06,
            "rateApplied": 0.06,
            "riskFreeRateFloorApplied": false,
            "averageCompoundedRate": 0.038436950626
        },
        {
            "interestPeriodDate": "2020-05-11",
            "interestPeriodDays": 22,
            "publishedRiskFreeRate": 0.06,
            "rateApplied": 0.06,
            "riskFreeRateFloorApplied": false,
            "averageCompoundedRate": 0.037456749590
        },
        {
            "interestPeriodDate": "2020-05-08",
            "interestPeriodDays": 21,
            "publishedRiskFreeRate": 0.06,
            "rateApplied": 0.06,
            "riskFreeRateFloorApplied": false,
            "averageCompoundedRate": 0.036383200837
        },
        {
            "interestPeriodDate": "2020-05-07",
            "interestPeriodDays": 18,
            "publishedRiskFreeRate": 0.05,
            "rateApplied": 0.05,
            "riskFreeRateFloorApplied": false,
            "averageCompoundedRate": 0.032446905409
        },
        {
            "interestPeriodDate": "2020-05-06",
            "interestPeriodDays": 17,
            "publishedRiskFreeRate": 0.05,
            "rateApplied": 0.05,
            "riskFreeRateFloorApplied": false,
            "averageCompoundedRate": 0.031414326802
        },
        {
            "interestPeriodDate": "2020-05-05",
            "interestPeriodDays": 16,
            "publishedRiskFreeRate": 0.05,
            "rateApplied": 0.05,
            "riskFreeRateFloorApplied": false,
            "averageCompoundedRate": 0.030252680209
        },
        {
            "interestPeriodDate": "2020-05-04",
            "interestPeriodDays": 15,
            "publishedRiskFreeRate": 0.05,
            "rateApplied": 0.05,
            "riskFreeRateFloorApplied": false,
            "averageCompoundedRate": 0.028936152034
        },
        {
            "interestPeriodDate": "2020-05-01",
            "interestPeriodDays": 14,
            "publishedRiskFreeRate": 0.03,
            "rateApplied": 0.03,
            "riskFreeRateFloorApplied": false,
            "averageCompoundedRate": 0.027431553366
        },
        {
            "interestPeriodDate": "2020-04-30",
            "interestPeriodDays": 11,
            "publishedRiskFreeRate": 0.04,
            "rateApplied": 0.04,
            "riskFreeRateFloorApplied": false,
            "averageCompoundedRate": 0.026731001092
        },
        {
            "interestPeriodDate": "2020-04-29",
            "interestPeriodDays": 10,
            "publishedRiskFreeRate": 0.01,
            "rateApplied": 0.02234,
            "riskFreeRateFloorApplied": true,
            "averageCompoundedRate": 0.025404072975
        },
        {
            "interestPeriodDate": "2020-04-28",
            "interestPeriodDays": 9,
            "publishedRiskFreeRate": 0.01,
            "rateApplied": 0.02234,
            "riskFreeRateFloorApplied": true,
            "averageCompoundedRate": 0.025744509552
        },
        {
            "interestPeriodDate": "2020-04-27",
            "interestPeriodDays": 8,
            "publishedRiskFreeRate": 0.03,
            "rateApplied": 0.03,
            "riskFreeRateFloorApplied": false,
            "averageCompoundedRate": 0.026170057006
        },
        {
            "interestPeriodDate": "2020-04-24",
            "interestPeriodDays": 7,
            "publishedRiskFreeRate": 0.03,
            "rateApplied": 0.03,
            "riskFreeRateFloorApplied": false,
            "averageCompoundedRate": 0.025622900940
        },
        {
            "interestPeriodDate": "2020-04-23",
            "interestPeriodDays": 4,
            "publishedRiskFreeRate": 0.01,
            "rateApplied": 0.02234,
            "riskFreeRateFloorApplied": true,
            "averageCompoundedRate": 0.022340020795
        },
        {
            "interestPeriodDate": "2020-04-22",
            "interestPeriodDays": 3,
            "publishedRiskFreeRate": 0.01,
            "rateApplied": 0.02234,
            "riskFreeRateFloorApplied": true,
            "averageCompoundedRate": 0.022340013863
        },
        {
            "interestPeriodDate": "2020-04-21",
            "interestPeriodDays": 2,
            "publishedRiskFreeRate": 0.01,
            "rateApplied": 0.02234,
            "riskFreeRateFloorApplied": true,
            "averageCompoundedRate": 0.022340006932
        },
        {
            "interestPeriodDate": "2020-04-20",
            "interestPeriodDays": 1,
            "publishedRiskFreeRate": 0.02,
            "rateApplied": 0.02234,
            "riskFreeRateFloorApplied": true,
            "averageCompoundedRate": 0.022340000000
        }
    ]
}