{
    "comment": " Computed time : 2021-05-21T06:16:20+00:00. Computed time is the time stamp when the calculation was completed.",
    "lastUpdatedFromSource": "2020-08-05T09:45:12+00:00",
    "legalDisclaimer": "Use subject to New York Fed Terms of Use for Select Rate Data.  New York Fed has no liability for your use.  Refer the following link for more details: https://www.newyorkfed.org/markets/reference-rates-terms-of-use",
    "interestCalculatorCriteria": {
        "initialPrincipalBalance": 10000000,
        "interestPeriodStartDate": "2020-04-26",
        "interestPeriodEndDate": "2020-05-29",
        "riskFreeRate": "ESTR",
        "riskFreeRateFloor": 0.09,
        "allInRateFloor": -0.99,
        "allInRateCap": 0.000005,
        "lookBackDays": 4,
        "lockoutDays": 3,
        "observationPeriodShift": false,
        "spread": -1.224,
        "spreadAdjustment": 0.213,
        "dayCountConvention": "ACT/360",
        "rateRoundingDecimalPoints": 10,
        "paymentRounding": "ACTUAL",
        "principalAmountChanges": [
            {
                "date": "2020-05-19",
                "principalAmountChange": 150000
            },
            {
                "date": "2020-05-29",
                "principalAmountChange": -9000000
            }
        ],
        "showDailyDetails": true,
        "calculateTillDate": "2020-05-29"
    },
    "currencyCode": "EUR",
    "interestSummary": [
        {
            "interestPeriodDate": "2020-05-29",
            "interestPeriodDays": 1,
            "principalBalance": 1150000.00,
            "publishedRiskFreeRate": 0.04,
            "rateApplied": 0.09,
            "riskFreeRateFloorApplied": true,
            "allInRateFloorApplied": false,
            "allInRateCapApplied": false,
            "compoundingFactor": 1.000082503206,
            "dailyCompoundedRate": 0.0900074253,
            "calculatedAllInRate": -0.9209925747,
            "allInRate": -0.9209925747,
            "interestAmount": -29.42,
            "cummulativeInterestAmount": -8510.26
        },
        {
            "interestPeriodDate": "2020-05-28",
            "interestPeriodDays": 1,
            "principalBalance": 10150000.00,
            "publishedRiskFreeRate": 0.04,
            "rateApplied": 0.09,
            "riskFreeRateFloorApplied": true,
            "allInRateFloorApplied": false,
            "allInRateCapApplied": false,
            "compoundingFactor": 1.000080003006,
            "dailyCompoundedRate": 0.0900072003,
            "calculatedAllInRate": -0.9209927997,
            "allInRate": -0.9209927997,
            "interestAmount": -259.67,
            "cummulativeInterestAmount": -8480.84
        },
        {
            "interestPeriodDate": "2020-05-27",
            "interestPeriodDays": 1,
            "principalBalance": 10150000.00,
            "publishedRiskFreeRate": 0.04,
            "rateApplied": 0.09,
            "riskFreeRateFloorApplied": true,
            "allInRateFloorApplied": false,
            "allInRateCapApplied": false,
            "compoundingFactor": 1.000077502813,
            "dailyCompoundedRate": 0.0900069753,
            "calculatedAllInRate": -0.9209930247,
            "allInRate": -0.9209930247,
            "interestAmount": -259.67,
            "cummulativeInterestAmount": -8221.17
        },
        {
            "interestPeriodDate": "2020-05-26",
            "interestPeriodDays": 1,
            "principalBalance": 10150000.00,
            "publishedRiskFreeRate": 0.04,
            "rateApplied": 0.09,
            "riskFreeRateFloorApplied": true,
            "allInRateFloorApplied": false,
            "allInRateCapApplied": false,
            "compoundingFactor": 1.000075002625,
            "dailyCompoundedRate": 0.0900067502,
            "calculatedAllInRate": -0.9209932498,
            "allInRate": -0.9209932498,
            "interestAmount": -259.67,
            "cummulativeInterestAmount": -7961.51
        },
        {
            "interestPeriodDate": "2020-05-22",
            "interestPeriodDays": 4,
            "principalBalance": 10150000.00,
            "publishedRiskFreeRate": 0.04,
            "rateApplied": 0.09,
            "riskFreeRateFloorApplied": true,
            "allInRateFloorApplied": false,
            "allInRateCapApplied": false,
            "compoundingFactor": 1.000065001975,
            "dailyCompoundedRate": 0.0900058502,
            "calculatedAllInRate": -0.9209941498,
            "allInRate": -0.9209941498,
            "interestAmount": -1038.68,
            "cummulativeInterestAmount": -7701.84
        },
        {
            "interestPeriodDate": "2020-05-21",
            "interestPeriodDays": 1,
            "principalBalance": 10150000.00,
            "publishedRiskFreeRate": 0.05,
            "rateApplied": 0.09,
            "riskFreeRateFloorApplied": true,
            "allInRateFloorApplied": false,
            "allInRateCapApplied": false,
            "compoundingFactor": 1.000062501819,
            "dailyCompoundedRate": 0.0900056252,
            "calculatedAllInRate": -0.9209943748,
            "allInRate": -0.9209943748,
            "interestAmount": -259.67,
            "cummulativeInterestAmount": -6663.16
        },
        {
            "interestPeriodDate": "2020-05-20",
            "interestPeriodDays": 1,
            "principalBalance": 10150000.00,
            "publishedRiskFreeRate": 0.02,
            "rateApplied": 0.09,
            "riskFreeRateFloorApplied": true,
            "allInRateFloorApplied": false,
            "allInRateCapApplied": false,
            "compoundingFactor": 1.000060001669,
            "dailyCompoundedRate": 0.0900054002,
            "calculatedAllInRate": -0.9209945998,
            "allInRate": -0.9209945998,
            "interestAmount": -259.67,
            "cummulativeInterestAmount": -6403.49
        },
        {
            "interestPeriodDate": "2020-05-19",
            "interestPeriodDays": 1,
            "principalBalance": 10150000.00,
            "publishedRiskFreeRate": 0.04,
            "rateApplied": 0.09,
            "riskFreeRateFloorApplied": true,
            "allInRateFloorApplied": false,
            "allInRateCapApplied": false,
            "compoundingFactor": 1.000057501525,
            "dailyCompoundedRate": 0.0900051751,
            "calculatedAllInRate": -0.9209948249,
            "allInRate": -0.9209948249,
            "interestAmount": -259.67,
            "cummulativeInterestAmount": -6143.82
        },
        {
            "interestPeriodDate": "2020-05-18",
            "interestPeriodDays": 1,
            "principalBalance": 10000000.00,
            "publishedRiskFreeRate": 0.06,
            "rateApplied": 0.09,
            "riskFreeRateFloorApplied": true,
            "allInRateFloorApplied": false,
            "allInRateCapApplied": false,
            "compoundingFactor": 1.000055001388,
            "dailyCompoundedRate": 0.0900049501,
            "calculatedAllInRate": -0.9209950499,
            "allInRate": -0.9209950499,
            "interestAmount": -255.83,
            "cummulativeInterestAmount": -5884.15
        },
        {
            "interestPeriodDate": "2020-05-15",
            "interestPeriodDays": 3,
            "principalBalance": 10000000.00,
            "publishedRiskFreeRate": 0.06,
            "rateApplied": 0.09,
            "riskFreeRateFloorApplied": true,
            "allInRateFloorApplied": false,
            "allInRateCapApplied": false,
            "compoundingFactor": 1.000047501031,
            "dailyCompoundedRate": 0.0900042751,
            "calculatedAllInRate": -0.9209957249,
            "allInRate": -0.9209957249,
            "interestAmount": -767.50,
            "cummulativeInterestAmount": -5628.32
        },
        {
            "interestPeriodDate": "2020-05-14",
            "interestPeriodDays": 1,
            "principalBalance": 10000000.00,
            "publishedRiskFreeRate": 0.06,
            "rateApplied": 0.09,
            "riskFreeRateFloorApplied": true,
            "allInRateFloorApplied": false,
            "allInRateCapApplied": false,
            "compoundingFactor": 1.000045000919,
            "dailyCompoundedRate": 0.0900040501,
            "calculatedAllInRate": -0.9209959499,
            "allInRate": -0.9209959499,
            "interestAmount": -255.83,
            "cummulativeInterestAmount": -4860.82
        },
        {
            "interestPeriodDate": "2020-05-13",
            "interestPeriodDays": 1,
            "principalBalance": 10000000.00,
            "publishedRiskFreeRate": 0.05,
            "rateApplied": 0.09,
            "riskFreeRateFloorApplied": true,
            "allInRateFloorApplied": false,
            "allInRateCapApplied": false,
            "compoundingFactor": 1.000042500813,
            "dailyCompoundedRate": 0.0900038251,
            "calculatedAllInRate": -0.9209961749,
            "allInRate": -0.9209961749,
            "interestAmount": -255.83,
            "cummulativeInterestAmount": -4604.99
        },
        {
            "interestPeriodDate": "2020-05-12",
            "interestPeriodDays": 1,
            "principalBalance": 10000000.00,
            "publishedRiskFreeRate": 0.05,
            "rateApplied": 0.09,
            "riskFreeRateFloorApplied": true,
            "allInRateFloorApplied": false,
            "allInRateCapApplied": false,
            "compoundingFactor": 1.000040000713,
            "dailyCompoundedRate": 0.0900036001,
            "calculatedAllInRate": -0.9209963999,
            "allInRate": -0.9209963999,
            "interestAmount": -255.83,
            "cummulativeInterestAmount": -4349.16
        },
        {
            "interestPeriodDate": "2020-05-11",
            "interestPeriodDays": 1,
            "principalBalance": 10000000.00,
            "publishedRiskFreeRate": 0.05,
            "rateApplied": 0.09,
            "riskFreeRateFloorApplied": true,
            "allInRateFloorApplied": false,
            "allInRateCapApplied": false,
            "compoundingFactor": 1.000037500619,
            "dailyCompoundedRate": 0.0900033751,
            "calculatedAllInRate": -0.9209966249,
            "allInRate": -0.9209966249,
            "interestAmount": -255.83,
            "cummulativeInterestAmount": -4093.33
        },
        {
            "interestPeriodDate": "2020-05-08",
            "interestPeriodDays": 3,
            "principalBalance": 10000000.00,
            "publishedRiskFreeRate": 0.05,
            "rateApplied": 0.09,
            "riskFreeRateFloorApplied": true,
            "allInRateFloorApplied": false,
            "allInRateCapApplied": false,
            "compoundingFactor": 1.000030000394,
            "dailyCompoundedRate": 0.0900027000,
            "calculatedAllInRate": -0.9209973000,
            "allInRate": -0.9209973000,
            "interestAmount": -767.50,
            "cummulativeInterestAmount": -3837.49
        },
        {
            "interestPeriodDate": "2020-05-07",
            "interestPeriodDays": 1,
            "principalBalance": 10000000.00,
            "publishedRiskFreeRate": 0.03,
            "rateApplied": 0.09,
            "riskFreeRateFloorApplied": true,
            "allInRateFloorApplied": false,
            "allInRateCapApplied": false,
            "compoundingFactor": 1.000027500325,
            "dailyCompoundedRate": 0.0900024750,
            "calculatedAllInRate": -0.9209975250,
            "allInRate": -0.9209975250,
            "interestAmount": -255.83,
            "cummulativeInterestAmount": -3070.00
        },
        {
            "interestPeriodDate": "2020-05-06",
            "interestPeriodDays": 1,
            "principalBalance": 10000000.00,
            "publishedRiskFreeRate": 0.04,
            "rateApplied": 0.09,
            "riskFreeRateFloorApplied": true,
            "allInRateFloorApplied": false,
            "allInRateCapApplied": false,
            "compoundingFactor": 1.000025000263,
            "dailyCompoundedRate": 0.0900022500,
            "calculatedAllInRate": -0.9209977500,
            "allInRate": -0.9209977500,
            "interestAmount": -255.83,
            "cummulativeInterestAmount": -2814.16
        },
        {
            "interestPeriodDate": "2020-05-05",
            "interestPeriodDays": 1,
            "principalBalance": 10000000.00,
            "publishedRiskFreeRate": 0.01,
            "rateApplied": 0.09,
            "riskFreeRateFloorApplied": true,
            "allInRateFloorApplied": false,
            "allInRateCapApplied": false,
            "compoundingFactor": 1.000022500206,
            "dailyCompoundedRate": 0.0900020250,
            "calculatedAllInRate": -0.9209979750,
            "allInRate": -0.9209979750,
            "interestAmount": -255.83,
            "cummulativeInterestAmount": -2558.33
        },
        {
            "interestPeriodDate": "2020-05-04",
            "interestPeriodDays": 1,
            "principalBalance": 10000000.00,
            "publishedRiskFreeRate": 0.01,
            "rateApplied": 0.09,
            "riskFreeRateFloorApplied": true,
            "allInRateFloorApplied": false,
            "allInRateCapApplied": false,
            "compoundingFactor": 1.000020000156,
            "dailyCompoundedRate": 0.0900018000,
            "calculatedAllInRate": -0.9209982000,
            "allInRate": -0.9209982000,
            "interestAmount": -255.83,
            "cummulativeInterestAmount": -2302.50
        },
        {
            "interestPeriodDate": "2020-05-01",
            "interestPeriodDays": 3,
            "principalBalance": 10000000.00,
            "publishedRiskFreeRate": 0.03,
            "rateApplied": 0.09,
            "riskFreeRateFloorApplied": true,
            "allInRateFloorApplied": false,
            "allInRateCapApplied": false,
            "compoundingFactor": 1.000012500063,
            "dailyCompoundedRate": 0.0900011250,
            "calculatedAllInRate": -0.9209988750,
            "allInRate": -0.9209988750,
            "interestAmount": -767.50,
            "cummulativeInterestAmount": -2046.67
        },
        {
            "interestPeriodDate": "2020-04-30",
            "interestPeriodDays": 1,
            "principalBalance": 10000000.00,
            "publishedRiskFreeRate": 0.03,
            "rateApplied": 0.09,
            "riskFreeRateFloorApplied": true,
            "allInRateFloorApplied": false,
            "allInRateCapApplied": false,
            "compoundingFactor": 1.000010000038,
            "dailyCompoundedRate": 0.0900009000,
            "calculatedAllInRate": -0.9209991000,
            "allInRate": -0.9209991000,
            "interestAmount": -255.83,
            "cummulativeInterestAmount": -1279.17
        },
        {
            "interestPeriodDate": "2020-04-29",
            "interestPeriodDays": 1,
            "principalBalance": 10000000.00,
            "publishedRiskFreeRate": 0.01,
            "rateApplied": 0.09,
            "riskFreeRateFloorApplied": true,
            "allInRateFloorApplied": false,
            "allInRateCapApplied": false,
            "compoundingFactor": 1.000007500019,
            "dailyCompoundedRate": 0.0900006750,
            "calculatedAllInRate": -0.9209993250,
            "allInRate": -0.9209993250,
            "interestAmount": -255.83,
            "cummulativeInterestAmount": -1023.33
        },
        {
            "interestPeriodDate": "2020-04-28",
            "interestPeriodDays": 1,
            "principalBalance": 10000000.00,
            "publishedRiskFreeRate": 0.01,
            "rateApplied": 0.09,
            "riskFreeRateFloorApplied": true,
            "allInRateFloorApplied": false,
            "allInRateCapApplied": false,
            "compoundingFactor": 1.000005000006,
            "dailyCompoundedRate": 0.0900004500,
            "calculatedAllInRate": -0.9209995500,
            "allInRate": -0.9209995500,
            "interestAmount": -255.83,
            "cummulativeInterestAmount": -767.50
        },
        {
            "interestPeriodDate": "2020-04-27",
            "interestPeriodDays": 1,
            "principalBalance": 10000000.00,
            "publishedRiskFreeRate": 0.01,
            "rateApplied": 0.09,
            "riskFreeRateFloorApplied": true,
            "allInRateFloorApplied": false,
            "allInRateCapApplied": false,
            "compoundingFactor": 1.000002500000,
            "dailyCompoundedRate": 0.0900002250,
            "calculatedAllInRate": -0.9209997750,
            "allInRate": -0.9209997750,
            "interestAmount": -255.83,
            "cummulativeInterestAmount": -511.67
        },
        {
            "interestPeriodDate": "2020-04-26",
            "interestPeriodDays": 1,
            "principalBalance": 10000000.00,
            "publishedRiskFreeRate": 0.01,
            "rateApplied": 0.09,
            "riskFreeRateFloorApplied": true,
            "allInRateFloorApplied": false,
            "allInRateCapApplied": false,
            "compoundingFactor": 1.000000000000,
            "dailyCompoundedRate": 0.0900000000,
            "calculatedAllInRate": -0.9210000000,
            "allInRate": -0.9210000000,
            "interestAmount": -255.83,
            "cummulativeInterestAmount": -255.83
        }
    ]
}