{
    "comment": " Computed time : 2021-02-04T04:27:03+00:00. Computed time is the time stamp when the calculation was completed.",
    "lastUpdatedFromSource": "2020-08-05T09:45:12+00:00",
    "legalDisclaimer": "Use subject to New York Fed Terms of Use for Select Rate Data.  New York Fed has no liability for your use.  Refer the following link for more details: https://www.newyorkfed.org/markets/reference-rates-terms-of-use",
    "interestCalculatorCriteria": {
        "initialPrincipalBalance": 10000000,
        "interestPeriodStartDate": "2020-04-26",
        "interestPeriodEndDate": "2020-05-31",
        "riskFreeRate": "SOFR",
        "riskFreeRateFloor": 0.01,
        "allInRateFloor": -1,
        "allInRateCap": -1,
        "lookBackDays": 4,
        "lockoutDays": 4,
        "spread": -0.11345,
        "spreadAdjustment": -2.345,
        "rateRoundingDecimalPoints": 10,
        "paymentRounding": "ACTUAL",
        "principalAmountChanges": [
            {
                "date": "2020-05-21",
                "principalAmountChange": 150000
            },
            {
                "date": "2020-05-31",
                "principalAmountChange": -10150000
            }
        ],
        "showDailyDetails": true,
        "calculateTillDate": "2020-05-31"
    },
    "currencyCode": "USD",
    "interestSummary": [
        {
            "interestPeriodDate": "2020-05-31",
            "interestPeriodDays": 36,
            "principalBalance": 0.00,
            "publishedRiskFreeRate": 0.04,
            "rateApplied": 0.04,
            "riskFreeRateFloorApplied": false,
            "allInRateFloorApplied": true,
            "allInRateCapApplied": false,
            "averageCompoundedRate": 0.0377784408,
            "calculatedAllInRate": -2.4206715592,
            "allInRate": -1.0000000000,
            "cummulativeInterestAmount": -9763.89
        },
        {
            "interestPeriodDate": "2020-05-29",
            "interestPeriodDays": 35,
            "principalBalance": 10150000.00,
            "publishedRiskFreeRate": 0.04,
            "rateApplied": 0.04,
            "riskFreeRateFloorApplied": false,
            "allInRateFloorApplied": true,
            "allInRateCapApplied": false,
            "averageCompoundedRate": 0.0377784408,
            "calculatedAllInRate": -2.4206715592,
            "allInRate": -1.0000000000,
            "cummulativeInterestAmount": -9763.89
        },
        {
            "interestPeriodDate": "2020-05-28",
            "interestPeriodDays": 33,
            "principalBalance": 10150000.00,
            "publishedRiskFreeRate": 0.04,
            "rateApplied": 0.04,
            "riskFreeRateFloorApplied": false,
            "allInRateFloorApplied": true,
            "allInRateCapApplied": false,
            "averageCompoundedRate": 0.0375763556,
            "calculatedAllInRate": -2.4208736444,
            "allInRate": -1.0000000000,
            "cummulativeInterestAmount": -9200.00
        },
        {
            "interestPeriodDate": "2020-05-27",
            "interestPeriodDays": 32,
            "principalBalance": 10150000.00,
            "publishedRiskFreeRate": 0.04,
            "rateApplied": 0.04,
            "riskFreeRateFloorApplied": false,
            "allInRateFloorApplied": true,
            "allInRateCapApplied": false,
            "averageCompoundedRate": 0.0375005751,
            "calculatedAllInRate": -2.4209494249,
            "allInRate": -1.0000000000,
            "cummulativeInterestAmount": -8918.06
        },
        {
            "interestPeriodDate": "2020-05-26",
            "interestPeriodDays": 31,
            "principalBalance": 10150000.00,
            "publishedRiskFreeRate": 0.04,
            "rateApplied": 0.04,
            "riskFreeRateFloorApplied": false,
            "allInRateFloorApplied": true,
            "allInRateCapApplied": false,
            "averageCompoundedRate": 0.0374199069,
            "calculatedAllInRate": -2.4210300931,
            "allInRate": -1.0000000000,
            "cummulativeInterestAmount": -8636.11
        },
        {
            "interestPeriodDate": "2020-05-22",
            "interestPeriodDays": 30,
            "principalBalance": 10150000.00,
            "publishedRiskFreeRate": 0.04,
            "rateApplied": 0.04,
            "riskFreeRateFloorApplied": false,
            "allInRateFloorApplied": true,
            "allInRateCapApplied": false,
            "averageCompoundedRate": 0.0373338623,
            "calculatedAllInRate": -2.4211161377,
            "allInRate": -1.0000000000,
            "cummulativeInterestAmount": -8354.17
        },
        {
            "interestPeriodDate": "2020-05-21",
            "interestPeriodDays": 26,
            "principalBalance": 10150000.00,
            "publishedRiskFreeRate": 0.05,
            "rateApplied": 0.05,
            "riskFreeRateFloorApplied": false,
            "allInRateFloorApplied": true,
            "allInRateCapApplied": false,
            "averageCompoundedRate": 0.0369235232,
            "calculatedAllInRate": -2.4215264768,
            "allInRate": -1.0000000000,
            "cummulativeInterestAmount": -7226.39
        },
        {
            "interestPeriodDate": "2020-05-20",
            "interestPeriodDays": 25,
            "principalBalance": 10000000.00,
            "publishedRiskFreeRate": 0.02,
            "rateApplied": 0.02,
            "riskFreeRateFloorApplied": false,
            "allInRateFloorApplied": true,
            "allInRateCapApplied": false,
            "averageCompoundedRate": 0.0364004136,
            "calculatedAllInRate": -2.4220495864,
            "allInRate": -1.0000000000,
            "cummulativeInterestAmount": -6944.44
        },
        {
            "interestPeriodDate": "2020-05-19",
            "interestPeriodDays": 24,
            "principalBalance": 10000000.00,
            "publishedRiskFreeRate": 0.04,
            "rateApplied": 0.04,
            "riskFreeRateFloorApplied": false,
            "allInRateFloorApplied": true,
            "allInRateCapApplied": false,
            "averageCompoundedRate": 0.0370837435,
            "calculatedAllInRate": -2.4213662565,
            "allInRate": -1.0000000000,
            "cummulativeInterestAmount": -6666.67
        },
        {
            "interestPeriodDate": "2020-05-18",
            "interestPeriodDays": 23,
            "principalBalance": 10000000.00,
            "publishedRiskFreeRate": 0.06,
            "rateApplied": 0.06,
            "riskFreeRateFloorApplied": false,
            "allInRateFloorApplied": true,
            "allInRateCapApplied": false,
            "averageCompoundedRate": 0.0369569087,
            "calculatedAllInRate": -2.4214930913,
            "allInRate": -1.0000000000,
            "cummulativeInterestAmount": -6388.89
        },
        {
            "interestPeriodDate": "2020-05-15",
            "interestPeriodDays": 22,
            "principalBalance": 10000000.00,
            "publishedRiskFreeRate": 0.06,
            "rateApplied": 0.06,
            "riskFreeRateFloorApplied": false,
            "allInRateFloorApplied": true,
            "allInRateCapApplied": false,
            "averageCompoundedRate": 0.0359094356,
            "calculatedAllInRate": -2.4225405644,
            "allInRate": -1.0000000000,
            "cummulativeInterestAmount": -6111.11
        },
        {
            "interestPeriodDate": "2020-05-14",
            "interestPeriodDays": 19,
            "principalBalance": 10000000.00,
            "publishedRiskFreeRate": 0.06,
            "rateApplied": 0.06,
            "riskFreeRateFloorApplied": false,
            "allInRateFloorApplied": true,
            "allInRateCapApplied": false,
            "averageCompoundedRate": 0.0321055018,
            "calculatedAllInRate": -2.4263444982,
            "allInRate": -1.0000000000,
            "cummulativeInterestAmount": -5277.78
        },
        {
            "interestPeriodDate": "2020-05-13",
            "interestPeriodDays": 18,
            "principalBalance": 10000000.00,
            "publishedRiskFreeRate": 0.05,
            "rateApplied": 0.05,
            "riskFreeRateFloorApplied": false,
            "allInRateFloorApplied": true,
            "allInRateCapApplied": false,
            "averageCompoundedRate": 0.0305557565,
            "calculatedAllInRate": -2.4278942435,
            "allInRate": -1.0000000000,
            "cummulativeInterestAmount": -5000.00
        },
        {
            "interestPeriodDate": "2020-05-12",
            "interestPeriodDays": 17,
            "principalBalance": 10000000.00,
            "publishedRiskFreeRate": 0.05,
            "rateApplied": 0.05,
            "riskFreeRateFloorApplied": false,
            "allInRateFloorApplied": true,
            "allInRateCapApplied": false,
            "averageCompoundedRate": 0.0294119366,
            "calculatedAllInRate": -2.4290380634,
            "allInRate": -1.0000000000,
            "cummulativeInterestAmount": -4722.22
        },
        {
            "interestPeriodDate": "2020-05-11",
            "interestPeriodDays": 16,
            "principalBalance": 10000000.00,
            "publishedRiskFreeRate": 0.05,
            "rateApplied": 0.05,
            "riskFreeRateFloorApplied": false,
            "allInRateFloorApplied": true,
            "allInRateCapApplied": false,
            "averageCompoundedRate": 0.0281251436,
            "calculatedAllInRate": -2.4303248564,
            "allInRate": -1.0000000000,
            "cummulativeInterestAmount": -4444.44
        },
        {
            "interestPeriodDate": "2020-05-08",
            "interestPeriodDays": 15,
            "principalBalance": 10000000.00,
            "publishedRiskFreeRate": 0.05,
            "rateApplied": 0.05,
            "riskFreeRateFloorApplied": false,
            "allInRateFloorApplied": true,
            "allInRateCapApplied": false,
            "averageCompoundedRate": 0.0266667828,
            "calculatedAllInRate": -2.4317832172,
            "allInRate": -1.0000000000,
            "cummulativeInterestAmount": -4166.67
        },
        {
            "interestPeriodDate": "2020-05-07",
            "interestPeriodDays": 12,
            "principalBalance": 10000000.00,
            "publishedRiskFreeRate": 0.03,
            "rateApplied": 0.03,
            "riskFreeRateFloorApplied": false,
            "allInRateFloorApplied": true,
            "allInRateCapApplied": false,
            "averageCompoundedRate": 0.0208333917,
            "calculatedAllInRate": -2.4376166083,
            "allInRate": -1.0000000000,
            "cummulativeInterestAmount": -3333.33
        },
        {
            "interestPeriodDate": "2020-05-06",
            "interestPeriodDays": 11,
            "principalBalance": 10000000.00,
            "publishedRiskFreeRate": 0.04,
            "rateApplied": 0.04,
            "riskFreeRateFloorApplied": false,
            "allInRateFloorApplied": true,
            "allInRateCapApplied": false,
            "averageCompoundedRate": 0.0200000470,
            "calculatedAllInRate": -2.4384499530,
            "allInRate": -1.0000000000,
            "cummulativeInterestAmount": -3055.56
        },
        {
            "interestPeriodDate": "2020-05-05",
            "interestPeriodDays": 10,
            "principalBalance": 10000000.00,
            "publishedRiskFreeRate": 0.01,
            "rateApplied": 0.01,
            "riskFreeRateFloorApplied": false,
            "allInRateFloorApplied": true,
            "allInRateCapApplied": false,
            "averageCompoundedRate": 0.0180000317,
            "calculatedAllInRate": -2.4404499683,
            "allInRate": -1.0000000000,
            "cummulativeInterestAmount": -2777.78
        },
        {
            "interestPeriodDate": "2020-05-04",
            "interestPeriodDays": 9,
            "principalBalance": 10000000.00,
            "publishedRiskFreeRate": 0.01,
            "rateApplied": 0.01,
            "riskFreeRateFloorApplied": false,
            "allInRateFloorApplied": true,
            "allInRateCapApplied": false,
            "averageCompoundedRate": 0.0188889188,
            "calculatedAllInRate": -2.4395610812,
            "allInRate": -1.0000000000,
            "cummulativeInterestAmount": -2500.00
        },
        {
            "interestPeriodDate": "2020-05-01",
            "interestPeriodDays": 8,
            "principalBalance": 10000000.00,
            "publishedRiskFreeRate": 0.03,
            "rateApplied": 0.03,
            "riskFreeRateFloorApplied": false,
            "allInRateFloorApplied": true,
            "allInRateCapApplied": false,
            "averageCompoundedRate": 0.0200000281,
            "calculatedAllInRate": -2.4384499719,
            "allInRate": -1.0000000000,
            "cummulativeInterestAmount": -2222.22
        },
        {
            "interestPeriodDate": "2020-04-30",
            "interestPeriodDays": 5,
            "principalBalance": 10000000.00,
            "publishedRiskFreeRate": 0.03,
            "rateApplied": 0.03,
            "riskFreeRateFloorApplied": false,
            "allInRateFloorApplied": true,
            "allInRateCapApplied": false,
            "averageCompoundedRate": 0.0140000100,
            "calculatedAllInRate": -2.4444499900,
            "allInRate": -1.0000000000,
            "cummulativeInterestAmount": -1388.89
        },
        {
            "interestPeriodDate": "2020-04-29",
            "interestPeriodDays": 4,
            "principalBalance": 10000000.00,
            "publishedRiskFreeRate": 0.01,
            "rateApplied": 0.01,
            "riskFreeRateFloorApplied": false,
            "allInRateFloorApplied": true,
            "allInRateCapApplied": false,
            "averageCompoundedRate": 0.0100000042,
            "calculatedAllInRate": -2.4484499958,
            "allInRate": -1.0000000000,
            "cummulativeInterestAmount": -1111.11
        },
        {
            "interestPeriodDate": "2020-04-28",
            "interestPeriodDays": 3,
            "principalBalance": 10000000.00,
            "publishedRiskFreeRate": 0.01,
            "rateApplied": 0.01,
            "riskFreeRateFloorApplied": false,
            "allInRateFloorApplied": true,
            "allInRateCapApplied": false,
            "averageCompoundedRate": 0.0100000028,
            "calculatedAllInRate": -2.4484499972,
            "allInRate": -1.0000000000,
            "cummulativeInterestAmount": -833.33
        },
        {
            "interestPeriodDate": "2020-04-27",
            "interestPeriodDays": 2,
            "principalBalance": 10000000.00,
            "publishedRiskFreeRate": 0.01,
            "rateApplied": 0.01,
            "riskFreeRateFloorApplied": false,
            "allInRateFloorApplied": true,
            "allInRateCapApplied": false,
            "averageCompoundedRate": 0.0100000014,
            "calculatedAllInRate": -2.4484499986,
            "allInRate": -1.0000000000,
            "cummulativeInterestAmount": -555.56
        },
        {
            "interestPeriodDate": "2020-04-26",
            "interestPeriodDays": 1,
            "principalBalance": 10000000.00,
            "publishedRiskFreeRate": 0.01,
            "rateApplied": 0.01,
            "riskFreeRateFloorApplied": false,
            "allInRateFloorApplied": true,
            "allInRateCapApplied": false,
            "averageCompoundedRate": 0.0100000000,
            "calculatedAllInRate": -2.4484500000,
            "allInRate": -1.0000000000,
            "cummulativeInterestAmount": -277.78
        }
    ]
}