{
    "title": "PRINC_CHANGE_BEFORE_START",
    "message": "Principal change date cannot be before interestPeriodStartDate",
    "status": 400
}