{
    "comment": " Computed time : 2021-03-04T05:44:02+00:00. Computed time is the time stamp when the calculation was completed.",
    "lastUpdatedFromSource": "2020-08-05T09:45:12+00:00",
    "legalDisclaimer": "Use subject to New York Fed Terms of Use for Select Rate Data.  New York Fed has no liability for your use.  Refer the following link for more details: https://www.newyorkfed.org/markets/reference-rates-terms-of-use",
    "interestCalculatorCriteria": {
        "initialPrincipalBalance": 1000000000,
        "interestPeriodStartDate": "2020-05-02",
        "interestPeriodEndDate": "2020-06-01",
        "riskFreeRate": "SOFR",
        "lookBackDays": 0,
        "lockoutDays": 8,
        "spread": 1.23455,
        "spreadAdjustment": 0,
        "dayCountConvention": "ACT/360",
        "rateRoundingDecimalPoints": 9,
        "legacyRiskFreeRateFloor": 0.456678,
        "principalAmountChanges": [
            {
                "date": "2020-05-02",
                "principalAmountChange": -100000000
            },
            {
                "date": "2020-05-15",
                "principalAmountChange": 7566.99
            },
            {
                "date": "2020-06-01",
                "principalAmountChange": -900007566.99
            }
        ],
        "showDailyDetails": true,
        "calculateTillDate": "2020-05-18"
    },
    "currencyCode": "USD",
    "interestSummary": [
        {
            "interestPeriodDate": "2020-06-01",
            "interestPeriodDays": 31,
            "principalBalance": 0.00,
            "publishedRiskFreeRate": 0.04,
            "rateApplied": 0.456678,
            "riskFreeRateFloorApplied": false,
            "derivedRiskFreeRateFloor": 0.456678,
            "derivedRiskFreeRateFloorApplied": true,
            "simpleAverageRate": 0.456678000,
            "allInRate": 1.691228000,
            "cummulativeInterestAmount": 1268427.04
        },
        {
            "interestPeriodDate": "2020-05-29",
            "interestPeriodDays": 30,
            "principalBalance": 900007566.99,
            "publishedRiskFreeRate": 0.04,
            "rateApplied": 0.456678,
            "riskFreeRateFloorApplied": false,
            "derivedRiskFreeRateFloor": 0.456678,
            "derivedRiskFreeRateFloorApplied": true,
            "simpleAverageRate": 0.456678000,
            "allInRate": 1.691228000,
            "cummulativeInterestAmount": 1268427.04
        },
        {
            "interestPeriodDate": "2020-05-28",
            "interestPeriodDays": 27,
            "principalBalance": 900007566.99,
            "publishedRiskFreeRate": 0.04,
            "rateApplied": 0.456678,
            "riskFreeRateFloorApplied": false,
            "derivedRiskFreeRateFloor": 0.456678,
            "derivedRiskFreeRateFloorApplied": true,
            "simpleAverageRate": 0.456678000,
            "allInRate": 1.691228000,
            "cummulativeInterestAmount": 1141583.88
        },
        {
            "interestPeriodDate": "2020-05-27",
            "interestPeriodDays": 26,
            "principalBalance": 900007566.99,
            "publishedRiskFreeRate": 0.04,
            "rateApplied": 0.456678,
            "riskFreeRateFloorApplied": false,
            "derivedRiskFreeRateFloor": 0.456678,
            "derivedRiskFreeRateFloorApplied": true,
            "simpleAverageRate": 0.456678000,
            "allInRate": 1.691228000,
            "cummulativeInterestAmount": 1099302.82
        },
        {
            "interestPeriodDate": "2020-05-26",
            "interestPeriodDays": 25,
            "principalBalance": 900007566.99,
            "publishedRiskFreeRate": 0.04,
            "rateApplied": 0.456678,
            "riskFreeRateFloorApplied": false,
            "derivedRiskFreeRateFloor": 0.456678,
            "derivedRiskFreeRateFloorApplied": true,
            "simpleAverageRate": 0.456678000,
            "allInRate": 1.691228000,
            "cummulativeInterestAmount": 1057021.77
        },
        {
            "interestPeriodDate": "2020-05-22",
            "interestPeriodDays": 24,
            "principalBalance": 900007566.99,
            "publishedRiskFreeRate": 0.04,
            "rateApplied": 0.456678,
            "riskFreeRateFloorApplied": false,
            "derivedRiskFreeRateFloor": 0.456678,
            "derivedRiskFreeRateFloorApplied": true,
            "simpleAverageRate": 0.456678000,
            "allInRate": 1.691228000,
            "cummulativeInterestAmount": 1014740.71
        },
        {
            "interestPeriodDate": "2020-05-21",
            "interestPeriodDays": 20,
            "principalBalance": 900007566.99,
            "publishedRiskFreeRate": 0.04,
            "rateApplied": 0.456678,
            "riskFreeRateFloorApplied": false,
            "derivedRiskFreeRateFloor": 0.456678,
            "derivedRiskFreeRateFloorApplied": true,
            "simpleAverageRate": 0.456678000,
            "allInRate": 1.691228000,
            "cummulativeInterestAmount": 845616.49
        },
        {
            "interestPeriodDate": "2020-05-20",
            "interestPeriodDays": 19,
            "principalBalance": 900007566.99,
            "publishedRiskFreeRate": 0.04,
            "rateApplied": 0.456678,
            "riskFreeRateFloorApplied": false,
            "derivedRiskFreeRateFloor": 0.456678,
            "derivedRiskFreeRateFloorApplied": true,
            "simpleAverageRate": 0.456678000,
            "allInRate": 1.691228000,
            "cummulativeInterestAmount": 803335.43
        },
        {
            "interestPeriodDate": "2020-05-19",
            "interestPeriodDays": 18,
            "principalBalance": 900007566.99,
            "publishedRiskFreeRate": 0.04,
            "rateApplied": 0.456678,
            "riskFreeRateFloorApplied": false,
            "derivedRiskFreeRateFloor": 0.456678,
            "derivedRiskFreeRateFloorApplied": true,
            "simpleAverageRate": 0.456678000,
            "allInRate": 1.691228000,
            "cummulativeInterestAmount": 761054.38
        },
        {
            "interestPeriodDate": "2020-05-18",
            "interestPeriodDays": 17,
            "principalBalance": 900007566.99,
            "publishedRiskFreeRate": 0.04,
            "rateApplied": 0.456678,
            "riskFreeRateFloorApplied": false,
            "derivedRiskFreeRateFloor": 0.456678,
            "derivedRiskFreeRateFloorApplied": true,
            "simpleAverageRate": 0.456678000,
            "allInRate": 1.691228000,
            "cummulativeInterestAmount": 718773.32
        },
        {
            "interestPeriodDate": "2020-05-15",
            "interestPeriodDays": 16,
            "principalBalance": 900007566.99,
            "publishedRiskFreeRate": 0.05,
            "rateApplied": 0.456678,
            "riskFreeRateFloorApplied": false,
            "derivedRiskFreeRateFloor": 0.456678,
            "derivedRiskFreeRateFloorApplied": true,
            "simpleAverageRate": 0.456678000,
            "allInRate": 1.691228000,
            "cummulativeInterestAmount": 676492.27
        },
        {
            "interestPeriodDate": "2020-05-14",
            "interestPeriodDays": 13,
            "principalBalance": 900000000.00,
            "publishedRiskFreeRate": 0.02,
            "rateApplied": 0.456678,
            "riskFreeRateFloorApplied": false,
            "derivedRiskFreeRateFloor": 0.456678,
            "derivedRiskFreeRateFloorApplied": true,
            "simpleAverageRate": 0.456678000,
            "allInRate": 1.691228000,
            "cummulativeInterestAmount": 549649.10
        },
        {
            "interestPeriodDate": "2020-05-13",
            "interestPeriodDays": 12,
            "principalBalance": 900000000.00,
            "publishedRiskFreeRate": 0.04,
            "rateApplied": 0.456678,
            "riskFreeRateFloorApplied": false,
            "derivedRiskFreeRateFloor": 0.456678,
            "derivedRiskFreeRateFloorApplied": true,
            "simpleAverageRate": 0.456678000,
            "allInRate": 1.691228000,
            "cummulativeInterestAmount": 507368.40
        },
        {
            "interestPeriodDate": "2020-05-12",
            "interestPeriodDays": 11,
            "principalBalance": 900000000.00,
            "publishedRiskFreeRate": 0.06,
            "rateApplied": 0.456678,
            "riskFreeRateFloorApplied": false,
            "derivedRiskFreeRateFloor": 0.456678,
            "derivedRiskFreeRateFloorApplied": true,
            "simpleAverageRate": 0.456678000,
            "allInRate": 1.691228000,
            "cummulativeInterestAmount": 465087.70
        },
        {
            "interestPeriodDate": "2020-05-11",
            "interestPeriodDays": 10,
            "principalBalance": 900000000.00,
            "publishedRiskFreeRate": 0.06,
            "rateApplied": 0.456678,
            "riskFreeRateFloorApplied": false,
            "derivedRiskFreeRateFloor": 0.456678,
            "derivedRiskFreeRateFloorApplied": true,
            "simpleAverageRate": 0.456678000,
            "allInRate": 1.691228000,
            "cummulativeInterestAmount": 422807.00
        },
        {
            "interestPeriodDate": "2020-05-08",
            "interestPeriodDays": 9,
            "principalBalance": 900000000.00,
            "publishedRiskFreeRate": 0.06,
            "rateApplied": 0.456678,
            "riskFreeRateFloorApplied": false,
            "derivedRiskFreeRateFloor": 0.456678,
            "derivedRiskFreeRateFloorApplied": true,
            "simpleAverageRate": 0.456678000,
            "allInRate": 1.691228000,
            "cummulativeInterestAmount": 380526.30
        },
        {
            "interestPeriodDate": "2020-05-07",
            "interestPeriodDays": 6,
            "principalBalance": 900000000.00,
            "publishedRiskFreeRate": 0.05,
            "rateApplied": 0.456678,
            "riskFreeRateFloorApplied": false,
            "derivedRiskFreeRateFloor": 0.456678,
            "derivedRiskFreeRateFloorApplied": true,
            "simpleAverageRate": 0.456678000,
            "allInRate": 1.691228000,
            "cummulativeInterestAmount": 253684.20
        },
        {
            "interestPeriodDate": "2020-05-06",
            "interestPeriodDays": 5,
            "principalBalance": 900000000.00,
            "publishedRiskFreeRate": 0.05,
            "rateApplied": 0.456678,
            "riskFreeRateFloorApplied": false,
            "derivedRiskFreeRateFloor": 0.456678,
            "derivedRiskFreeRateFloorApplied": true,
            "simpleAverageRate": 0.456678000,
            "allInRate": 1.691228000,
            "cummulativeInterestAmount": 211403.50
        },
        {
            "interestPeriodDate": "2020-05-05",
            "interestPeriodDays": 4,
            "principalBalance": 900000000.00,
            "publishedRiskFreeRate": 0.05,
            "rateApplied": 0.456678,
            "riskFreeRateFloorApplied": false,
            "derivedRiskFreeRateFloor": 0.456678,
            "derivedRiskFreeRateFloorApplied": true,
            "simpleAverageRate": 0.456678000,
            "allInRate": 1.691228000,
            "cummulativeInterestAmount": 169122.80
        },
        {
            "interestPeriodDate": "2020-05-04",
            "interestPeriodDays": 3,
            "principalBalance": 900000000.00,
            "publishedRiskFreeRate": 0.05,
            "rateApplied": 0.456678,
            "riskFreeRateFloorApplied": false,
            "derivedRiskFreeRateFloor": 0.456678,
            "derivedRiskFreeRateFloorApplied": true,
            "simpleAverageRate": 0.456678000,
            "allInRate": 1.691228000,
            "cummulativeInterestAmount": 126842.10
        },
        {
            "interestPeriodDate": "2020-05-02",
            "interestPeriodDays": 2,
            "principalBalance": 900000000.00,
            "publishedRiskFreeRate": 0.03,
            "rateApplied": 0.456678,
            "riskFreeRateFloorApplied": false,
            "derivedRiskFreeRateFloor": 0.456678,
            "derivedRiskFreeRateFloorApplied": true,
            "simpleAverageRate": 0.456678000,
            "allInRate": 1.691228000,
            "cummulativeInterestAmount": 84561.40
        }
    ]
}