{
    "comment": " Computed time : 2021-02-04T04:16:00+00:00. Computed time is the time stamp when the calculation was completed.",
    "lastUpdatedFromSource": "2020-08-05T09:45:12+00:00",
    "legalDisclaimer": "Use subject to New York Fed Terms of Use for Select Rate Data.  New York Fed has no liability for your use.  Refer the following link for more details: https://www.newyorkfed.org/markets/reference-rates-terms-of-use",
    "interestCalculatorCriteria": {
        "initialPrincipalBalance": 10000000,
        "interestPeriodStartDate": "2020-04-20",
        "interestPeriodEndDate": "2020-05-23",
        "riskFreeRate": "ESTR",
        "riskFreeRateFloor": 0.02234,
        "allInRateFloor": 1.5,
        "allInRateCap": 2.05,
        "lookBackDays": 0,
        "lockoutDays": 2,
        "spread": 1.95,
        "spreadAdjustment": -0.4445,
        "dayCountConvention": "ACT/365",
        "rateRoundingDecimalPoints": 10,
        "paymentRounding": "UP",
        "principalAmountChanges": [
            {
                "date": "2020-05-01",
                "principalAmountChange": 150000
            },
            {
                "date": "2020-05-15",
                "principalAmountChange": -10000000
            },
            {
                "date": "2020-05-16",
                "principalAmountChange": 150000
            }
        ],
        "showDailyDetails": true,
        "calculateTillDate": "2020-05-15"
    },
    "currencyCode": "EUR",
    "interestSummary": [
        {
            "interestPeriodDate": "2020-05-15",
            "interestPeriodDays": 28,
            "principalBalance": 150000.00,
            "publishedRiskFreeRate": 0.05,
            "rateApplied": 0.05,
            "riskFreeRateFloorApplied": false,
            "allInRateFloorApplied": false,
            "allInRateCapApplied": false,
            "averageCompoundedRate": 0.0391569697,
            "calculatedAllInRate": 1.5446569697,
            "allInRate": 1.5446569697,
            "cummulativeInterestAmount": 10675.07
        },
        {
            "interestPeriodDate": "2020-05-14",
            "interestPeriodDays": 25,
            "principalBalance": 10150000.00,
            "publishedRiskFreeRate": 0.02,
            "rateApplied": 0.02234,
            "riskFreeRateFloorApplied": true,
            "allInRateFloorApplied": false,
            "allInRateCapApplied": false,
            "averageCompoundedRate": 0.0378556505,
            "calculatedAllInRate": 1.5433556505,
            "allInRate": 1.5433556505,
            "cummulativeInterestAmount": 10659.73
        },
        {
            "interestPeriodDate": "2020-05-13",
            "interestPeriodDays": 24,
            "principalBalance": 10150000.00,
            "publishedRiskFreeRate": 0.04,
            "rateApplied": 0.04,
            "riskFreeRateFloorApplied": false,
            "allInRateFloorApplied": false,
            "allInRateCapApplied": false,
            "averageCompoundedRate": 0.0385021124,
            "calculatedAllInRate": 1.5440021124,
            "allInRate": 1.5440021124,
            "cummulativeInterestAmount": 10234.84
        },
        {
            "interestPeriodDate": "2020-05-12",
            "interestPeriodDays": 23,
            "principalBalance": 10150000.00,
            "publishedRiskFreeRate": 0.06,
            "rateApplied": 0.06,
            "riskFreeRateFloorApplied": false,
            "allInRateFloorApplied": false,
            "allInRateCapApplied": false,
            "averageCompoundedRate": 0.0384369448,
            "calculatedAllInRate": 1.5439369448,
            "allInRate": 1.5439369448,
            "cummulativeInterestAmount": 9805.06
        },
        {
            "interestPeriodDate": "2020-05-11",
            "interestPeriodDays": 22,
            "principalBalance": 10150000.00,
            "publishedRiskFreeRate": 0.06,
            "rateApplied": 0.06,
            "riskFreeRateFloorApplied": false,
            "allInRateFloorApplied": false,
            "allInRateCapApplied": false,
            "averageCompoundedRate": 0.0374567443,
            "calculatedAllInRate": 1.5429567443,
            "allInRate": 1.5429567443,
            "cummulativeInterestAmount": 9369.77
        },
        {
            "interestPeriodDate": "2020-05-08",
            "interestPeriodDays": 21,
            "principalBalance": 10150000.00,
            "publishedRiskFreeRate": 0.06,
            "rateApplied": 0.06,
            "riskFreeRateFloorApplied": false,
            "allInRateFloorApplied": false,
            "allInRateCapApplied": false,
            "averageCompoundedRate": 0.0363831961,
            "calculatedAllInRate": 1.5418831961,
            "allInRate": 1.5418831961,
            "cummulativeInterestAmount": 8934.48
        },
        {
            "interestPeriodDate": "2020-05-07",
            "interestPeriodDays": 18,
            "principalBalance": 10150000.00,
            "publishedRiskFreeRate": 0.05,
            "rateApplied": 0.05,
            "riskFreeRateFloorApplied": false,
            "allInRateFloorApplied": false,
            "allInRateCapApplied": false,
            "averageCompoundedRate": 0.0324469021,
            "calculatedAllInRate": 1.5379469021,
            "allInRate": 1.5379469021,
            "cummulativeInterestAmount": 7628.64
        },
        {
            "interestPeriodDate": "2020-05-06",
            "interestPeriodDays": 17,
            "principalBalance": 10150000.00,
            "publishedRiskFreeRate": 0.05,
            "rateApplied": 0.05,
            "riskFreeRateFloorApplied": false,
            "allInRateFloorApplied": false,
            "allInRateCapApplied": false,
            "averageCompoundedRate": 0.0314143239,
            "calculatedAllInRate": 1.5369143239,
            "allInRate": 1.5369143239,
            "cummulativeInterestAmount": 7196.13
        },
        {
            "interestPeriodDate": "2020-05-05",
            "interestPeriodDays": 16,
            "principalBalance": 10150000.00,
            "publishedRiskFreeRate": 0.05,
            "rateApplied": 0.05,
            "riskFreeRateFloorApplied": false,
            "allInRateFloorApplied": false,
            "allInRateCapApplied": false,
            "averageCompoundedRate": 0.0302526777,
            "calculatedAllInRate": 1.5357526777,
            "allInRate": 1.5357526777,
            "cummulativeInterestAmount": 6763.63
        },
        {
            "interestPeriodDate": "2020-05-04",
            "interestPeriodDays": 15,
            "principalBalance": 10150000.00,
            "publishedRiskFreeRate": 0.05,
            "rateApplied": 0.05,
            "riskFreeRateFloorApplied": false,
            "allInRateFloorApplied": false,
            "allInRateCapApplied": false,
            "averageCompoundedRate": 0.0289361500,
            "calculatedAllInRate": 1.5344361500,
            "allInRate": 1.5344361500,
            "cummulativeInterestAmount": 6331.13
        },
        {
            "interestPeriodDate": "2020-05-01",
            "interestPeriodDays": 14,
            "principalBalance": 10150000.00,
            "publishedRiskFreeRate": 0.03,
            "rateApplied": 0.03,
            "riskFreeRateFloorApplied": false,
            "allInRateFloorApplied": false,
            "allInRateCapApplied": false,
            "averageCompoundedRate": 0.0274315517,
            "calculatedAllInRate": 1.5329315517,
            "allInRate": 1.5329315517,
            "cummulativeInterestAmount": 5898.64
        },
        {
            "interestPeriodDate": "2020-04-30",
            "interestPeriodDays": 11,
            "principalBalance": 10000000.00,
            "publishedRiskFreeRate": 0.04,
            "rateApplied": 0.04,
            "riskFreeRateFloorApplied": false,
            "allInRateFloorApplied": false,
            "allInRateCapApplied": false,
            "averageCompoundedRate": 0.0267309998,
            "calculatedAllInRate": 1.5322309998,
            "allInRate": 1.5322309998,
            "cummulativeInterestAmount": 4617.69
        },
        {
            "interestPeriodDate": "2020-04-29",
            "interestPeriodDays": 10,
            "principalBalance": 10000000.00,
            "publishedRiskFreeRate": 0.01,
            "rateApplied": 0.02234,
            "riskFreeRateFloorApplied": true,
            "allInRateFloorApplied": false,
            "allInRateCapApplied": false,
            "averageCompoundedRate": 0.0254040720,
            "calculatedAllInRate": 1.5309040720,
            "allInRate": 1.5309040720,
            "cummulativeInterestAmount": 4194.26
        },
        {
            "interestPeriodDate": "2020-04-28",
            "interestPeriodDays": 9,
            "principalBalance": 10000000.00,
            "publishedRiskFreeRate": 0.01,
            "rateApplied": 0.02234,
            "riskFreeRateFloorApplied": true,
            "allInRateFloorApplied": false,
            "allInRateCapApplied": false,
            "averageCompoundedRate": 0.0257445087,
            "calculatedAllInRate": 1.5312445087,
            "allInRate": 1.5312445087,
            "cummulativeInterestAmount": 3775.68
        },
        {
            "interestPeriodDate": "2020-04-27",
            "interestPeriodDays": 8,
            "principalBalance": 10000000.00,
            "publishedRiskFreeRate": 0.03,
            "rateApplied": 0.03,
            "riskFreeRateFloorApplied": false,
            "allInRateFloorApplied": false,
            "allInRateCapApplied": false,
            "averageCompoundedRate": 0.0261700562,
            "calculatedAllInRate": 1.5316700562,
            "allInRate": 1.5316700562,
            "cummulativeInterestAmount": 3357.09
        },
        {
            "interestPeriodDate": "2020-04-24",
            "interestPeriodDays": 7,
            "principalBalance": 10000000.00,
            "publishedRiskFreeRate": 0.03,
            "rateApplied": 0.03,
            "riskFreeRateFloorApplied": false,
            "allInRateFloorApplied": false,
            "allInRateCapApplied": false,
            "averageCompoundedRate": 0.0256229003,
            "calculatedAllInRate": 1.5311229003,
            "allInRate": 1.5311229003,
            "cummulativeInterestAmount": 2936.41
        },
        {
            "interestPeriodDate": "2020-04-23",
            "interestPeriodDays": 4,
            "principalBalance": 10000000.00,
            "publishedRiskFreeRate": 0.01,
            "rateApplied": 0.02234,
            "riskFreeRateFloorApplied": true,
            "allInRateFloorApplied": false,
            "allInRateCapApplied": false,
            "averageCompoundedRate": 0.0223400205,
            "calculatedAllInRate": 1.5278400205,
            "allInRate": 1.5278400205,
            "cummulativeInterestAmount": 1674.35
        },
        {
            "interestPeriodDate": "2020-04-22",
            "interestPeriodDays": 3,
            "principalBalance": 10000000.00,
            "publishedRiskFreeRate": 0.01,
            "rateApplied": 0.02234,
            "riskFreeRateFloorApplied": true,
            "allInRateFloorApplied": false,
            "allInRateCapApplied": false,
            "averageCompoundedRate": 0.0223400137,
            "calculatedAllInRate": 1.5278400137,
            "allInRate": 1.5278400137,
            "cummulativeInterestAmount": 1255.76
        },
        {
            "interestPeriodDate": "2020-04-21",
            "interestPeriodDays": 2,
            "principalBalance": 10000000.00,
            "publishedRiskFreeRate": 0.01,
            "rateApplied": 0.02234,
            "riskFreeRateFloorApplied": true,
            "allInRateFloorApplied": false,
            "allInRateCapApplied": false,
            "averageCompoundedRate": 0.0223400068,
            "calculatedAllInRate": 1.5278400068,
            "allInRate": 1.5278400068,
            "cummulativeInterestAmount": 837.18
        },
        {
            "interestPeriodDate": "2020-04-20",
            "interestPeriodDays": 1,
            "principalBalance": 10000000.00,
            "publishedRiskFreeRate": 0.02,
            "rateApplied": 0.02234,
            "riskFreeRateFloorApplied": true,
            "allInRateFloorApplied": false,
            "allInRateCapApplied": false,
            "averageCompoundedRate": 0.0223400000,
            "calculatedAllInRate": 1.5278400000,
            "allInRate": 1.5278400000,
            "cummulativeInterestAmount": 418.59
        }
    ]
}